
> spooky-study-app@1.0.0 test
> vitest --run


[1m[46m RUN [49m[22m [36mv4.0.9 [39m[90mC:/dev/Kiloween[39m

[90mstdout[2m | src/main/ScareController.integration.test.js[2m > [22m[2mScareController Integration Tests[2m > [22m[2mFull Sequence Flow[2m > [22m[2mshould complete full scare sequence from start to question
[22m[39mStarting scare sequence
Transitioning to stage: shake

[90mstdout[2m | src/main/ScareController.integration.test.js[2m > [22m[2mScareController Integration Tests[2m > [22m[2mFull Sequence Flow[2m > [22m[2mshould complete full scare sequence from start to question
[22m[39mStage completed: shake
Transitioning to stage: darken
Stage completed: darken
Transitioning to stage: tunnel
Stage completed: tunnel
Transitioning to stage: jumpscare
Stage completed: jumpscare
Transitioning to stage: question
Showing question: undefined

[90mstdout[2m | src/main/ScareController.integration.test.js[2m > [22m[2mScareController Integration Tests[2m > [22m[2mFull Sequence Flow[2m > [22m[2mshould complete full scare sequence from start to question
[22m[39mDestroying ScareController

[90mstdout[2m | src/main/ScareController.integration.test.js[2m > [22m[2mScareController Integration Tests[2m > [22m[2mFull Sequence Flow[2m > [22m[2mshould send correct IPC messages for each stage
[22m[39mStarting scare sequence
Transitioning to stage: shake

[90mstdout[2m | src/main/ScareController.integration.test.js[2m > [22m[2mScareController Integration Tests[2m > [22m[2mFull Sequence Flow[2m > [22m[2mshould send correct IPC messages for each stage
[22m[39mStage completed: shake
Transitioning to stage: darken
Stage completed: darken
Transitioning to stage: tunnel
Stage completed: tunnel
Transitioning to stage: jumpscare
Stage completed: jumpscare
Transitioning to stage: question
Showing question: undefined

[90mstdout[2m | src/main/ScareController.integration.test.js[2m > [22m[2mScareController Integration Tests[2m > [22m[2mFull Sequence Flow[2m > [22m[2mshould send correct IPC messages for each stage
[22m[39mDestroying ScareController

[90mstdout[2m | src/main/ScareController.integration.test.js[2m > [22m[2mScareController Integration Tests[2m > [22m[2mFull Sequence Flow[2m > [22m[2mshould handle answer submission and provide feedback
[22m[39mStarting scare sequence
Transitioning to stage: shake

[90mstdout[2m | src/main/ScareController.integration.test.js[2m > [22m[2mScareController Integration Tests[2m > [22m[2mFull Sequence Flow[2m > [22m[2mshould handle answer submission and provide feedback
[22m[39mStage completed: shake
Transitioning to stage: darken
Stage completed: darken
Transitioning to stage: tunnel
Stage completed: tunnel
Transitioning to stage: jumpscare
Stage completed: jumpscare
Transitioning to stage: question
Showing question: undefined
Answer submitted for question undefined: undefined
Answer correct

[90mstdout[2m | src/main/ScareController.integration.test.js[2m > [22m[2mScareController Integration Tests[2m > [22m[2mFull Sequence Flow[2m > [22m[2mshould handle answer submission and provide feedback
[22m[39mDestroying ScareController

[90mstdout[2m | src/main/ScareController.integration.test.js[2m > [22m[2mScareController Integration Tests[2m > [22m[2mFull Sequence Flow[2m > [22m[2mshould handle incorrect answer submission
[22m[39mStarting scare sequence
Transitioning to stage: shake

[90mstdout[2m | src/main/ScareController.integration.test.js[2m > [22m[2mScareController Integration Tests[2m > [22m[2mFull Sequence Flow[2m > [22m[2mshould handle incorrect answer submission
[22m[39mStage completed: shake
Transitioning to stage: darken
Stage completed: darken
Transitioning to stage: tunnel
Stage completed: tunnel
Transitioning to stage: jumpscare
Stage completed: jumpscare
Transitioning to stage: question
Showing question: undefined

[90mstdout[2m | src/main/ScareController.integration.test.js[2m > [22m[2mScareController Integration Tests[2m > [22m[2mFull Sequence Flow[2m > [22m[2mshould handle incorrect answer submission
[22m[39mDestroying ScareController

[90mstdout[2m | src/main/QuestionDisplay.integration.test.js[2m > [22m[2mQuestion Display Integration[2m > [22m[2mQuestion Request and Display[2m > [22m[2mshould request and send question to renderer after jump scare
[22m[39mStarting scare sequence
Transitioning to stage: shake

[90mstdout[2m | src/main/ScareController.integration.test.js[2m > [22m[2mScareController Integration Tests[2m > [22m[2mFull Sequence Flow[2m > [22m[2mshould end sequence after answer is submitted
[22m[39mStarting scare sequence
Transitioning to stage: shake

[90mstdout[2m | src/main/ScareController.integration.test.js[2m > [22m[2mScareController Integration Tests[2m > [22m[2mFull Sequence Flow[2m > [22m[2mshould end sequence after answer is submitted
[22m[39mStage completed: shake
Transitioning to stage: darken
Stage completed: darken
Transitioning to stage: tunnel
Stage completed: tunnel
Transitioning to stage: jumpscare
Stage completed: jumpscare
Transitioning to stage: question
Showing question: undefined
Answer submitted for question undefined: undefined
Answer correct

[90mstdout[2m | src/main/ScareController.integration.test.js[2m > [22m[2mScareController Integration Tests[2m > [22m[2mFull Sequence Flow[2m > [22m[2mshould end sequence after answer is submitted
[22m[39mDestroying ScareController

[90mstdout[2m | src/main/ScareController.integration.test.js[2m > [22m[2mScareController Integration Tests[2m > [22m[2mQuestion Management[2m > [22m[2mshould not repeat questions in the same session
[22m[39mStarting scare sequence
Transitioning to stage: shake

[90mstdout[2m | src/main/ScareController.integration.test.js[2m > [22m[2mScareController Integration Tests[2m > [22m[2mQuestion Management[2m > [22m[2mshould not repeat questions in the same session
[22m[39mStage completed: shake
Transitioning to stage: darken
Stage completed: darken
Transitioning to stage: tunnel
Stage completed: tunnel
Transitioning to stage: jumpscare
Stage completed: jumpscare
Transitioning to stage: question
Showing question: undefined
Answer submitted for question undefined: undefined
Answer correct

[90mstdout[2m | src/main/QuestionDisplay.integration.test.js[2m > [22m[2mQuestion Display Integration[2m > [22m[2mQuestion Request and Display[2m > [22m[2mshould request and send question to renderer after jump scare
[22m[39mStage completed: shake
Transitioning to stage: darken
Stage completed: darken
Transitioning to stage: tunnel
Stage completed: tunnel
Transitioning to stage: jumpscare
Stage completed: jumpscare
Transitioning to stage: question
Showing question: undefined

[90mstdout[2m | src/main/ResourceMonitor.test.js[2m > [22m[2mResourceMonitor[2m > [22m[2mstart and stop[2m > [22m[2mshould start monitoring
[22m[39mResource monitoring started

[90mstdout[2m | src/main/ResourceMonitor.test.js[2m > [22m[2mResourceMonitor[2m > [22m[2mstart and stop[2m > [22m[2mshould start monitoring
[22m[39mResource monitoring stopped

[90mstdout[2m | src/main/ResourceMonitor.test.js[2m > [22m[2mResourceMonitor[2m > [22m[2mstart and stop[2m > [22m[2mshould stop monitoring
[22m[39mResource monitoring started
Resource monitoring stopped

[90mstdout[2m | src/main/ResourceMonitor.test.js[2m > [22m[2mResourceMonitor[2m > [22m[2mstart and stop[2m > [22m[2mshould not start twice
[22m[39mResource monitoring started

[90mstdout[2m | src/main/QuestionDisplay.integration.test.js[2m > [22m[2mQuestion Display Integration[2m > [22m[2mQuestion Request and Display[2m > [22m[2mshould request and send question to renderer after jump scare
[22m[39mDestroying ScareController

[90mstdout[2m | src/main/ResourceMonitor.test.js[2m > [22m[2mResourceMonitor[2m > [22m[2mstart and stop[2m > [22m[2mshould not start twice
[22m[39mResource monitoring stopped

[90mstdout[2m | src/main/QuestionDisplay.integration.test.js[2m > [22m[2mQuestion Display Integration[2m > [22m[2mQuestion Request and Display[2m > [22m[2mshould send question with all required fields
[22m[39mStarting scare sequence
Transitioning to stage: shake

node.exe : [90mstderr[2m | src/main/QuestionGenerator.cache.test.js[2m > [22m[2mQuestionGenerator - Cache and 
Session Management[2m > [22m[2mloadCache[2m > [22m[2mshould handle corrupted cache file gracefully
In Zeile:1 Zeichen:1
+ & "C:\Program Files\nodejs/node.exe" "C:\Program Files\nodejs/node_mo ...
+ ~~~~~~~~~~~~~~~~~~~~~~~~~~~~~~~~~~~~~~~~~~~~~~~~~~~~~~~~~~~~~~~~~~~~~
    + CategoryInfo          : NotSpecified: ([90mstderr[2m...file gracefully:String) [], RemoteException
    + FullyQualifiedErrorId : NativeCommandError
 
[22m[39mError loading question cache: SyntaxError: Unexpected token 'i', "invalid json {{{" is not valid JSON
    at JSON.parse (<anonymous>)
    at QuestionGenerator.loadCache [90m(C:\dev\Kiloween\[39msrc\main\QuestionGenerator.js:549:27[90m)[39m
    at C:/dev/Kiloween/src/main/QuestionGenerator.cache.test.js:91:21
    at [90mfile:///C:/dev/Kiloween/[39mnode_modules/[4m@vitest[24m/runner/dist/index.js:753:20

[90mstdout[2m | src/main/ResourceMonitor.test.js[2m > [22m[2mResourceMonitor[2m > [22m[2msampling[2m > [22m[2mshould take initial sample on start
[22m[39mResource monitoring started

[90mstdout[2m | src/main/QuestionDisplay.integration.test.js[2m > [22m[2mQuestion Display Integration[2m > [22m[2mQuestion Request and Display[2m > [22m[2mshould send question with all required fields
[22m[39mStage completed: shake
Transitioning to stage: darken
Stage completed: darken
Transitioning to stage: tunnel
Stage completed: tunnel
Transitioning to stage: jumpscare
Stage completed: jumpscare
Transitioning to stage: question
Showing question: undefined

[90mstdout[2m | src/main/ResourceMonitor.test.js[2m > [22m[2mResourceMonitor[2m > [22m[2msampling[2m > [22m[2mshould take initial sample on start
[22m[39mResource monitoring stopped

[90mstdout[2m | src/main/QuestionDisplay.integration.test.js[2m > [22m[2mQuestion Display Integration[2m > [22m[2mQuestion Request and Display[2m > [22m[2mshould send question with all required fields
[22m[39mDestroying ScareController

[90mstdout[2m | src/main/ResourceMonitor.test.js[2m > [22m[2mResourceMonitor[2m > [22m[2msampling[2m > [22m[2mshould collect samples over time
[22m[39mResource monitoring started

[90mstdout[2m | src/main/QuestionDisplay.integration.test.js[2m > [22m[2mQuestion Display Integration[2m > [22m[2mQuestion Request and Display[2m > [22m[2mshould track current question in controller
[22m[39mStarting scare sequence
Transitioning to stage: shake

[90mstdout[2m | src/main/QuestionDisplay.integration.test.js[2m > [22m[2mQuestion Display Integration[2m > [22m[2mQuestion Request and Display[2m > [22m[2mshould track current question in controller
[22m[39mStage completed: shake
Transitioning to stage: darken
Stage completed: darken
Transitioning to stage: tunnel
Stage completed: tunnel
Transitioning to stage: jumpscare
Stage completed: jumpscare
Transitioning to stage: question
Showing question: undefined

[90mstdout[2m | src/main/QuestionDisplay.integration.test.js[2m > [22m[2mQuestion Display Integration[2m > [22m[2mQuestion Request and Display[2m > [22m[2mshould track current question in controller
[22m[39mDestroying ScareController

[90mstdout[2m | src/main/QuestionDisplay.integration.test.js[2m > [22m[2mQuestion Display Integration[2m > [22m[2mNo Questions Available[2m > [22m[2mshould handle case when no questions are available
[22m[39mStarting scare sequence
Transitioning to stage: shake

[90mstdout[2m | src/main/QuestionDisplay.integration.test.js[2m > [22m[2mQuestion Display Integration[2m > [22m[2mNo Questions Available[2m > [22m[2mshould handle case when no questions are available
[22m[39mStage completed: shake
Transitioning to stage: darken
Stage completed: darken
Transitioning to stage: tunnel
Stage completed: tunnel
Transitioning to stage: jumpscare
Stage completed: jumpscare
Transitioning to stage: question
Showing question: undefined

[90mstdout[2m | src/main/TimerScareController.integration.test.js[2m > [22m[2mTimerManager and ScareController Integration[2m > [22m[2mTimer Expiration triggers Scare Sequence[2m > [22m[2mshould trigger scare sequence when timer expires
[22m[39mStarting scare sequence
Transitioning to stage: shake

[90mstdout[2m | src/main/TimerScareController.integration.test.js[2m > [22m[2mTimerManager and ScareController Integration[2m > [22m[2mTimer Expiration triggers Scare Sequence[2m > [22m[2mshould trigger scare sequence when timer expires
[22m[39mDestroying ScareController

[90mstdout[2m | src/main/TimerScareController.integration.test.js[2m > [22m[2mTimerManager and ScareController Integration[2m > [22m[2mTimer Expiration triggers Scare Sequence[2m > [22m[2mshould reset timer after sequence ends normally
[22m[39mStarting scare sequence
Transitioning to stage: shake

[90mstdout[2m | src/main/TimerScareController.integration.test.js[2m > [22m[2mTimerManager and ScareController Integration[2m > [22m[2mTimer Expiration triggers Scare Sequence[2m > [22m[2mshould reset timer after sequence ends normally
[22m[39mEnding scare sequence

[90mstdout[2m | src/main/TimerScareController.integration.test.js[2m > [22m[2mTimerManager and ScareController Integration[2m > [22m[2mTimer Expiration triggers Scare Sequence[2m > [22m[2mshould reset timer after sequence ends normally
[22m[39mDestroying ScareController

[90mstdout[2m | src/main/TimerScareController.integration.test.js[2m > [22m[2mTimerManager and ScareController Integration[2m > [22m[2mTimer Expiration triggers Scare Sequence[2m > [22m[2mshould reset timer after sequence is cancelled
[22m[39mStarting scare sequence
Transitioning to stage: shake

[90mstdout[2m | src/main/TimerScareController.integration.test.js[2m > [22m[2mTimerManager and ScareController Integration[2m > [22m[2mTimer Expiration triggers Scare Sequence[2m > [22m[2mshould reset timer after sequence is cancelled
[22m[39mCancelling scare sequence

[90mstdout[2m | src/main/TimerScareController.integration.test.js[2m > [22m[2mTimerManager and ScareController Integration[2m > [22m[2mTimer Expiration triggers Scare Sequence[2m > [22m[2mshould reset timer after sequence is cancelled
[22m[39mDestroying ScareController

[90mstdout[2m | src/main/TimerScareController.integration.test.js[2m > [22m[2mTimerManager and ScareController Integration[2m > [22m[2mESC Key Cancellation[2m > [22m[2mshould cancel sequence and reset timer on ESC key
[22m[39mStarting scare sequence
Transitioning to stage: shake

[90mstdout[2m | src/main/TimerScareController.integration.test.js[2m > [22m[2mTimerManager and ScareController Integration[2m > [22m[2mESC Key Cancellation[2m > [22m[2mshould cancel sequence and reset timer on ESC key
[22m[39mCancelling scare sequence

[90mstdout[2m | src/main/TimerScareController.integration.test.js[2m > [22m[2mTimerManager and ScareController Integration[2m > [22m[2mESC Key Cancellation[2m > [22m[2mshould cancel sequence and reset timer on ESC key
[22m[39mDestroying ScareController

[90mstdout[2m | src/main/TimerScareController.integration.test.js[2m > [22m[2mTimerManager and ScareController Integration[2m > [22m[2mESC Key Cancellation[2m > [22m[2mshould handle ESC during different stages
[22m[39mStarting scare sequence
Transitioning to stage: shake

[90mstdout[2m | src/main/TimerScareController.integration.test.js[2m > [22m[2mTimerManager and ScareController Integration[2m > [22m[2mESC Key Cancellation[2m > [22m[2mshould handle ESC during different stages
[22m[39mCancelling scare sequence
Destroying ScareController
Starting scare sequence
Transitioning to stage: shake

[90mstdout[2m | src/main/TimerScareController.integration.test.js[2m > [22m[2mTimerManager and ScareController Integration[2m > [22m[2mESC Key Cancellation[2m > [22m[2mshould handle ESC during different stages
[22m[39mCancelling scare sequence
Destroying ScareController
Starting scare sequence
Transitioning to stage: shake

[90mstdout[2m | src/main/TimerScareController.integration.test.js[2m > [22m[2mTimerManager and ScareController Integration[2m > [22m[2mESC Key Cancellation[2m > [22m[2mshould handle ESC during different stages
[22m[39mCancelling scare sequence
Destroying ScareController
Starting scare sequence
Transitioning to stage: shake

[90mstdout[2m | src/main/TimerScareController.integration.test.js[2m > [22m[2mTimerManager and ScareController Integration[2m > [22m[2mESC Key Cancellation[2m > [22m[2mshould handle ESC during different stages
[22m[39mCancelling scare sequence
Destroying ScareController

[90mstdout[2m | src/main/TimerScareController.integration.test.js[2m > [22m[2mTimerManager and ScareController Integration[2m > [22m[2mESC Key Cancellation[2m > [22m[2mshould handle ESC during different stages
[22m[39mDestroying ScareController

[90mstdout[2m | src/main/TimerScareController.integration.test.js[2m > [22m[2mTimerManager and ScareController Integration[2m > [22m[2mError Handling[2m > [22m[2mshould reset timer on scare sequence error
[90mstderr[2m | src/main/QuestionGenerator.test.js[2m > [22m[2mQuestionGenerator[2m > 
[22m[2mgenerateQuestions[2m > [22m[2mshould skip questions that cannot be generated
[22m[39mError in generateQuestions: Error: Could not generate any valid questions from the provided documents
    at QuestionGenerator.generateQuestions [90m(C:\dev\Kiloween\[39msrc\main\QuestionGenerator.js:509:15[90m)[39m
    at C:/dev/Kiloween/src/main/QuestionGenerator.test.js:845:35
    at [90mfile:///C:/dev/Kiloween/[39mnode_modules/[4m@vitest[24m/runner/dist/index.js:157:11
    at [90mfile:///C:/dev/Kiloween/[39mnode_modules/[4m@vitest[24m/runner/dist/index.js:753:26
    at [90mfile:///C:/dev/Kiloween/[39mnode_modules/[4m@vitest[24m/runner/dist/index.js:1636:20
    at new Promise (<anonymous>)
    at runWithTimeout 
[90m(file:///C:/dev/Kiloween/[39mnode_modules/[4m@vitest[24m/runner/dist/index.js:1602:10[90m)[39m
    at runTest [90m(file:///C:/dev/Kiloween/[39mnode_modules/[4m@vitest[24m/runner/dist/index.js:1309:12[90m)[39m
[90m    at processTicksAndRejections (node:internal/process/task_queues:105:5)[39m
    at runSuite [90m(file:///C:/dev/Kiloween/[39mnode_modules/[4m@vitest[24m/runner/dist/index.js:1468:8[90m)[39m

[90mstderr[2m | src/main/TimerManager.test.js[2m > [22m[2mTimerManager[2m > [22m[2mstart[2m > [22m[2mshould 
not start if already running
[22m[39mTimer is already running

[22m[39mStarting scare sequence
Transitioning to stage: shake

[90mstdout[2m | src/main/TimerScareController.integration.test.js[2m > [22m[2mTimerManager and ScareController Integration[2m > [22m[2mError Handling[2m > [22m[2mshould reset timer on scare sequence error
[22m[39mDestroying ScareController

[90mstdout[2m | src/main/TimerScareController.integration.test.js[2m > [22m[2mTimerManager and ScareController Integration[2m > [22m[2mError Handling[2m > [22m[2mshould handle window destroyed during sequence
[22m[39mStarting scare sequence
Transitioning to stage: shake

[90mstdout[2m | src/main/TimerScareController.integration.test.js[2m > [22m[2mTimerManager and ScareController Integration[2m > [22m[2mError Handling[2m > [22m[2mshould handle window destroyed during sequence
[22m[39mCancelling scare sequence

[90mstdout[2m | src/main/TimerScareController.integration.test.js[2m > [22m[2mTimerManager and ScareController Integration[2m > [22m[2mError Handling[2m > [22m[2mshould handle window destroyed during sequence
[22m[39mDestroying ScareController

[90mstdout[2m | src/main/TimerScareController.integration.test.js[2m > [22m[2mTimerManager and ScareController Integration[2m > [22m[2mFull Timer-to-Scare Flow[2m > [22m[2mshould complete full cycle: timer expire -> scare -> answer -> reset
[22m[39mStarting scare sequence
Transitioning to stage: shake

 [31m❯[39m src/main/QuestionGenerator.test.js [2m([22m[2m78 tests[22m[2m | [22m[31m3 failed[39m[2m)[22m[32m 77[2mms[22m[39m
       [32m✓[39m should create instance with default options[32m 6[2mms[22m[39m
       [32m✓[39m should accept custom options[32m 1[2mms[22m[39m
       [32m✓[39m should have stop words defined[32m 2[2mms[22m[39m
       [32m✓[39m should extract keywords from simple text[32m 1[2mms[22m[39m
       [32m✓[39m should return empty array for empty content[32m 1[2mms[22m[39m
       [32m✓[39m should filter out stop words[32m 0[2mms[22m[39m
       [32m✓[39m should filter out short words[32m 0[2mms[22m[39m
       [32m✓[39m should filter out pure numbers[32m 0[2mms[22m[39m
       [32m✓[39m should respect minimum frequency threshold[32m 1[2mms[22m[39m
       [32m✓[39m should calculate scores based on frequency and length[32m 1[2mms[22m[39m
       [32m✓[39m should sort keywords by score in descending order[32m 0[2mms[22m[39m
       [32m✓[39m should limit keywords to maxKeywords[32m 1[2mms[22m[39m
       [32m✓[39m should handle text with punctuation[32m 0[2mms[22m[39m
       [32m✓[39m should handle hyphenated words[32m 0[2mms[22m[39m
       [32m✓[39m should be case-insensitive[32m 0[2mms[22m[39m
       [32m✓[39m should extract sentences containing keywords[32m 1[2mms[22m[39m
       [32m✓[39m should return empty array for empty content[32m 0[2mms[22m[39m
       [32m✓[39m should return empty array for empty keywords[32m 0[2mms[22m[39m
       [32m✓[39m should be case-insensitive when matching keywords[32m 2[2mms[22m[39m
       [32m✓[39m should filter out very short sentences[32m 0[2mms[22m[39m
       [32m✓[39m should handle multiple sentence endings[32m 0[2mms[22m[39m
       [32m✓[39m should sort sentences by keyword count[32m 0[2mms[22m[39m
       [32m✓[39m should handle multiple keywords in one sentence[32m 0[2mms[22m[39m
       [32m✓[39m should identify key concepts from a document[32m 1[2mms[22m[39m
       [32m✓[39m should return empty concepts for null document[32m 0[2mms[22m[39m
       [32m✓[39m should return empty concepts for document without content[32m 0[2mms[22m[39m
       [32m✓[39m should include keywords in source sentences metadata[32m 1[2mms[22m[39m
       [32m✓[39m should limit source sentences to 50[32m 1[2mms[22m[39m
       [32m✓[39m should process multiple documents[32m 1[2mms[22m[39m
       [32m✓[39m should return empty map for empty array[32m 0[2mms[22m[39m
       [32m✓[39m should return empty map for null input[32m 0[2mms[22m[39m
       [32m✓[39m should handle errors gracefully and continue processing[32m 0[2mms[22m[39m
       [32m✓[39m should calculate statistics for multiple documents[32m 1[2mms[22m[39m
       [32m✓[39m should return zero statistics for empty array[32m 0[2mms[22m[39m
       [32m✓[39m should return zero statistics for null input[32m 0[2mms[22m[39m
       [32m✓[39m should calculate correct averages[32m 0[2mms[22m[39m
       [32m✓[39m should generate a question by replacing a keyword with a blank[32m 1[2mms[22m[39m
       [32m✓[39m should return null for empty sentence[32m 0[2mms[22m[39m
       [32m✓[39m should return null for empty keywords[32m 0[2mms[22m[39m
       [32m✓[39m should return null for null inputs[32m 0[2mms[22m[39m
       [32m✓[39m should select the longest keyword for replacement[32m 0[2mms[22m[39m
       [32m✓[39m should capitalize the first letter of the answer[32m 0[2mms[22m[39m
       [32m✓[39m should ensure question ends with question mark[32m 0[2mms[22m[39m
       [32m✓[39m should add "What" prefix when needed[32m 0[2mms[22m[39m
       [32m✓[39m should not add prefix if question already starts with question word[32m 0[2mms[22m[39m
       [32m✓[39m should handle case-insensitive keyword matching[32m 0[2mms[22m[39m
       [32m✓[39m should return null if keyword not found in sentence[32m 0[2mms[22m[39m
       [32m✓[39m should handle multiple occurrences of keyword[32m 0[2mms[22m[39m
       [32m✓[39m should generate distractor options[32m 0[2mms[22m[39m
       [32m✓[39m should not include the correct answer in distractors[32m 0[2mms[22m[39m
       [32m✓[39m should return empty array for empty keywords[32m 0[2mms[22m[39m
       [32m✓[39m should return empty array for null inputs[32m 0[2mms[22m[39m
       [32m✓[39m should filter out short keywords[32m 0[2mms[22m[39m
       [32m✓[39m should capitalize first letter of distractors[32m 0[2mms[22m[39m
       [32m✓[39m should remove duplicate distractors[32m 0[2mms[22m[39m
       [32m✓[39m should respect the count parameter[32m 0[2mms[22m[39m
       [32m✓[39m should handle case when not enough keywords available[32m 0[2mms[22m[39m
       [32m✓[39m should generate a complete multiple-choice question[32m 1[2mms[22m[39m
       [32m✓[39m should return null for invalid source[32m 0[2mms[22m[39m
       [32m✓[39m should return null when not enough distractors available[32m 0[2mms[22m[39m
       [32m✓[39m should shuffle answer options[32m 1[2mms[22m[39m
       [32m✓[39m should include correct answer in options[32m 0[2mms[22m[39m
       [32m✓[39m should generate unique question IDs[32m 1[2mms[22m[39m
       [32m✓[39m should include explanation in question[32m 0[2mms[22m[39m
       [32m✓[39m should generate multiple questions from documents[32m 1[2mms[22m[39m
[31m       [31m×[31m should return empty array for empty documents[39m[32m 14[2mms[22m[39m
[31m       [31m×[31m should return empty array for null input[39m[32m 1[2mms[22m[39m
       [32m✓[39m should respect maxQuestions parameter[32m 1[2mms[22m[39m
       [32m✓[39m should generate questions with all required properties[32m 1[2mms[22m[39m
       [32m✓[39m should handle multiple documents[32m 1[2mms[22m[39m
[31m       [31m×[31m should skip questions that cannot be generated[39m[32m 3[2mms[22m[39m
       [32m✓[39m should generate grammatically correct questions[32m 1[2mms[22m[39m
       [32m✓[39m should extract meaningful keywords from biology text[32m 1[2mms[22m[39m
       [32m✓[39m should extract relevant sentences for question generation[32m 0[2mms[22m[39m
       [32m✓[39m should handle real-world document structure[32m 1[2mms[22m[39m
       [32m✓[39m should generate complete questions from real-world biology content[32m 10[2mms[22m[39m
       [32m✓[39m should generate diverse questions from multiple topics[32m 1[2mms[22m[39m
       [32m✓[39m should ensure distractors are plausible[32m 2[2mms[22m[39m
[90mstdout[2m | src/main/QuestionDisplay.integration.test.js[2m > [22m[2mQuestion Display Integration[2m > [22m[2mNo Questions Available[2m > [22m[2mshould handle case when no questions are available
[22m[39mDestroying ScareController

[90mstdout[2m | src/main/QuestionDisplay.integration.test.js[2m > [22m[2mQuestion Display Integration[2m > [22m[2mNo Questions Available[2m > [22m[2mshould emit error event when no questions available
[22m[39mStarting scare sequence
Transitioning to stage: shake

(node:59616) [DEP0147] DeprecationWarning: In future versions of Node.js, fs.rmdir(path, { recursive: true }) will be 
removed. Use fs.rm(path, { recursive: true }) instead
(Use `node --trace-deprecation ...` to show where the warning was created)
[90mstderr[2m | src/main/QuestionGenerator.cache.test.js[2m > [22m[2mQuestionGenerator - Cache and Session 
Management[2m > [22m[2mIntegration: Full cache workflow[2m > [22m[2mshould detect when cache needs regeneration
[22m[39mError in generateQuestions: Error: Could not generate any valid questions from the provided documents
    at QuestionGenerator.generateQuestions [90m(C:\dev\Kiloween\[39msrc\main\QuestionGenerator.js:509:15[90m)[39m
    at C:/dev/Kiloween/src/main/QuestionGenerator.cache.test.js:467:36
    at [90mfile:///C:/dev/Kiloween/[39mnode_modules/[4m@vitest[24m/runner/dist/index.js:157:11
    at [90mfile:///C:/dev/Kiloween/[39mnode_modules/[4m@vitest[24m/runner/dist/index.js:753:26
    at [90mfile:///C:/dev/Kiloween/[39mnode_modules/[4m@vitest[24m/runner/dist/index.js:1636:20
    at new Promise (<anonymous>)
    at runWithTimeout 
[90m(file:///C:/dev/Kiloween/[39mnode_modules/[4m@vitest[24m/runner/dist/index.js:1602:10[90m)[39m
    at runTest [90m(file:///C:/dev/Kiloween/[39mnode_modules/[4m@vitest[24m/runner/dist/index.js:1309:12[90m)[39m
    at runSuite [90m(file:///C:/dev/Kiloween/[39mnode_modules/[4m@vitest[24m/runner/dist/index.js:1468:8[90m)[39m
    at runSuite [90m(file:///C:/dev/Kiloween/[39mnode_modules/[4m@vitest[24m/runner/dist/index.js:1468:8[90m)[39m

[90mstdout[2m | src/main/QuestionDisplay.integration.test.js[2m > [22m[2mQuestion Display Integration[2m > [22m[2mNo Questions Available[2m > [22m[2mshould emit error event when no questions available
[22m[39mStage completed: shake
Transitioning to stage: darken
Stage completed: darken
Transitioning to stage: tunnel
Stage completed: tunnel
Transitioning to stage: jumpscare
Stage completed: jumpscare
Transitioning to stage: question
Showing question: undefined

 [31m❯[39m src/main/QuestionGenerator.cache.test.js [2m([22m[2m29 tests[22m[2m | [22m[31m7 failed[39m[2m)[22m[32m 144[2mms[22m[39m
       [32m✓[39m should return empty cache when file does not exist[32m 8[2mms[22m[39m
       [32m✓[39m should load valid cache from disk[32m 8[2mms[22m[39m
       [32m✓[39m should handle corrupted cache file gracefully[32m 15[2mms[22m[39m
       [32m✓[39m should handle cache with missing fields[32m 5[2mms[22m[39m
       [32m✓[39m should save questions to cache file[32m 8[2mms[22m[39m
       [32m✓[39m should save used questions in session[32m 5[2mms[22m[39m
       [32m✓[39m should create directory if it does not exist[32m 4[2mms[22m[39m
       [32m✓[39m should update in-memory cache after saving[32m 7[2mms[22m[39m
[31m       [31m×[31m should return a random unused question[39m[32m 7[2mms[22m[39m
[31m       [31m×[31m should not return used questions[39m[32m 4[2mms[22m[39m
[31m       [31m×[31m should return null when all questions are used[39m[32m 3[2mms[22m[39m
[31m       [31m×[31m should return null when cache is empty[39m[32m 2[2mms[22m[39m
[31m       [31m×[31m should guarantee uniqueness across multiple calls[39m[32m 5[2mms[22m[39m
       [32m✓[39m should mark a question as used[32m 2[2mms[22m[39m
       [32m✓[39m should return false for non-existent question[32m 2[2mms[22m[39m
       [32m✓[39m should return false for null or undefined ID[32m 2[2mms[22m[39m
       [32m✓[39m should allow marking the same question multiple times[32m 1[2mms[22m[39m
       [32m✓[39m should clear all used questions[32m 2[2mms[22m[39m
       [32m✓[39m should not affect cached questions[32m 2[2mms[22m[39m
       [32m✓[39m should return correct statistics[32m 4[2mms[22m[39m
       [32m✓[39m should handle empty cache[32m 7[2mms[22m[39m
       [32m✓[39m should return true when cache has never been generated[32m 2[2mms[22m[39m
       [32m✓[39m should return false when documents match[32m 2[2mms[22m[39m
       [32m✓[39m should return true when document count differs[32m 3[2mms[22m[39m
       [32m✓[39m should return true when documents are different[32m 4[2mms[22m[39m
       [32m✓[39m should return true when new document is added[32m 3[2mms[22m[39m
       [32m✓[39m should handle order-independent comparison[32m 2[2mms[22m[39m
[31m       [31m×[31m should support complete cache lifecycle[39m[32m 15[2mms[22m[39m
[31m       [31m×[31m should detect when cache needs regeneration[39m[32m 3[2mms[22m[39m
[90mstdout[2m | src/main/TimerManager.test.js[2m > [22m[2mTimerManager[2m > [22m[2monConfigChange[2m > [22m[2mshould update interval when config changes
[22m[39mTimer interval changed from 30 to 60 minutes

[90mstdout[2m | src/main/TimerManager.test.js[2m > [22m[2mTimerManager[2m > [22m[2monConfigChange[2m > [22m[2mshould reset timer when interval changes
[22m[39mTimer interval changed from 30 to 45 minutes

[90mstdout[2m | src/main/TimerScareController.integration.test.js[2m > [22m[2mTimerManager and ScareController Integration[2m > [22m[2mFull Timer-to-Scare Flow[2m > [22m[2mshould complete full cycle: timer expire -> scare -> answer -> reset
[22m[39mStage completed: shake
Transitioning to stage: darken
Stage completed: darken
Transitioning to stage: tunnel
Stage completed: tunnel
Transitioning to stage: jumpscare
Stage completed: jumpscare
Transitioning to stage: question
Showing question: q1

 [31m❯[39m src/main/ConfigManager.test.js [2m([22m[2m28 tests[22m[2m | [22m[31m5 failed[39m[2m)[22m[32m 171[2mms[22m[39m
       [32m✓[39m should create instance with custom config path[32m 7[2mms[22m[39m
       [32m✓[39m should create instance with default config path when none provided[32m 2[2mms[22m[39m
       [32m✓[39m should create default config on first run[32m 10[2mms[22m[39m
[31m       [31m×[31m should load existing config from disk[39m[32m 13[2mms[22m[39m
[31m       [31m×[31m should merge loaded config with defaults for missing properties[39m[32m 14[2mms[22m[39m
       [32m✓[39m should throw error for invalid JSON[32m 11[2mms[22m[39m
[31m       [31m×[31m should save config to disk[39m[32m 8[2mms[22m[39m
       [32m✓[39m should create directory if it does not exist[32m 9[2mms[22m[39m
       [32m✓[39m should validate config before saving[32m 2[2mms[22m[39m
[31m       [31m×[31m should format JSON with indentation[39m[32m 6[2mms[22m[39m
       [32m✓[39m should get specific config value[32m 7[2mms[22m[39m
       [32m✓[39m should throw error if config not loaded[32m 1[2mms[22m[39m
[31m       [31m×[31m should set specific config value and save[39m[32m 12[2mms[22m[39m
       [32m✓[39m should throw error if config not loaded[32m 1[2mms[22m[39m
       [32m✓[39m should return entire config object[32m 4[2mms[22m[39m
       [32m✓[39m should return a copy of config[32m 5[2mms[22m[39m
       [32m✓[39m should throw error if config not loaded[32m 2[2mms[22m[39m
       [32m✓[39m should reject non-object config[32m 4[2mms[22m[39m
       [32m✓[39m should reject interval below minimum[32m 7[2mms[22m[39m
       [32m✓[39m should reject interval above maximum[32m 5[2mms[22m[39m
       [32m✓[39m should accept interval at minimum boundary[32m 8[2mms[22m[39m
       [32m✓[39m should accept interval at maximum boundary[32m 8[2mms[22m[39m
       [32m✓[39m should reject non-array documents[32m 2[2mms[22m[39m
       [32m✓[39m should reject non-boolean audioEnabled[32m 2[2mms[22m[39m
       [32m✓[39m should reject invalid difficulty[32m 1[2mms[22m[39m
       [32m✓[39m should reject invalid theme[32m 2[2mms[22m[39m
       [32m✓[39m should accept all valid difficulty levels[32m 10[2mms[22m[39m
       [32m✓[39m should accept all valid themes[32m 6[2mms[22m[39m
[90mstdout[2m | src/main/QuestionDisplay.integration.test.js[2m > [22m[2mQuestion Display Integration[2m > [22m[2mNo Questions Available[2m > [22m[2mshould emit error event when no questions available
[22m[39mDestroying ScareController

[90mstdout[2m | src/main/QuestionDisplay.integration.test.js[2m > [22m[2mQuestion Display Integration[2m > [22m[2mNo Questions Available[2m > [22m[2mshould end sequence after showing no questions error
[22m[39mStarting scare sequence
Transitioning to stage: shake

[90mstdout[2m | src/main/QuestionDisplay.integration.test.js[2m > [22m[2mQuestion Display Integration[2m > [22m[2mNo Questions Available[2m > [22m[2mshould end sequence after showing no questions error
[22m[39mStage completed: shake
Transitioning to stage: darken
Stage completed: darken
Transitioning to stage: tunnel
Stage completed: tunnel
Transitioning to stage: jumpscare
Stage completed: jumpscare
Transitioning to stage: question
Showing question: undefined

[90mstderr[2m | src/main/TimerScareController.integration.test.js[2m > [22m[2mTimerManager and ScareController 
Integration[2m > [22m[2mFull Timer-to-Scare Flow[2m > [22m[2mshould complete full cycle: timer expire -> scare -> 
answer -> reset
[22m[39mQuestion ID mismatch: expected q1, got undefined

 [31m❯[39m src/renderer/config/config-persistence.test.js [2m([22m[2m16 tests[22m[2m | [22m[31m4 failed[39m[2m)[22m[32m 234[2mms[22m[39m
     [32m✓[39m should persist configuration across app restarts[32m 26[2mms[22m[39m
     [32m✓[39m should handle multiple configuration updates[32m 19[2mms[22m[39m
[31m     [31m×[31m should persist document additions and removals[39m[32m 29[2mms[22m[39m
[31m     [31m×[31m should maintain config integrity after multiple restarts[39m[32m 15[2mms[22m[39m
     [32m✓[39m should handle empty document list persistence[32m 9[2mms[22m[39m
[31m     [31m×[31m should preserve all config fields on partial updates[39m[32m 13[2mms[22m[39m
     [32m✓[39m should handle rapid successive saves[32m 24[2mms[22m[39m
     [32m✓[39m should create default config on first load[32m 5[2mms[22m[39m
[31m     [31m×[31m should handle config file corruption gracefully[39m[32m 17[2mms[22m[39m
     [32m✓[39m should update lastRun timestamp on save[32m 44[2mms[22m[39m
     [32m✓[39m should validate interval range in real-time[32m 0[2mms[22m[39m
     [32m✓[39m should provide immediate feedback on invalid values[32m 0[2mms[22m[39m
     [32m✓[39m should clear validation errors when value becomes valid[32m 0[2mms[22m[39m
     [32m✓[39m should show saving status during save operation[32m 12[2mms[22m[39m
     [32m✓[39m should show error status on save failure[32m 0[2mms[22m[39m
     [32m✓[39m should disable save button during save operation[32m 16[2mms[22m[39m
[90mstdout[2m | src/main/ResourceMonitor.test.js[2m > [22m[2mResourceMonitor[2m > [22m[2msampling[2m > [22m[2mshould collect samples over time
[22m[39mResource monitoring stopped

[90mstdout[2m | src/main/ResourceMonitor.test.js[2m > [22m[2mResourceMonitor[2m > [22m[2msampling[2m > [22m[2mshould limit sample history
[22m[39mResource monitoring started

[90mstdout[2m | src/main/ResourceOptimization.integration.test.js[2m > [22m[2mResource Optimization Integration[2m > [22m[2mMemory Usage[2m > [22m[2mshould stay within memory limits during document processing
[22m[39mResource monitoring started

[90mstdout[2m | src/main/Application.e2e.test.js[2m > [22m[2mEnd-to-End Application Flow[2m > [22m[2mComplete Application Flow[2m > [22m[2mshould complete full flow: launch -> config -> document -> timer -> scare -> question -> answer
[22m[39mStarting scare sequence
Transitioning to stage: shake

[90mstdout[2m | src/main/Application.e2e.test.js[2m > [22m[2mEnd-to-End Application Flow[2m > [22m[2mComplete Application Flow[2m > [22m[2mshould complete full flow: launch -> config -> document -> timer -> scare -> question -> answer
[22m[39mStage completed: shake
Transitioning to stage: darken
Stage completed: darken
Transitioning to stage: tunnel
Stage completed: tunnel
Transitioning to stage: jumpscare
Stage completed: jumpscare
Transitioning to stage: question
Showing question: undefined

[90mstdout[2m | src/main/DocumentProcessorErrorHandling.test.js[2m > [22m[2mDocumentProcessor Error Handling[2m > [22m[2mCorrupted File Handling[2m > [22m[2mshould handle corrupted PDF gracefully
[22m[39mWarning: Indexing all PDF objects

[90mstdout[2m | src/main/DocumentProcessorErrorHandling.test.js[2m > [22m[2mDocumentProcessor Error Handling[2m > [22m[2mCorrupted File Handling[2m > [22m[2mshould handle corrupted PDF gracefully
[22m[39mWarning: Indexing all PDF objects

[90mstdout[2m | src/main/DocumentProcessorErrorHandling.test.js[2m > [22m[2mDocumentProcessor Error Handling[2m > [22m[2mCorrupted File Handling[2m > [22m[2mshould log error for corrupted files
[22m[39mWarning: Indexing all PDF objects

[90mstdout[2m | src/main/DocumentErrorHandlingIntegration.test.js[2m > [22m[2mDocument Error Handling Integration[2m > [22m[2mError Reporting[2m > [22m[2mshould provide detailed error information for each failed document
[22m[39mWarning: Indexing all PDF objects

 [32m✓[39m src/main/ipc.integration.test.js [2m([22m[2m12 tests[22m[2m)[22m[32m 152[2mms[22m[39m
 [31m❯[39m src/main/TimerManager.test.js [2m([22m[2m26 tests[22m[2m | [22m[31m1 failed[39m[2m)[22m[33m 822[2mms[22m[39m
       [32m✓[39m should require ConfigManager[32m 15[2mms[22m[39m
       [32m✓[39m should initialize with ConfigManager[32m 4[2mms[22m[39m
       [32m✓[39m should load interval from config[32m 8[2mms[22m[39m
       [32m✓[39m should reset timer if no saved state exists[32m 6[2mms[22m[39m
       [32m✓[39m should initialize with config interval[32m 7[2mms[22m[39m
       [32m✓[39m should start timer with configured interval[32m 8[2mms[22m[39m
       [32m✓[39m should not start if already running[32m 8[2mms[22m[39m
       [32m✓[39m should load current interval from config[32m 8[2mms[22m[39m
       [32m✓[39m should stop running timer[32m 5[2mms[22m[39m
       [32m✓[39m should do nothing if timer is not running[32m 4[2mms[22m[39m
       [32m✓[39m should reset timer to configured interval[32m 9[2mms[22m[39m
       [32m✓[39m should stop timer if running[32m 6[2mms[22m[39m
       [32m✓[39m should return remaining time in milliseconds[32m 4[2mms[22m[39m
       [32m✓[39m should return 0 if remaining time is negative[32m 6[2mms[22m[39m
       [32m✓[39m should return remaining time in minutes (rounded up)[32m 3[2mms[22m[39m
       [32m✓[39m should return 0 if no time remaining[32m 3[2mms[22m[39m
       [32m✓[39m should return timer status object[32m 6[2mms[22m[39m
       [32m✓[39m should update interval when config changes[32m 11[2mms[22m[39m
       [32m✓[39m should reset timer when interval changes[32m 16[2mms[22m[39m
[31m       [31m×[31m should restart timer if it was running[39m[32m 11[2mms[22m[39m
       [32m✓[39m should ignore non-interval config changes[32m 6[2mms[22m[39m
       [32m✓[39m should emit expired event when timer reaches zero[32m 20[2mms[22m[39m
       [32m✓[39m should reset timer after expiration[32m 201[2mms[22m[39m
       [33m[2m✓[22m[39m should save and load timer state [33m 327[2mms[22m[39m
       [32m✓[39m should persist timer state across sessions[32m 111[2mms[22m[39m
       [32m✓[39m should stop timer and remove listeners[32m 4[2mms[22m[39m
 [32m✓[39m src/main/SessionManager.test.js [2m([22m[2m28 tests[22m[2m)[22m[33m 408[2mms[22m[39m
[90mstderr[2m | src/main/DocumentErrorHandlingIntegration.test.js[2m > [22m[2mDocument Error Handling 
Integration[2m > [22m[2mError Reporting[2m > [22m[2mshould provide detailed error information for each failed 
document
[22m[39mWorker thread failed, falling back to main thread: ENOENT: no such file or directory, open 
'C:\dev\Kiloween\test-data\integration-error-test\missing.txt'

[90mstdout[2m | src/main/ResourceMonitor.test.js[2m > [22m[2mResourceMonitor[2m > [22m[2msampling[2m > [22m[2mshould limit sample history
[22m[39mResource monitoring stopped

[90mstdout[2m | src/main/ResourceMonitor.test.js[2m > [22m[2mResourceMonitor[2m > [22m[2mgetCurrentMemory[2m > [22m[2mshould return current memory usage
[22m[39mResource monitoring started

[90mstdout[2m | src/main/ResourceMonitor.test.js[2m > [22m[2mResourceMonitor[2m > [22m[2mgetCurrentMemory[2m > [22m[2mshould return current memory usage
[22m[39mResource monitoring stopped

[90mstdout[2m | src/main/ResourceMonitor.test.js[2m > [22m[2mResourceMonitor[2m > [22m[2mgetAverageMemory[2m > [22m[2mshould calculate average memory usage
[22m[39mResource monitoring started

[90mstderr[2m | src/main/DocumentErrorHandlingIntegration.test.js[2m > [22m[2mDocument Error Handling 
Integration[2m > [22m[2mError Reporting[2m > [22m[2mshould provide detailed error information for each failed 
document
[22m[39mDocument processing errors: [
  {
    filePath: [32m'C:\\dev\\Kiloween\\test-data\\integration-error-test\\missing.txt'[39m,
    error: [32m'File not found: missing.txt'[39m,
    userFriendlyError: [32m'File not found: missing.txt'[39m,
    fileName: [32m'missing.txt'[39m
  },
  {
    filePath: [32m'C:\\dev\\Kiloween\\test-data\\integration-error-test\\corrupted.pdf'[39m,
    error: [32m'PDF file is corrupted or invalid'[39m,
    userFriendlyError: [32m'This PDF file appears to be corrupted or invalid.'[39m,
    fileName: [32m'corrupted.pdf'[39m
  }
]

[90mstderr[2m | src/main/QuestionGenerator.integration.test.js[2m > [22m[2mQuestionGenerator Integration Tests[2m > 
[22m[2mwith real documents[2m > [22m[2mshould extract keywords from processed PDF document
[22m[39mWorker thread failed, falling back to main thread: bad XRef entry

[90mstderr[2m | src/main/TimerQuestionValidation.integration.test.js[2m > [22m[2mTimer and Question Validation 
Integration[2m > [22m[2mregenerateQuestions[2m > [22m[2mshould fail when no documents are configured
[22m[39mQuestion generation failed, attempting to use cached questions: Error: No documents provided for question 
generation
    at QuestionGenerator.generateQuestions [90m(C:\dev\Kiloween\[39msrc\main\QuestionGenerator.js:469:13[90m)[39m
    at QuestionGenerator.generateQuestionsWithFallback 
[90m(C:\dev\Kiloween\[39msrc\main\QuestionGenerator.js:706:30[90m)[39m
    at C:/dev/Kiloween/src/main/TimerQuestionValidation.integration.test.js:100:46
    at [90mfile:///C:/dev/Kiloween/[39mnode_modules/[4m@vitest[24m/runner/dist/index.js:753:20

[90mstderr[2m | src/main/TimerQuestionValidation.integration.test.js[2m > [22m[2mTimer and Question Validation 
Integration[2m > [22m[2mregenerateQuestions[2m > [22m[2mshould fall back to cached questions on failure
[22m[39mError in generateQuestions: Error: Could not generate any valid questions from the provided documents
    at QuestionGenerator.generateQuestions [90m(C:\dev\Kiloween\[39msrc\main\QuestionGenerator.js:509:15[90m)[39m
    at QuestionGenerator.generateQuestionsWithFallback 
[90m(C:\dev\Kiloween\[39msrc\main\QuestionGenerator.js:706:30[90m)[39m
    at C:/dev/Kiloween/src/main/TimerQuestionValidation.integration.test.js:144:46
    at [90mfile:///C:/dev/Kiloween/[39mnode_modules/[4m@vitest[24m/runner/dist/index.js:753:20
Question generation failed, attempting to use cached questions: Error: Could not generate any valid questions from the 
provided documents
    at QuestionGenerator.generateQuestions [90m(C:\dev\Kiloween\[39msrc\main\QuestionGenerator.js:509:15[90m)[39m
    at QuestionGenerator.generateQuestionsWithFallback 
[90m(C:\dev\Kiloween\[39msrc\main\QuestionGenerator.js:706:30[90m)[39m
    at C:/dev/Kiloween/src/main/TimerQuestionValidation.integration.test.js:144:46
    at [90mfile:///C:/dev/Kiloween/[39mnode_modules/[4m@vitest[24m/runner/dist/index.js:753:20

[90mstdout[2m | src/main/TimerQuestionValidation.integration.test.js[2m > [22m[2mTimer and Question Validation Integration[2m > [22m[2mregenerateQuestions[2m > [22m[2mshould fall back to cached questions on failure
[22m[39mUsing 1 cached questions from previous session

[90mstdout[2m | src/main/SessionStatistics.integration.test.js[2m > [22m[2mSession Statistics Integration[2m > [22m[2mshould track correct answers through ScareController
[22m[39mAnswer submitted for question q1: 1
Answer correct

[90mstdout[2m | src/main/SessionStatistics.integration.test.js[2m > [22m[2mSession Statistics Integration[2m > [22m[2mshould track incorrect answers through ScareController
[22m[39mAnswer submitted for question q2: 0
Answer incorrect

[90mstderr[2m | src/main/TimerQuestionValidation.integration.test.js[2m > [22m[2mTimer and Question Validation 
Integration[2m > [22m[2mError scenarios[2m > [22m[2mshould handle empty document content gracefully
[22m[39mError in generateQuestions: Error: Could not generate any valid questions from the provided documents
    at QuestionGenerator.generateQuestions [90m(C:\dev\Kiloween\[39msrc\main\QuestionGenerator.js:509:15[90m)[39m
    at QuestionGenerator.generateQuestionsWithFallback 
[90m(C:\dev\Kiloween\[39msrc\main\QuestionGenerator.js:706:30[90m)[39m
    at C:/dev/Kiloween/src/main/TimerQuestionValidation.integration.test.js:225:46
    at [90mfile:///C:/dev/Kiloween/[39mnode_modules/[4m@vitest[24m/runner/dist/index.js:157:11
    at [90mfile:///C:/dev/Kiloween/[39mnode_modules/[4m@vitest[24m/runner/dist/index.js:753:26
    at [90mfile:///C:/dev/Kiloween/[39mnode_modules/[4m@vitest[24m/runner/dist/index.js:1636:20
    at new Promise (<anonymous>)
    at runWithTimeout 
[90m(file:///C:/dev/Kiloween/[39mnode_modules/[4m@vitest[24m/runner/dist/index.js:1602:10[90m)[39m
    at runTest [90m(file:///C:/dev/Kiloween/[39mnode_modules/[4m@vitest[24m/runner/dist/index.js:1309:12[90m)[39m
    at runSuite [90m(file:///C:/dev/Kiloween/[39mnode_modules/[4m@vitest[24m/runner/dist/index.js:1468:8[90m)[39m
    at runSuite [90m(file:///C:/dev/Kiloween/[39mnode_modules/[4m@vitest[24m/runner/dist/index.js:1468:8[90m)[39m
    at runSuite [90m(file:///C:/dev/Kiloween/[39mnode_modules/[4m@vitest[24m/runner/dist/index.js:1468:8[90m)[39m
    at runFiles [90m(file:///C:/dev/Kiloween/[39mnode_modules/[4m@vitest[24m/runner/dist/index.js:1526:3[90m)[39m
    at startTests [90m(file:///C:/dev/Kiloween/[39mnode_modules/[4m@vitest[24m/runner/dist/index.js:1559:3[90m)[39m
    at run [90m(file:///C:/dev/Kiloween/[39mnode_modules/[4mvitest[24m/dist/chunks/base.CiIV2DDC.js:85:25[90m)[39m
    at runBaseTests 
[90m(file:///C:/dev/Kiloween/[39mnode_modules/[4mvitest[24m/dist/chunks/base.CiIV2DDC.js:153:2[90m)[39m
Question generation failed, attempting to use cached questions: Error: Could not generate any valid questions from the 
provided documents
    at QuestionGenerator.generateQuestions [90m(C:\dev\Kiloween\[39msrc\main\QuestionGenerator.js:509:15[90m)[39m
    at QuestionGenerator.generateQuestionsWithFallback 
[90m(C:\dev\Kiloween\[39msrc\main\QuestionGenerator.js:706:30[90m)[39m
    at C:/dev/Kiloween/src/main/TimerQuestionValidation.integration.test.js:225:46
    at [90mfile:///C:/dev/Kiloween/[39mnode_modules/[4m@vitest[24m/runner/dist/index.js:157:11
    at [90mfile:///C:/dev/Kiloween/[39mnode_modules/[4m@vitest[24m/runner/dist/index.js:753:26
    at [90mfile:///C:/dev/Kiloween/[39mnode_modules/[4m@vitest[24m/runner/dist/index.js:1636:20
    at new Promise (<anonymous>)
    at runWithTimeout 
[90m(file:///C:/dev/Kiloween/[39mnode_modules/[4m@vitest[24m/runner/dist/index.js:1602:10[90m)[39m
    at runTest [90m(file:///C:/dev/Kiloween/[39mnode_modules/[4m@vitest[24m/runner/dist/index.js:1309:12[90m)[39m
    at runSuite [90m(file:///C:/dev/Kiloween/[39mnode_modules/[4m@vitest[24m/runner/dist/index.js:1468:8[90m)[39m
    at runSuite [90m(file:///C:/dev/Kiloween/[39mnode_modules/[4m@vitest[24m/runner/dist/index.js:1468:8[90m)[39m
    at runSuite [90m(file:///C:/dev/Kiloween/[39mnode_modules/[4m@vitest[24m/runner/dist/index.js:1468:8[90m)[39m
    at runFiles [90m(file:///C:/dev/Kiloween/[39mnode_modules/[4m@vitest[24m/runner/dist/index.js:1526:3[90m)[39m
    at startTests [90m(file:///C:/dev/Kiloween/[39mnode_modules/[4m@vitest[24m/runner/dist/index.js:1559:3[90m)[39m
    at run [90m(file:///C:/dev/Kiloween/[39mnode_modules/[4mvitest[24m/dist/chunks/base.CiIV2DDC.js:85:25[90m)[39m
    at runBaseTests 
[90m(file:///C:/dev/Kiloween/[39mnode_modules/[4mvitest[24m/dist/chunks/base.CiIV2DDC.js:153:2[90m)[39m

[90mstdout[2m | src/main/SessionStatistics.integration.test.js[2m > [22m[2mSession Statistics Integration[2m > [22m[2mshould track streak correctly across multiple answers
[22m[39mAnswer submitted for question q1: 1
Answer correct

[90mstdout[2m | src/main/SessionStatistics.integration.test.js[2m > [22m[2mSession Statistics Integration[2m > [22m[2mshould track streak correctly across multiple answers
[22m[39mAnswer submitted for question q2: 1
Answer correct

[90mstderr[2m | src/main/TimerQuestionValidation.integration.test.js[2m > [22m[2mTimer and Question Validation 
Integration[2m > [22m[2mError scenarios[2m > [22m[2mshould handle invalid document format gracefully
[22m[39mError in generateQuestions: Error: Could not generate any valid questions from the provided documents
    at QuestionGenerator.generateQuestions [90m(C:\dev\Kiloween\[39msrc\main\QuestionGenerator.js:509:15[90m)[39m
    at QuestionGenerator.generateQuestionsWithFallback 
[90m(C:\dev\Kiloween\[39msrc\main\QuestionGenerator.js:706:30[90m)[39m
    at C:/dev/Kiloween/src/main/TimerQuestionValidation.integration.test.js:241:46
    at [90mfile:///C:/dev/Kiloween/[39mnode_modules/[4m@vitest[24m/runner/dist/index.js:157:11
    at [90mfile:///C:/dev/Kiloween/[39mnode_modules/[4m@vitest[24m/runner/dist/index.js:753:26
    at [90mfile:///C:/dev/Kiloween/[39mnode_modules/[4m@vitest[24m/runner/dist/index.js:1636:20
    at new Promise (<anonymous>)
    at runWithTimeout 
[90m(file:///C:/dev/Kiloween/[39mnode_modules/[4m@vitest[24m/runner/dist/index.js:1602:10[90m)[39m
    at runTest [90m(file:///C:/dev/Kiloween/[39mnode_modules/[4m@vitest[24m/runner/dist/index.js:1309:12[90m)[39m
    at runSuite [90m(file:///C:/dev/Kiloween/[39mnode_modules/[4m@vitest[24m/runner/dist/index.js:1468:8[90m)[39m
    at runSuite [90m(file:///C:/dev/Kiloween/[39mnode_modules/[4m@vitest[24m/runner/dist/index.js:1468:8[90m)[39m
    at runSuite [90m(file:///C:/dev/Kiloween/[39mnode_modules/[4m@vitest[24m/runner/dist/index.js:1468:8[90m)[39m
    at runFiles [90m(file:///C:/dev/Kiloween/[39mnode_modules/[4m@vitest[24m/runner/dist/index.js:1526:3[90m)[39m
    at startTests [90m(file:///C:/dev/Kiloween/[39mnode_modules/[4m@vitest[24m/runner/dist/index.js:1559:3[90m)[39m
    at run [90m(file:///C:/dev/Kiloween/[39mnode_modules/[4mvitest[24m/dist/chunks/base.CiIV2DDC.js:85:25[90m)[39m
    at runBaseTests 
[90m(file:///C:/dev/Kiloween/[39mnode_modules/[4mvitest[24m/dist/chunks/base.CiIV2DDC.js:153:2[90m)[39m
Question generation failed, attempting to use cached questions: Error: Could not generate any valid questions from the 
provided documents
    at QuestionGenerator.generateQuestions [90m(C:\dev\Kiloween\[39msrc\main\QuestionGenerator.js:509:15[90m)[39m
    at QuestionGenerator.generateQuestionsWithFallback 
[90m(C:\dev\Kiloween\[39msrc\main\QuestionGenerator.js:706:30[90m)[39m
    at C:/dev/Kiloween/src/main/TimerQuestionValidation.integration.test.js:241:46
    at [90mfile:///C:/dev/Kiloween/[39mnode_modules/[4m@vitest[24m/runner/dist/index.js:157:11
    at [90mfile:///C:/dev/Kiloween/[39mnode_modules/[4m@vitest[24m/runner/dist/index.js:753:26
    at [90mfile:///C:/dev/Kiloween/[39mnode_modules/[4m@vitest[24m/runner/dist/index.js:1636:20
    at new Promise (<anonymous>)
    at runWithTimeout 
[90m(file:///C:/dev/Kiloween/[39mnode_modules/[4m@vitest[24m/runner/dist/index.js:1602:10[90m)[39m
    at runTest [90m(file:///C:/dev/Kiloween/[39mnode_modules/[4m@vitest[24m/runner/dist/index.js:1309:12[90m)[39m
    at runSuite [90m(file:///C:/dev/Kiloween/[39mnode_modules/[4m@vitest[24m/runner/dist/index.js:1468:8[90m)[39m
    at runSuite [90m(file:///C:/dev/Kiloween/[39mnode_modules/[4m@vitest[24m/runner/dist/index.js:1468:8[90m)[39m
    at runSuite [90m(file:///C:/dev/Kiloween/[39mnode_modules/[4m@vitest[24m/runner/dist/index.js:1468:8[90m)[39m
    at runFiles [90m(file:///C:/dev/Kiloween/[39mnode_modules/[4m@vitest[24m/runner/dist/index.js:1526:3[90m)[39m
    at startTests [90m(file:///C:/dev/Kiloween/[39mnode_modules/[4m@vitest[24m/runner/dist/index.js:1559:3[90m)[39m
    at run [90m(file:///C:/dev/Kiloween/[39mnode_modules/[4mvitest[24m/dist/chunks/base.CiIV2DDC.js:85:25[90m)[39m
    at runBaseTests 
[90m(file:///C:/dev/Kiloween/[39mnode_modules/[4mvitest[24m/dist/chunks/base.CiIV2DDC.js:153:2[90m)[39m

[90mstdout[2m | src/main/SessionStatistics.integration.test.js[2m > [22m[2mSession Statistics Integration[2m > [22m[2mshould track streak correctly across multiple answers
[22m[39mAnswer submitted for question q3: 0
Answer incorrect

[90mstderr[2m | src/main/TimerQuestionValidation.integration.test.js[2m > [22m[2mTimer and Question Validation 
Integration[2m > [22m[2mError scenarios[2m > [22m[2mshould provide helpful error messages
[22m[39mQuestion generation failed, attempting to use cached questions: Error: No documents provided for question 
generation
    at QuestionGenerator.generateQuestions [90m(C:\dev\Kiloween\[39msrc\main\QuestionGenerator.js:469:13[90m)[39m
    at QuestionGenerator.generateQuestionsWithFallback 
[90m(C:\dev\Kiloween\[39msrc\main\QuestionGenerator.js:706:30[90m)[39m
    at C:/dev/Kiloween/src/main/TimerQuestionValidation.integration.test.js:248:46
    at [90mfile:///C:/dev/Kiloween/[39mnode_modules/[4m@vitest[24m/runner/dist/index.js:157:11
    at [90mfile:///C:/dev/Kiloween/[39mnode_modules/[4m@vitest[24m/runner/dist/index.js:753:26
    at [90mfile:///C:/dev/Kiloween/[39mnode_modules/[4m@vitest[24m/runner/dist/index.js:1636:20
    at new Promise (<anonymous>)
    at runWithTimeout 
[90m(file:///C:/dev/Kiloween/[39mnode_modules/[4m@vitest[24m/runner/dist/index.js:1602:10[90m)[39m
    at runTest [90m(file:///C:/dev/Kiloween/[39mnode_modules/[4m@vitest[24m/runner/dist/index.js:1309:12[90m)[39m
    at runSuite [90m(file:///C:/dev/Kiloween/[39mnode_modules/[4m@vitest[24m/runner/dist/index.js:1468:8[90m)[39m
    at runSuite [90m(file:///C:/dev/Kiloween/[39mnode_modules/[4m@vitest[24m/runner/dist/index.js:1468:8[90m)[39m
    at runSuite [90m(file:///C:/dev/Kiloween/[39mnode_modules/[4m@vitest[24m/runner/dist/index.js:1468:8[90m)[39m
    at runFiles [90m(file:///C:/dev/Kiloween/[39mnode_modules/[4m@vitest[24m/runner/dist/index.js:1526:3[90m)[39m
    at startTests [90m(file:///C:/dev/Kiloween/[39mnode_modules/[4m@vitest[24m/runner/dist/index.js:1559:3[90m)[39m
    at run [90m(file:///C:/dev/Kiloween/[39mnode_modules/[4mvitest[24m/dist/chunks/base.CiIV2DDC.js:85:25[90m)[39m
    at runBaseTests 
[90m(file:///C:/dev/Kiloween/[39mnode_modules/[4mvitest[24m/dist/chunks/base.CiIV2DDC.js:153:2[90m)[39m

[90mstdout[2m | src/main/EscapeKeyCancellation.integration.test.js[2m > [22m[2mESC Key Cancellation Integration[2m > [22m[2mFull Cancellation Flow[2m > [22m[2mshould cancel sequence and reset timer when ESC is pressed
[22m[39mStarting scare sequence
Transitioning to stage: shake

[90mstdout[2m | src/main/SessionStatistics.integration.test.js[2m > [22m[2mSession Statistics Integration[2m > [22m[2mshould persist statistics across sessions
[22m[39mAnswer submitted for question q1: 1
Answer correct

[90mstdout[2m | src/main/EscapeKeyCancellation.integration.test.js[2m > [22m[2mESC Key Cancellation Integration[2m > [22m[2mFull Cancellation Flow[2m > [22m[2mshould cancel sequence and reset timer when ESC is pressed
[22m[39mCancelling scare sequence

[90mstdout[2m | src/main/EscapeKeyCancellation.integration.test.js[2m > [22m[2mESC Key Cancellation Integration[2m > [22m[2mFull Cancellation Flow[2m > [22m[2mshould cancel sequence and reset timer when ESC is pressed
[22m[39mDestroying ScareController

[90mstdout[2m | src/main/EscapeKeyCancellation.integration.test.js[2m > [22m[2mESC Key Cancellation Integration[2m > [22m[2mFull Cancellation Flow[2m > [22m[2mshould reset timer to configured interval after cancellation
[22m[39mTimer interval changed from 20 to 15 minutes
Starting scare sequence
Transitioning to stage: shake

[90mstdout[2m | src/main/EscapeKeyCancellation.integration.test.js[2m > [22m[2mESC Key Cancellation Integration[2m > [22m[2mFull Cancellation Flow[2m > [22m[2mshould reset timer to configured interval after cancellation
[22m[39mCancelling scare sequence

[90mstdout[2m | src/main/SessionStatistics.integration.test.js[2m > [22m[2mSession Statistics Integration[2m > [22m[2mshould reset statistics correctly
[22m[39mAnswer submitted for question q1: 1
Answer correct

[90mstdout[2m | src/main/EscapeKeyCancellation.integration.test.js[2m > [22m[2mESC Key Cancellation Integration[2m > [22m[2mFull Cancellation Flow[2m > [22m[2mshould reset timer to configured interval after cancellation
[22m[39mDestroying ScareController

[90mstdout[2m | src/main/SessionStatistics.integration.test.js[2m > [22m[2mSession Statistics Integration[2m > [22m[2mshould reset statistics correctly
[22m[39mAnswer submitted for question q2: 1
Answer correct

 [32m✓[39m src/main/TimerQuestionValidation.integration.test.js [2m([22m[2m15 tests[22m[2m)[22m[32m 133[2mms[22m[39m
[90mstdout[2m | src/main/EscapeKeyCancellation.integration.test.js[2m > [22m[2mESC Key Cancellation Integration[2m > [22m[2mFull Cancellation Flow[2m > [22m[2mshould allow starting a new sequence after cancellation
[22m[39mStarting scare sequence
Transitioning to stage: shake

[90mstdout[2m | src/main/EscapeKeyCancellation.integration.test.js[2m > [22m[2mESC Key Cancellation Integration[2m > [22m[2mFull Cancellation Flow[2m > [22m[2mshould allow starting a new sequence after cancellation
[22m[39mCancelling scare sequence
Starting scare sequence
Transitioning to stage: shake

[90mstdout[2m | src/main/SessionStatistics.integration.test.js[2m > [22m[2mSession Statistics Integration[2m > [22m[2mshould calculate accuracy correctly
[22m[39mAnswer submitted for question q1: 1
Answer correct

[90mstdout[2m | src/main/EscapeKeyCancellation.integration.test.js[2m > [22m[2mESC Key Cancellation Integration[2m > [22m[2mFull Cancellation Flow[2m > [22m[2mshould allow starting a new sequence after cancellation
[22m[39mDestroying ScareController

[90mstdout[2m | src/main/SessionStatistics.integration.test.js[2m > [22m[2mSession Statistics Integration[2m > [22m[2mshould calculate accuracy correctly
[22m[39mAnswer submitted for question q2: 1
Answer correct

[90mstdout[2m | src/main/EscapeKeyCancellation.integration.test.js[2m > [22m[2mESC Key Cancellation Integration[2m > [22m[2mCancellation at Different Stages[2m > [22m[2mshould cancel during shake stage
[22m[39mStarting scare sequence
Transitioning to stage: shake

[90mstdout[2m | src/main/SessionStatistics.integration.test.js[2m > [22m[2mSession Statistics Integration[2m > [22m[2mshould calculate accuracy correctly
[22m[39mAnswer submitted for question q3: 0
Answer incorrect

[90mstdout[2m | src/main/EscapeKeyCancellation.integration.test.js[2m > [22m[2mESC Key Cancellation Integration[2m > [22m[2mCancellation at Different Stages[2m > [22m[2mshould cancel during shake stage
[22m[39mCancelling scare sequence

[90mstdout[2m | src/main/EscapeKeyCancellation.integration.test.js[2m > [22m[2mESC Key Cancellation Integration[2m > [22m[2mCancellation at Different Stages[2m > [22m[2mshould cancel during shake stage
[22m[39mDestroying ScareController

[90mstdout[2m | src/main/EscapeKeyCancellation.integration.test.js[2m > [22m[2mESC Key Cancellation Integration[2m > [22m[2mCancellation at Different Stages[2m > [22m[2mshould cancel during darken stage
[22m[39mStarting scare sequence
Transitioning to stage: shake

[90mstdout[2m | src/main/EscapeKeyCancellation.integration.test.js[2m > [22m[2mESC Key Cancellation Integration[2m > [22m[2mCancellation at Different Stages[2m > [22m[2mshould cancel during darken stage
[22m[39mStage completed: shake
Transitioning to stage: darken
Cancelling scare sequence

[90mstdout[2m | src/main/EscapeKeyCancellation.integration.test.js[2m > [22m[2mESC Key Cancellation Integration[2m > [22m[2mCancellation at Different Stages[2m > [22m[2mshould cancel during darken stage
[22m[39mDestroying ScareController

[90mstdout[2m | src/main/EscapeKeyCancellation.integration.test.js[2m > [22m[2mESC Key Cancellation Integration[2m > [22m[2mCancellation at Different Stages[2m > [22m[2mshould cancel during tunnel stage
[22m[39mStarting scare sequence
Transitioning to stage: shake

[90mstdout[2m | src/main/EscapeKeyCancellation.integration.test.js[2m > [22m[2mESC Key Cancellation Integration[2m > [22m[2mCancellation at Different Stages[2m > [22m[2mshould cancel during tunnel stage
[22m[39mStage completed: shake
Transitioning to stage: darken
Stage completed: darken
Transitioning to stage: tunnel
Cancelling scare sequence

[90mstdout[2m | src/main/EscapeKeyCancellation.integration.test.js[2m > [22m[2mESC Key Cancellation Integration[2m > [22m[2mCancellation at Different Stages[2m > [22m[2mshould cancel during tunnel stage
[22m[39mDestroying ScareController

[90mstdout[2m | src/main/SessionStatistics.integration.test.js[2m > [22m[2mSession Statistics Integration[2m > [22m[2mshould update lastQuestionAt timestamp
[22m[39mAnswer submitted for question q1: 1
Answer correct

 [32m✓[39m src/main/SessionStatistics.integration.test.js [2m([22m[2m7 tests[22m[2m)[22m[32m 126[2mms[22m[39m
[90mstdout[2m | src/main/EscapeKeyCancellation.integration.test.js[2m > [22m[2mESC Key Cancellation Integration[2m > [22m[2mCancellation at Different Stages[2m > [22m[2mshould cancel during jumpscare stage
[22m[39mStarting scare sequence
Transitioning to stage: shake

[90mstdout[2m | src/main/EscapeKeyCancellation.integration.test.js[2m > [22m[2mESC Key Cancellation Integration[2m > [22m[2mCancellation at Different Stages[2m > [22m[2mshould cancel during jumpscare stage
[22m[39mStage completed: shake
Transitioning to stage: darken
Stage completed: darken
Transitioning to stage: tunnel
Stage completed: tunnel
Transitioning to stage: jumpscare
Cancelling scare sequence

[90mstdout[2m | src/main/EscapeKeyCancellation.integration.test.js[2m > [22m[2mESC Key Cancellation Integration[2m > [22m[2mCancellation at Different Stages[2m > [22m[2mshould cancel during jumpscare stage
[22m[39mDestroying ScareController

[90mstdout[2m | src/main/EscapeKeyCancellation.integration.test.js[2m > [22m[2mESC Key Cancellation Integration[2m > [22m[2mCancellation at Different Stages[2m > [22m[2mshould cancel during question stage
[22m[39mStarting scare sequence
Transitioning to stage: shake

[90mstdout[2m | src/main/EscapeKeyCancellation.integration.test.js[2m > [22m[2mESC Key Cancellation Integration[2m > [22m[2mCancellation at Different Stages[2m > [22m[2mshould cancel during question stage
[22m[39mStage completed: shake
Transitioning to stage: darken
Stage completed: darken
Transitioning to stage: tunnel
Stage completed: tunnel
Transitioning to stage: jumpscare
Stage completed: jumpscare
Transitioning to stage: question
Showing question: undefined
Cancelling scare sequence

[90mstdout[2m | src/main/EscapeKeyCancellation.integration.test.js[2m > [22m[2mESC Key Cancellation Integration[2m > [22m[2mCancellation at Different Stages[2m > [22m[2mshould cancel during question stage
[22m[39mDestroying ScareController

[90mstdout[2m | src/main/EscapeKeyCancellation.integration.test.js[2m > [22m[2mESC Key Cancellation Integration[2m > [22m[2mTimer Integration[2m > [22m[2mshould handle timer expiration → sequence start → cancellation → timer reset
[22m[39mStarting scare sequence
Transitioning to stage: shake

[90mstdout[2m | src/main/EscapeKeyCancellation.integration.test.js[2m > [22m[2mESC Key Cancellation Integration[2m > [22m[2mTimer Integration[2m > [22m[2mshould handle timer expiration → sequence start → cancellation → timer reset
[22m[39mCancelling scare sequence

[90mstdout[2m | src/main/EscapeKeyCancellation.integration.test.js[2m > [22m[2mESC Key Cancellation Integration[2m > [22m[2mTimer Integration[2m > [22m[2mshould handle timer expiration → sequence start → cancellation → timer reset
[22m[39mDestroying ScareController

[90mstdout[2m | src/main/EscapeKeyCancellation.integration.test.js[2m > [22m[2mESC Key Cancellation Integration[2m > [22m[2mTimer Integration[2m > [22m[2mshould maintain timer state across multiple cancellations
[22m[39mStarting scare sequence
Transitioning to stage: shake

[90mstdout[2m | src/main/EscapeKeyCancellation.integration.test.js[2m > [22m[2mESC Key Cancellation Integration[2m > [22m[2mTimer Integration[2m > [22m[2mshould maintain timer state across multiple cancellations
[22m[39mCancelling scare sequence
Starting scare sequence
Transitioning to stage: shake

[90mstdout[2m | src/main/EscapeKeyCancellation.integration.test.js[2m > [22m[2mESC Key Cancellation Integration[2m > [22m[2mTimer Integration[2m > [22m[2mshould maintain timer state across multiple cancellations
[22m[39mCancelling scare sequence

[90mstdout[2m | src/main/EscapeKeyCancellation.integration.test.js[2m > [22m[2mESC Key Cancellation Integration[2m > [22m[2mTimer Integration[2m > [22m[2mshould maintain timer state across multiple cancellations
[22m[39mDestroying ScareController

[90mstdout[2m | src/main/EscapeKeyCancellation.integration.test.js[2m > [22m[2mESC Key Cancellation Integration[2m > [22m[2mError Handling[2m > [22m[2mshould handle cancellation when window is destroyed
[22m[39mDestroying ScareController

[90mstderr[2m | src/main/QuestionGenerationErrorHandling.test.js[2m > [22m[2mQuestionGenerator - Error Handling[2m 
> [22m[2mgenerateQuestions - Error Handling[2m > [22m[2mshould throw error when no concepts can be extracted
[22m[39mError in generateQuestions: Error: Could not generate any valid questions from the provided documents
    at QuestionGenerator.generateQuestions [90m(C:\dev\Kiloween\[39msrc\main\QuestionGenerator.js:509:15[90m)[39m
    at C:/dev/Kiloween/src/main/QuestionGenerationErrorHandling.test.js:133:36
    at Proxy.assertThrows [90m(file:///C:/dev/Kiloween/[39mnode_modules/[4mchai[24m/index.js:2798:5[90m)[39m
    at Proxy.methodWrapper [90m(file:///C:/dev/Kiloween/[39mnode_modules/[4mchai[24m/index.js:1700:25[90m)[39m
    at Proxy.<anonymous> 
[90m(file:///C:/dev/Kiloween/[39mnode_modules/[4m@vitest[24m/expect/dist/index.js:1149:12[90m)[39m
    at Proxy.overwritingMethodWrapper 
[90m(file:///C:/dev/Kiloween/[39mnode_modules/[4mchai[24m/index.js:1750:33[90m)[39m
    at Proxy.<anonymous> 
[90m(file:///C:/dev/Kiloween/[39mnode_modules/[4m@vitest[24m/expect/dist/index.js:1485:16[90m)[39m
    at Proxy.<anonymous> 
[90m(file:///C:/dev/Kiloween/[39mnode_modules/[4m@vitest[24m/expect/dist/index.js:1090:14[90m)[39m
    at Proxy.methodWrapper [90m(file:///C:/dev/Kiloween/[39mnode_modules/[4mchai[24m/index.js:1700:25[90m)[39m
    at C:/dev/Kiloween/src/main/QuestionGenerationErrorHandling.test.js:133:66

[90mstderr[2m | src/main/QuestionGenerationErrorHandling.test.js[2m > [22m[2mQuestionGenerator - Error Handling[2m 
> [22m[2mgenerateQuestions - Error Handling[2m > [22m[2mshould throw error when no valid questions can be generated
[22m[39mError in generateQuestions: Error: Could not generate any valid questions from the provided documents
    at QuestionGenerator.generateQuestions [90m(C:\dev\Kiloween\[39msrc\main\QuestionGenerator.js:509:15[90m)[39m
    at C:/dev/Kiloween/src/main/QuestionGenerationErrorHandling.test.js:145:36
    at Proxy.assertThrows [90m(file:///C:/dev/Kiloween/[39mnode_modules/[4mchai[24m/index.js:2798:5[90m)[39m
    at Proxy.methodWrapper [90m(file:///C:/dev/Kiloween/[39mnode_modules/[4mchai[24m/index.js:1700:25[90m)[39m
    at Proxy.<anonymous> 
[90m(file:///C:/dev/Kiloween/[39mnode_modules/[4m@vitest[24m/expect/dist/index.js:1149:12[90m)[39m
    at Proxy.overwritingMethodWrapper 
[90m(file:///C:/dev/Kiloween/[39mnode_modules/[4mchai[24m/index.js:1750:33[90m)[39m
    at Proxy.<anonymous> 
[90m(file:///C:/dev/Kiloween/[39mnode_modules/[4m@vitest[24m/expect/dist/index.js:1485:16[90m)[39m
    at Proxy.<anonymous> 
[90m(file:///C:/dev/Kiloween/[39mnode_modules/[4m@vitest[24m/expect/dist/index.js:1090:14[90m)[39m
    at Proxy.methodWrapper [90m(file:///C:/dev/Kiloween/[39mnode_modules/[4mchai[24m/index.js:1700:25[90m)[39m
    at C:/dev/Kiloween/src/main/QuestionGenerationErrorHandling.test.js:145:66

[90mstdout[2m | src/main/EscapeKeyCancellation.integration.test.js[2m > [22m[2mESC Key Cancellation Integration[2m > [22m[2mError Handling[2m > [22m[2mshould handle cancellation when no sequence is active
[22m[39mStarting scare sequence
Transitioning to stage: shake

[90mstdout[2m | src/main/EscapeKeyCancellation.integration.test.js[2m > [22m[2mESC Key Cancellation Integration[2m > [22m[2mError Handling[2m > [22m[2mshould handle cancellation when no sequence is active
[22m[39mCancelling scare sequence

[90mstdout[2m | src/main/EscapeKeyCancellation.integration.test.js[2m > [22m[2mESC Key Cancellation Integration[2m > [22m[2mError Handling[2m > [22m[2mshould handle cancellation when no sequence is active
[22m[39mDestroying ScareController

[90mstdout[2m | src/main/EscapeKeyCancellation.integration.test.js[2m > [22m[2mESC Key Cancellation Integration[2m > [22m[2mError Handling[2m > [22m[2mshould handle multiple rapid cancellations
[22m[39mStarting scare sequence
Transitioning to stage: shake
Cancelling scare sequence
Starting scare sequence
Transitioning to stage: shake
Cancelling scare sequence

[90mstdout[2m | src/main/EscapeKeyCancellation.integration.test.js[2m > [22m[2mESC Key Cancellation Integration[2m > [22m[2mError Handling[2m > [22m[2mshould handle multiple rapid cancellations
[22m[39mDestroying ScareController

[90mstderr[2m | src/main/QuestionGenerationErrorHandling.test.js[2m > [22m[2mQuestionGenerator - Error Handling[2m 
> [22m[2mgenerateQuestionsWithFallback[2m > [22m[2mshould fall back to cached questions on generation failure
[22m[39mError in generateQuestions: Error: Could not generate any valid questions from the provided documents
    at QuestionGenerator.generateQuestions [90m(C:\dev\Kiloween\[39msrc\main\QuestionGenerator.js:509:15[90m)[39m
    at QuestionGenerator.generateQuestionsWithFallback 
[90m(C:\dev\Kiloween\[39msrc\main\QuestionGenerator.js:706:30[90m)[39m
    at C:/dev/Kiloween/src/main/QuestionGenerationErrorHandling.test.js:208:44
    at [90mfile:///C:/dev/Kiloween/[39mnode_modules/[4m@vitest[24m/runner/dist/index.js:753:20
Question generation failed, attempting to use cached questions: Error: Could not generate any valid questions from the 
provided documents
    at QuestionGenerator.generateQuestions [90m(C:\dev\Kiloween\[39msrc\main\QuestionGenerator.js:509:15[90m)[39m
    at QuestionGenerator.generateQuestionsWithFallback 
[90m(C:\dev\Kiloween\[39msrc\main\QuestionGenerator.js:706:30[90m)[39m
    at C:/dev/Kiloween/src/main/QuestionGenerationErrorHandling.test.js:208:44
    at [90mfile:///C:/dev/Kiloween/[39mnode_modules/[4m@vitest[24m/runner/dist/index.js:753:20

[90mstdout[2m | src/main/EscapeKeyCancellation.integration.test.js[2m > [22m[2mESC Key Cancellation Integration[2m > [22m[2mIPC Communication[2m > [22m[2mshould send cancel message through IPC channel
[22m[39mStarting scare sequence
Transitioning to stage: shake
Cancelling scare sequence

[90mstdout[2m | src/main/QuestionGenerationErrorHandling.test.js[2m > [22m[2mQuestionGenerator - Error Handling[2m > [22m[2mgenerateQuestionsWithFallback[2m > [22m[2mshould fall back to cached questions on generation failure
[22m[39mUsing 1 cached questions from previous session

[90mstdout[2m | src/main/EscapeKeyCancellation.integration.test.js[2m > [22m[2mESC Key Cancellation Integration[2m > [22m[2mIPC Communication[2m > [22m[2mshould send cancel message through IPC channel
[22m[39mDestroying ScareController

[90mstderr[2m | src/main/QuestionGenerationErrorHandling.test.js[2m > [22m[2mQuestionGenerator - Error Handling[2m 
> [22m[2mgenerateQuestionsWithFallback[2m > [22m[2mshould return error when generation fails and no cache exists
[22m[39mError in generateQuestions: Error: Could not generate any valid questions from the provided documents
    at QuestionGenerator.generateQuestions [90m(C:\dev\Kiloween\[39msrc\main\QuestionGenerator.js:509:15[90m)[39m
    at QuestionGenerator.generateQuestionsWithFallback 
[90m(C:\dev\Kiloween\[39msrc\main\QuestionGenerator.js:706:30[90m)[39m
    at C:/dev/Kiloween/src/main/QuestionGenerationErrorHandling.test.js:227:44
    at [90mfile:///C:/dev/Kiloween/[39mnode_modules/[4m@vitest[24m/runner/dist/index.js:157:11
    at [90mfile:///C:/dev/Kiloween/[39mnode_modules/[4m@vitest[24m/runner/dist/index.js:753:26
    at [90mfile:///C:/dev/Kiloween/[39mnode_modules/[4m@vitest[24m/runner/dist/index.js:1636:20
    at new Promise (<anonymous>)
    at runWithTimeout 
[90m(file:///C:/dev/Kiloween/[39mnode_modules/[4m@vitest[24m/runner/dist/index.js:1602:10[90m)[39m
    at runTest [90m(file:///C:/dev/Kiloween/[39mnode_modules/[4m@vitest[24m/runner/dist/index.js:1309:12[90m)[39m
    at runSuite [90m(file:///C:/dev/Kiloween/[39mnode_modules/[4m@vitest[24m/runner/dist/index.js:1468:8[90m)[39m
Question generation failed, attempting to use cached questions: Error: Could not generate any valid questions from the 
provided documents
    at QuestionGenerator.generateQuestions [90m(C:\dev\Kiloween\[39msrc\main\QuestionGenerator.js:509:15[90m)[39m
    at QuestionGenerator.generateQuestionsWithFallback 
[90m(C:\dev\Kiloween\[39msrc\main\QuestionGenerator.js:706:30[90m)[39m
    at C:/dev/Kiloween/src/main/QuestionGenerationErrorHandling.test.js:227:44
    at [90mfile:///C:/dev/Kiloween/[39mnode_modules/[4m@vitest[24m/runner/dist/index.js:157:11
    at [90mfile:///C:/dev/Kiloween/[39mnode_modules/[4m@vitest[24m/runner/dist/index.js:753:26
    at [90mfile:///C:/dev/Kiloween/[39mnode_modules/[4m@vitest[24m/runner/dist/index.js:1636:20
    at new Promise (<anonymous>)
    at runWithTimeout 
[90m(file:///C:/dev/Kiloween/[39mnode_modules/[4m@vitest[24m/runner/dist/index.js:1602:10[90m)[39m
    at runTest [90m(file:///C:/dev/Kiloween/[39mnode_modules/[4m@vitest[24m/runner/dist/index.js:1309:12[90m)[39m
    at runSuite [90m(file:///C:/dev/Kiloween/[39mnode_modules/[4m@vitest[24m/runner/dist/index.js:1468:8[90m)[39m

[90mstdout[2m | src/main/EscapeKeyCancellation.integration.test.js[2m > [22m[2mESC Key Cancellation Integration[2m > [22m[2mRequirement 11.3 Verification[2m > [22m[2mshould satisfy requirement: ESC key cancels sequence
[22m[39mStarting scare sequence
Transitioning to stage: shake

[90mstdout[2m | src/main/EscapeKeyCancellation.integration.test.js[2m > [22m[2mESC Key Cancellation Integration[2m > [22m[2mRequirement 11.3 Verification[2m > [22m[2mshould satisfy requirement: ESC key cancels sequence
[22m[39mCancelling scare sequence

[90mstdout[2m | src/main/EscapeKeyCancellation.integration.test.js[2m > [22m[2mESC Key Cancellation Integration[2m > [22m[2mRequirement 11.3 Verification[2m > [22m[2mshould satisfy requirement: ESC key cancels sequence
[22m[39mDestroying ScareController

[90mstdout[2m | src/main/QuestionGenerator.integration.test.js[2m > [22m[2mQuestionGenerator Integration Tests[2m > [22m[2mwith real documents[2m > [22m[2mshould extract keywords from processed PDF document
[22m[39mSkipping PDF test: expected 0 to be greater than 0

[90mstdout[2m | src/main/ResourceMonitor.test.js[2m > [22m[2mResourceMonitor[2m > [22m[2mgetAverageMemory[2m > [22m[2mshould calculate average memory usage
[22m[39mResource monitoring stopped

[90mstdout[2m | src/main/EscapeKeyCancellation.integration.test.js[2m > [22m[2mESC Key Cancellation Integration[2m > [22m[2mRequirement 11.3 Verification[2m > [22m[2mshould satisfy requirement: Timer resets to configured interval
[22m[39mTimer interval changed from 15 to 20 minutes
Starting scare sequence
Transitioning to stage: shake

[90mstdout[2m | src/main/EscapeKeyCancellation.integration.test.js[2m > [22m[2mESC Key Cancellation Integration[2m > [22m[2mRequirement 11.3 Verification[2m > [22m[2mshould satisfy requirement: Timer resets to configured interval
[22m[39mCancelling scare sequence

[90mstdout[2m | src/main/EscapeKeyCancellation.integration.test.js[2m > [22m[2mESC Key Cancellation Integration[2m > [22m[2mRequirement 11.3 Verification[2m > [22m[2mshould satisfy requirement: Timer resets to configured interval
[22m[39mDestroying ScareController

[90mstdout[2m | src/main/ResourceMonitor.test.js[2m > [22m[2mResourceMonitor[2m > [22m[2mgetCPUUsage[2m > [22m[2mshould calculate CPU usage
[22m[39mResource monitoring started

[90mstderr[2m | src/main/QuestionGenerationErrorHandling.test.js[2m > [22m[2mQuestionGenerator - Error Handling[2m 
> [22m[2mgenerateQuestionsWithFallback[2m > [22m[2mshould handle cache load errors gracefully
[22m[39mError in generateQuestions: Error: Could not generate any valid questions from the provided documents
    at QuestionGenerator.generateQuestions [90m(C:\dev\Kiloween\[39msrc\main\QuestionGenerator.js:509:15[90m)[39m
    at QuestionGenerator.generateQuestionsWithFallback 
[90m(C:\dev\Kiloween\[39msrc\main\QuestionGenerator.js:706:30[90m)[39m
    at C:/dev/Kiloween/src/main/QuestionGenerationErrorHandling.test.js:266:44
    at [90mfile:///C:/dev/Kiloween/[39mnode_modules/[4m@vitest[24m/runner/dist/index.js:753:20
Question generation failed, attempting to use cached questions: Error: Could not generate any valid questions from the 
provided documents
    at QuestionGenerator.generateQuestions [90m(C:\dev\Kiloween\[39msrc\main\QuestionGenerator.js:509:15[90m)[39m
    at QuestionGenerator.generateQuestionsWithFallback 
[90m(C:\dev\Kiloween\[39msrc\main\QuestionGenerator.js:706:30[90m)[39m
    at C:/dev/Kiloween/src/main/QuestionGenerationErrorHandling.test.js:266:44
    at [90mfile:///C:/dev/Kiloween/[39mnode_modules/[4m@vitest[24m/runner/dist/index.js:753:20

[90mstderr[2m | src/main/QuestionGenerationErrorHandling.test.js[2m > [22m[2mQuestionGenerator - Error Handling[2m 
> [22m[2mgenerateQuestionsWithFallback[2m > [22m[2mshould handle cache load errors gracefully
[22m[39mError loading question cache: SyntaxError: Unexpected token 'i', "invalid json{{{" is not valid JSON
    at JSON.parse (<anonymous>)
    at QuestionGenerator.loadCache [90m(C:\dev\Kiloween\[39msrc\main\QuestionGenerator.js:549:27[90m)[39m
    at QuestionGenerator.generateQuestionsWithFallback 
[90m(C:\dev\Kiloween\[39msrc\main\QuestionGenerator.js:722:9[90m)[39m
    at C:/dev/Kiloween/src/main/QuestionGenerationErrorHandling.test.js:266:28
    at [90mfile:///C:/dev/Kiloween/[39mnode_modules/[4m@vitest[24m/runner/dist/index.js:753:20

[90mstderr[2m | src/main/QuestionGenerationErrorHandling.test.js[2m > [22m[2mQuestionGenerator - Error Handling[2m 
> [22m[2mIntegration with empty/invalid documents[2m > [22m[2mshould handle completely empty document
[22m[39mError in generateQuestions: Error: Could not generate any valid questions from the provided documents
    at QuestionGenerator.generateQuestions [90m(C:\dev\Kiloween\[39msrc\main\QuestionGenerator.js:509:15[90m)[39m
    at QuestionGenerator.generateQuestionsWithFallback 
[90m(C:\dev\Kiloween\[39msrc\main\QuestionGenerator.js:706:30[90m)[39m
    at C:/dev/Kiloween/src/main/QuestionGenerationErrorHandling.test.js:284:44
    at [90mfile:///C:/dev/Kiloween/[39mnode_modules/[4m@vitest[24m/runner/dist/index.js:157:11
    at [90mfile:///C:/dev/Kiloween/[39mnode_modules/[4m@vitest[24m/runner/dist/index.js:753:26
    at [90mfile:///C:/dev/Kiloween/[39mnode_modules/[4m@vitest[24m/runner/dist/index.js:1636:20
    at new Promise (<anonymous>)
    at runWithTimeout 
[90m(file:///C:/dev/Kiloween/[39mnode_modules/[4m@vitest[24m/runner/dist/index.js:1602:10[90m)[39m
    at runTest [90m(file:///C:/dev/Kiloween/[39mnode_modules/[4m@vitest[24m/runner/dist/index.js:1309:12[90m)[39m
    at runSuite [90m(file:///C:/dev/Kiloween/[39mnode_modules/[4m@vitest[24m/runner/dist/index.js:1468:8[90m)[39m
Question generation failed, attempting to use cached questions: Error: Could not generate any valid questions from the 
provided documents
    at QuestionGenerator.generateQuestions [90m(C:\dev\Kiloween\[39msrc\main\QuestionGenerator.js:509:15[90m)[39m
    at QuestionGenerator.generateQuestionsWithFallback 
[90m(C:\dev\Kiloween\[39msrc\main\QuestionGenerator.js:706:30[90m)[39m
    at C:/dev/Kiloween/src/main/QuestionGenerationErrorHandling.test.js:284:44
    at [90mfile:///C:/dev/Kiloween/[39mnode_modules/[4m@vitest[24m/runner/dist/index.js:157:11
    at [90mfile:///C:/dev/Kiloween/[39mnode_modules/[4m@vitest[24m/runner/dist/index.js:753:26
    at [90mfile:///C:/dev/Kiloween/[39mnode_modules/[4m@vitest[24m/runner/dist/index.js:1636:20
    at new Promise (<anonymous>)
    at runWithTimeout 
[90m(file:///C:/dev/Kiloween/[39mnode_modules/[4m@vitest[24m/runner/dist/index.js:1602:10[90m)[39m
    at runTest [90m(file:///C:/dev/Kiloween/[39mnode_modules/[4m@vitest[24m/runner/dist/index.js:1309:12[90m)[39m
    at runSuite [90m(file:///C:/dev/Kiloween/[39mnode_modules/[4m@vitest[24m/runner/dist/index.js:1468:8[90m)[39m

[90mstdout[2m | src/main/EscapeKeyCancellation.integration.test.js[2m > [22m[2mESC Key Cancellation Integration[2m > [22m[2mRequirement 11.3 Verification[2m > [22m[2mshould satisfy requirement: Cancellation works at each stage
[22m[39mStarting scare sequence
Transitioning to stage: shake

[90mstdout[2m | src/main/EscapeKeyCancellation.integration.test.js[2m > [22m[2mESC Key Cancellation Integration[2m > [22m[2mRequirement 11.3 Verification[2m > [22m[2mshould satisfy requirement: Cancellation works at each stage
[22m[39mCancelling scare sequence
Starting scare sequence
Transitioning to stage: shake

[90mstdout[2m | src/main/EscapeKeyCancellation.integration.test.js[2m > [22m[2mESC Key Cancellation Integration[2m > [22m[2mRequirement 11.3 Verification[2m > [22m[2mshould satisfy requirement: Cancellation works at each stage
[22m[39mStage completed: shake
Transitioning to stage: darken
Cancelling scare sequence
Starting scare sequence
Transitioning to stage: shake

[90mstdout[2m | src/main/EscapeKeyCancellation.integration.test.js[2m > [22m[2mESC Key Cancellation Integration[2m > [22m[2mRequirement 11.3 Verification[2m > [22m[2mshould satisfy requirement: Cancellation works at each stage
[22m[39mStage completed: shake
Transitioning to stage: darken
Stage completed: darken
Transitioning to stage: tunnel
Cancelling scare sequence
Starting scare sequence
Transitioning to stage: shake

[90mstdout[2m | src/main/EscapeKeyCancellation.integration.test.js[2m > [22m[2mESC Key Cancellation Integration[2m > [22m[2mRequirement 11.3 Verification[2m > [22m[2mshould satisfy requirement: Cancellation works at each stage
[22m[39mStage completed: shake
Transitioning to stage: darken
Stage completed: darken
Transitioning to stage: tunnel
Stage completed: tunnel
Transitioning to stage: jumpscare
Cancelling scare sequence

[90mstdout[2m | src/main/EscapeKeyCancellation.integration.test.js[2m > [22m[2mESC Key Cancellation Integration[2m > [22m[2mRequirement 11.3 Verification[2m > [22m[2mshould satisfy requirement: Cancellation works at each stage
[22m[39mDestroying ScareController

[90mstderr[2m | src/main/QuestionGenerationErrorHandling.test.js[2m > [22m[2mQuestionGenerator - Error Handling[2m 
> [22m[2mIntegration with empty/invalid documents[2m > [22m[2mshould handle document with only whitespace
[22m[39mError in generateQuestions: Error: Could not generate any valid questions from the provided documents
    at QuestionGenerator.generateQuestions [90m(C:\dev\Kiloween\[39msrc\main\QuestionGenerator.js:509:15[90m)[39m
    at QuestionGenerator.generateQuestionsWithFallback 
[90m(C:\dev\Kiloween\[39msrc\main\QuestionGenerator.js:706:30[90m)[39m
    at C:/dev/Kiloween/src/main/QuestionGenerationErrorHandling.test.js:299:44
    at [90mfile:///C:/dev/Kiloween/[39mnode_modules/[4m@vitest[24m/runner/dist/index.js:157:11
    at [90mfile:///C:/dev/Kiloween/[39mnode_modules/[4m@vitest[24m/runner/dist/index.js:753:26
    at [90mfile:///C:/dev/Kiloween/[39mnode_modules/[4m@vitest[24m/runner/dist/index.js:1636:20
    at new Promise (<anonymous>)
    at runWithTimeout 
[90m(file:///C:/dev/Kiloween/[39mnode_modules/[4m@vitest[24m/runner/dist/index.js:1602:10[90m)[39m
    at runTest [90m(file:///C:/dev/Kiloween/[39mnode_modules/[4m@vitest[24m/runner/dist/index.js:1309:12[90m)[39m
    at runSuite [90m(file:///C:/dev/Kiloween/[39mnode_modules/[4m@vitest[24m/runner/dist/index.js:1468:8[90m)[39m
Question generation failed, attempting to use cached questions: Error: Could not generate any valid questions from the 
provided documents
    at QuestionGenerator.generateQuestions [90m(C:\dev\Kiloween\[39msrc\main\QuestionGenerator.js:509:15[90m)[39m
    at QuestionGenerator.generateQuestionsWithFallback 
[90m(C:\dev\Kiloween\[39msrc\main\QuestionGenerator.js:706:30[90m)[39m
    at C:/dev/Kiloween/src/main/QuestionGenerationErrorHandling.test.js:299:44
    at [90mfile:///C:/dev/Kiloween/[39mnode_modules/[4m@vitest[24m/runner/dist/index.js:157:11
    at [90mfile:///C:/dev/Kiloween/[39mnode_modules/[4m@vitest[24m/runner/dist/index.js:753:26
    at [90mfile:///C:/dev/Kiloween/[39mnode_modules/[4m@vitest[24m/runner/dist/index.js:1636:20
    at new Promise (<anonymous>)
    at runWithTimeout 
[90m(file:///C:/dev/Kiloween/[39mnode_modules/[4m@vitest[24m/runner/dist/index.js:1602:10[90m)[39m
    at runTest [90m(file:///C:/dev/Kiloween/[39mnode_modules/[4m@vitest[24m/runner/dist/index.js:1309:12[90m)[39m
    at runSuite [90m(file:///C:/dev/Kiloween/[39mnode_modules/[4m@vitest[24m/runner/dist/index.js:1468:8[90m)[39m

[90mstderr[2m | src/main/QuestionGenerationErrorHandling.test.js[2m > [22m[2mQuestionGenerator - Error Handling[2m 
> [22m[2mIntegration with empty/invalid documents[2m > [22m[2mshould handle document with insufficient content
[22m[39mError in generateQuestions: Error: Could not generate any valid questions from the provided documents
    at QuestionGenerator.generateQuestions [90m(C:\dev\Kiloween\[39msrc\main\QuestionGenerator.js:509:15[90m)[39m
    at QuestionGenerator.generateQuestionsWithFallback 
[90m(C:\dev\Kiloween\[39msrc\main\QuestionGenerator.js:706:30[90m)[39m
    at C:/dev/Kiloween/src/main/QuestionGenerationErrorHandling.test.js:314:44
    at [90mfile:///C:/dev/Kiloween/[39mnode_modules/[4m@vitest[24m/runner/dist/index.js:157:11
    at [90mfile:///C:/dev/Kiloween/[39mnode_modules/[4m@vitest[24m/runner/dist/index.js:753:26
    at [90mfile:///C:/dev/Kiloween/[39mnode_modules/[4m@vitest[24m/runner/dist/index.js:1636:20
    at new Promise (<anonymous>)
    at runWithTimeout 
[90m(file:///C:/dev/Kiloween/[39mnode_modules/[4m@vitest[24m/runner/dist/index.js:1602:10[90m)[39m
    at runTest [90m(file:///C:/dev/Kiloween/[39mnode_modules/[4m@vitest[24m/runner/dist/index.js:1309:12[90m)[39m
    at runSuite [90m(file:///C:/dev/Kiloween/[39mnode_modules/[4m@vitest[24m/runner/dist/index.js:1468:8[90m)[39m
Question generation failed, attempting to use cached questions: Error: Could not generate any valid questions from the 
provided documents
    at QuestionGenerator.generateQuestions [90m(C:\dev\Kiloween\[39msrc\main\QuestionGenerator.js:509:15[90m)[39m
    at QuestionGenerator.generateQuestionsWithFallback 
[90m(C:\dev\Kiloween\[39msrc\main\QuestionGenerator.js:706:30[90m)[39m
    at C:/dev/Kiloween/src/main/QuestionGenerationErrorHandling.test.js:314:44
    at [90mfile:///C:/dev/Kiloween/[39mnode_modules/[4m@vitest[24m/runner/dist/index.js:157:11
    at [90mfile:///C:/dev/Kiloween/[39mnode_modules/[4m@vitest[24m/runner/dist/index.js:753:26
    at [90mfile:///C:/dev/Kiloween/[39mnode_modules/[4m@vitest[24m/runner/dist/index.js:1636:20
    at new Promise (<anonymous>)
    at runWithTimeout 
[90m(file:///C:/dev/Kiloween/[39mnode_modules/[4m@vitest[24m/runner/dist/index.js:1602:10[90m)[39m
    at runTest [90m(file:///C:/dev/Kiloween/[39mnode_modules/[4m@vitest[24m/runner/dist/index.js:1309:12[90m)[39m
    at runSuite [90m(file:///C:/dev/Kiloween/[39mnode_modules/[4m@vitest[24m/runner/dist/index.js:1468:8[90m)[39m

 [32m✓[39m src/main/EscapeKeyCancellation.integration.test.js [2m([22m[2m17 tests[22m[2m)[22m[32m 172[2mms[22m[39m
[90mstderr[2m | src/main/QuestionGenerationErrorHandling.test.js[2m > [22m[2mQuestionGenerator - Error Handling[2m 
> [22m[2mIntegration with empty/invalid documents[2m > [22m[2mshould handle document with only stop words
[22m[39mError in generateQuestions: Error: Could not generate any valid questions from the provided documents
    at QuestionGenerator.generateQuestions [90m(C:\dev\Kiloween\[39msrc\main\QuestionGenerator.js:509:15[90m)[39m
    at QuestionGenerator.generateQuestionsWithFallback 
[90m(C:\dev\Kiloween\[39msrc\main\QuestionGenerator.js:706:30[90m)[39m
    at C:/dev/Kiloween/src/main/QuestionGenerationErrorHandling.test.js:329:44
    at [90mfile:///C:/dev/Kiloween/[39mnode_modules/[4m@vitest[24m/runner/dist/index.js:157:11
    at [90mfile:///C:/dev/Kiloween/[39mnode_modules/[4m@vitest[24m/runner/dist/index.js:753:26
    at [90mfile:///C:/dev/Kiloween/[39mnode_modules/[4m@vitest[24m/runner/dist/index.js:1636:20
    at new Promise (<anonymous>)
    at runWithTimeout 
[90m(file:///C:/dev/Kiloween/[39mnode_modules/[4m@vitest[24m/runner/dist/index.js:1602:10[90m)[39m
    at runTest [90m(file:///C:/dev/Kiloween/[39mnode_modules/[4m@vitest[24m/runner/dist/index.js:1309:12[90m)[39m
    at runSuite [90m(file:///C:/dev/Kiloween/[39mnode_modules/[4m@vitest[24m/runner/dist/index.js:1468:8[90m)[39m
Question generation failed, attempting to use cached questions: Error: Could not generate any valid questions from the 
provided documents
    at QuestionGenerator.generateQuestions [90m(C:\dev\Kiloween\[39msrc\main\QuestionGenerator.js:509:15[90m)[39m
    at QuestionGenerator.generateQuestionsWithFallback 
[90m(C:\dev\Kiloween\[39msrc\main\QuestionGenerator.js:706:30[90m)[39m
    at C:/dev/Kiloween/src/main/QuestionGenerationErrorHandling.test.js:329:44
    at [90mfile:///C:/dev/Kiloween/[39mnode_modules/[4m@vitest[24m/runner/dist/index.js:157:11
    at [90mfile:///C:/dev/Kiloween/[39mnode_modules/[4m@vitest[24m/runner/dist/index.js:753:26
    at [90mfile:///C:/dev/Kiloween/[39mnode_modules/[4m@vitest[24m/runner/dist/index.js:1636:20
    at new Promise (<anonymous>)
    at runWithTimeout 
[90m(file:///C:/dev/Kiloween/[39mnode_modules/[4m@vitest[24m/runner/dist/index.js:1602:10[90m)[39m
    at runTest [90m(file:///C:/dev/Kiloween/[39mnode_modules/[4m@vitest[24m/runner/dist/index.js:1309:12[90m)[39m
    at runSuite [90m(file:///C:/dev/Kiloween/[39mnode_modules/[4m@vitest[24m/runner/dist/index.js:1468:8[90m)[39m

[90mstderr[2m | src/main/QuestionGenerationErrorHandling.test.js[2m > [22m[2mQuestionGenerator - Error Handling[2m 
> [22m[2mIntegration with empty/invalid documents[2m > [22m[2mshould handle mixed valid and invalid documents
[22m[39mError in generateQuestions: Error: Could not generate any valid questions from the provided documents
    at QuestionGenerator.generateQuestions [90m(C:\dev\Kiloween\[39msrc\main\QuestionGenerator.js:509:15[90m)[39m
    at QuestionGenerator.generateQuestionsWithFallback 
[90m(C:\dev\Kiloween\[39msrc\main\QuestionGenerator.js:706:30[90m)[39m
    at C:/dev/Kiloween/src/main/QuestionGenerationErrorHandling.test.js:364:44
    at [90mfile:///C:/dev/Kiloween/[39mnode_modules/[4m@vitest[24m/runner/dist/index.js:753:20
Question generation failed, attempting to use cached questions: Error: Could not generate any valid questions from the 
provided documents
    at QuestionGenerator.generateQuestions [90m(C:\dev\Kiloween\[39msrc\main\QuestionGenerator.js:509:15[90m)[39m
    at QuestionGenerator.generateQuestionsWithFallback 
[90m(C:\dev\Kiloween\[39msrc\main\QuestionGenerator.js:706:30[90m)[39m
    at C:/dev/Kiloween/src/main/QuestionGenerationErrorHandling.test.js:364:44
    at [90mfile:///C:/dev/Kiloween/[39mnode_modules/[4m@vitest[24m/runner/dist/index.js:753:20

[90mstdout[2m | src/main/QuestionGenerationErrorHandling.test.js[2m > [22m[2mQuestionGenerator - Error Handling[2m > [22m[2mIntegration with empty/invalid documents[2m > [22m[2mshould handle mixed valid and invalid documents
[22m[39mUsing 1 cached questions from previous session

 [32m✓[39m src/main/QuestionGenerationErrorHandling.test.js [2m([22m[2m21 tests[22m[2m)[22m[32m 96[2mms[22m[39m
[90mstdout[2m | src/main/ScareController.test.js[2m > [22m[2mScareController[2m > [22m[2mConstructor[2m > [22m[2mshould create a ScareController instance
[22m[39mDestroying ScareController

[90mstdout[2m | src/main/ScareController.test.js[2m > [22m[2mScareController[2m > [22m[2mConstructor[2m > [22m[2mshould throw error if questionGenerator is not provided
[22m[39mDestroying ScareController

[90mstdout[2m | src/main/ScareController.test.js[2m > [22m[2mScareController[2m > [22m[2mConstructor[2m > [22m[2mshould initialize with default state
[22m[39mDestroying ScareController

[90mstdout[2m | src/main/ScareController.test.js[2m > [22m[2mScareController[2m > [22m[2msetScareWindow[2m > [22m[2mshould set the scare window reference
[22m[39mDestroying ScareController

[90mstdout[2m | src/main/ScareController.test.js[2m > [22m[2mScareController[2m > [22m[2msetScareWindow[2m > [22m[2mshould set the scare window reference
[22m[39mDestroying ScareController

[90mstdout[2m | src/main/ScareController.test.js[2m > [22m[2mScareController[2m > [22m[2msetScareWindow[2m > [22m[2mshould throw error for invalid window
[22m[39mDestroying ScareController

[90mstdout[2m | src/main/ScareController.test.js[2m > [22m[2mScareController[2m > [22m[2msetScareWindow[2m > [22m[2mshould throw error for invalid window
[22m[39mDestroying ScareController

[90mstdout[2m | src/main/ScareController.test.js[2m > [22m[2mScareController[2m > [22m[2msetScareWindow[2m > [22m[2mshould set up window listeners
[22m[39mDestroying ScareController

[90mstdout[2m | src/main/ScareController.test.js[2m > [22m[2mScareController[2m > [22m[2mstartSequence[2m > [22m[2mshould start the scare sequence
[22m[39mStarting scare sequence
Transitioning to stage: shake

[90mstdout[2m | src/main/ScareController.test.js[2m > [22m[2mScareController[2m > [22m[2mstartSequence[2m > [22m[2mshould start the scare sequence
[22m[39mDestroying ScareController

[90mstdout[2m | src/main/ScareController.test.js[2m > [22m[2mScareController[2m > [22m[2mstartSequence[2m > [22m[2mshould set current stage to SHAKE
[22m[39mStarting scare sequence
Transitioning to stage: shake

[90mstdout[2m | src/main/ScareController.test.js[2m > [22m[2mScareController[2m > [22m[2mstartSequence[2m > [22m[2mshould set current stage to SHAKE
[22m[39mDestroying ScareController

[90mstdout[2m | src/main/ScareController.test.js[2m > [22m[2mScareController[2m > [22m[2mstartSequence[2m > [22m[2mshould not start if sequence is already active
[22m[39mStarting scare sequence
Transitioning to stage: shake

[90mstderr[2m | src/main/ScareController.test.js[2m > [22m[2mScareController[2m > [22m[2mstartSequence[2m > 
[22m[2mshould not start if sequence is already active
[22m[39mScare sequence already active

[90mstdout[2m | src/main/ScareController.test.js[2m > [22m[2mScareController[2m > [22m[2mstartSequence[2m > [22m[2mshould not start if sequence is already active
[22m[39mDestroying ScareController

[90mstdout[2m | src/main/ScareController.test.js[2m > [22m[2mScareController[2m > [22m[2mstartSequence[2m > [22m[2mshould throw error if scare window is not available
[22m[39mDestroying ScareController

[90mstdout[2m | src/main/ScareController.test.js[2m > [22m[2mScareController[2m > [22m[2mstartSequence[2m > [22m[2mshould emit sequence-start event
[22m[39mStarting scare sequence
Transitioning to stage: shake

[90mstdout[2m | src/main/ScareController.test.js[2m > [22m[2mScareController[2m > [22m[2mstartSequence[2m > [22m[2mshould emit sequence-start event
[22m[39mDestroying ScareController

[90mstdout[2m | src/main/ScareController.test.js[2m > [22m[2mScareController[2m > [22m[2mStage Progression[2m > [22m[2mshould progress from SHAKE to DARKEN
[22m[39mStarting scare sequence
Transitioning to stage: shake

[90mstdout[2m | src/main/ScareController.test.js[2m > [22m[2mScareController[2m > [22m[2mStage Progression[2m > [22m[2mshould progress from SHAKE to DARKEN
[22m[39mStage completed: shake
Transitioning to stage: darken

[90mstdout[2m | src/main/ScareController.test.js[2m > [22m[2mScareController[2m > [22m[2mStage Progression[2m > [22m[2mshould progress from SHAKE to DARKEN
[22m[39mDestroying ScareController

[90mstdout[2m | src/main/ScareController.test.js[2m > [22m[2mScareController[2m > [22m[2mStage Progression[2m > [22m[2mshould progress from DARKEN to TUNNEL
[22m[39mStarting scare sequence
Transitioning to stage: shake

[90mstdout[2m | src/main/ScareController.test.js[2m > [22m[2mScareController[2m > [22m[2mStage Progression[2m > [22m[2mshould progress from DARKEN to TUNNEL
[22m[39mStage completed: shake
Transitioning to stage: darken
Stage completed: darken
Transitioning to stage: tunnel

[90mstdout[2m | src/main/ScareController.test.js[2m > [22m[2mScareController[2m > [22m[2mStage Progression[2m > [22m[2mshould progress from DARKEN to TUNNEL
[22m[39mDestroying ScareController

[90mstdout[2m | src/main/ScareController.test.js[2m > [22m[2mScareController[2m > [22m[2mStage Progression[2m > [22m[2mshould progress from TUNNEL to JUMPSCARE
[22m[39mStarting scare sequence
Transitioning to stage: shake

[90mstdout[2m | src/main/ScareController.test.js[2m > [22m[2mScareController[2m > [22m[2mStage Progression[2m > [22m[2mshould progress from TUNNEL to JUMPSCARE
[22m[39mStage completed: shake
Transitioning to stage: darken
Stage completed: darken
Transitioning to stage: tunnel
Stage completed: tunnel
Transitioning to stage: jumpscare

[90mstdout[2m | src/main/ScareController.test.js[2m > [22m[2mScareController[2m > [22m[2mStage Progression[2m > [22m[2mshould progress from TUNNEL to JUMPSCARE
[22m[39mDestroying ScareController

[90mstdout[2m | src/main/ScareController.test.js[2m > [22m[2mScareController[2m > [22m[2mStage Progression[2m > [22m[2mshould progress from JUMPSCARE to QUESTION
[22m[39mStarting scare sequence
Transitioning to stage: shake

[90mstdout[2m | src/main/ScareController.test.js[2m > [22m[2mScareController[2m > [22m[2mStage Progression[2m > [22m[2mshould progress from JUMPSCARE to QUESTION
[22m[39mStage completed: shake
Transitioning to stage: darken
Stage completed: darken
Transitioning to stage: tunnel
Stage completed: tunnel
Transitioning to stage: jumpscare
Stage completed: jumpscare
Transitioning to stage: question
Showing question: q1

[90mstdout[2m | src/main/ScareController.test.js[2m > [22m[2mScareController[2m > [22m[2mStage Progression[2m > [22m[2mshould progress from JUMPSCARE to QUESTION
[22m[39mDestroying ScareController

[90mstdout[2m | src/main/ScareController.test.js[2m > [22m[2mScareController[2m > [22m[2mStage Progression[2m > [22m[2mshould emit stage-change events
[22m[39mStarting scare sequence
Transitioning to stage: shake

[90mstdout[2m | src/main/ScareController.test.js[2m > [22m[2mScareController[2m > [22m[2mStage Progression[2m > [22m[2mshould emit stage-change events
[22m[39mStage completed: shake
Transitioning to stage: darken

[90mstdout[2m | src/main/ScareController.test.js[2m > [22m[2mScareController[2m > [22m[2mStage Progression[2m > [22m[2mshould emit stage-change events
[22m[39mDestroying ScareController

[90mstdout[2m | src/main/ScareController.test.js[2m > [22m[2mScareController[2m > [22m[2mStage Progression[2m > [22m[2mshould emit stage-complete events
[22m[39mStarting scare sequence
Transitioning to stage: shake

[90mstdout[2m | src/main/ScareController.test.js[2m > [22m[2mScareController[2m > [22m[2mStage Progression[2m > [22m[2mshould emit stage-complete events
[22m[39mStage completed: shake
Transitioning to stage: darken

[90mstdout[2m | src/main/ScareController.test.js[2m > [22m[2mScareController[2m > [22m[2mStage Progression[2m > [22m[2mshould emit stage-complete events
[22m[39mDestroying ScareController

[90mstdout[2m | src/main/ScareController.test.js[2m > [22m[2mScareController[2m > [22m[2mQuestion Display[2m > [22m[2mshould show question when reaching QUESTION stage
[22m[39mStarting scare sequence
Transitioning to stage: shake

[90mstdout[2m | src/main/ScareController.test.js[2m > [22m[2mScareController[2m > [22m[2mQuestion Display[2m > [22m[2mshould show question when reaching QUESTION stage
[22m[39mStage completed: shake
Transitioning to stage: darken
Stage completed: darken
Transitioning to stage: tunnel
Stage completed: tunnel
Transitioning to stage: jumpscare
Stage completed: jumpscare
Transitioning to stage: question
Showing question: q1

[90mstdout[2m | src/main/ScareController.test.js[2m > [22m[2mScareController[2m > [22m[2mQuestion Display[2m > [22m[2mshould show question when reaching QUESTION stage
[22m[39mDestroying ScareController

[90mstdout[2m | src/main/ScareController.test.js[2m > [22m[2mScareController[2m > [22m[2mQuestion Display[2m > [22m[2mshould handle no questions available
[22m[39mStarting scare sequence
Transitioning to stage: shake

[90mstdout[2m | src/main/ScareController.test.js[2m > [22m[2mScareController[2m > [22m[2mQuestion Display[2m > [22m[2mshould handle no questions available
[22m[39mStage completed: shake
Transitioning to stage: darken
Stage completed: darken
Transitioning to stage: tunnel
Stage completed: tunnel
Transitioning to stage: jumpscare
Stage completed: jumpscare
Transitioning to stage: question

[90mstderr[2m | src/main/ScareController.test.js[2m > [22m[2mScareController[2m > [22m[2mQuestion Display[2m > 
[22m[2mshould handle no questions available
[22m[39mNo questions available

[90mstdout[2m | src/main/ScareController.test.js[2m > [22m[2mScareController[2m > [22m[2mQuestion Display[2m > [22m[2mshould handle no questions available
[22m[39mDestroying ScareController

[90mstdout[2m | src/main/ScareController.test.js[2m > [22m[2mScareController[2m > [22m[2mQuestion Display[2m > [22m[2mshould emit question-shown event
[22m[39mStarting scare sequence
Transitioning to stage: shake

[90mstdout[2m | src/main/ScareController.test.js[2m > [22m[2mScareController[2m > [22m[2mQuestion Display[2m > [22m[2mshould emit question-shown event
[22m[39mStage completed: shake
Transitioning to stage: darken
Stage completed: darken
Transitioning to stage: tunnel
Stage completed: tunnel
Transitioning to stage: jumpscare
Stage completed: jumpscare
Transitioning to stage: question
Showing question: q1

[90mstdout[2m | src/main/ScareController.test.js[2m > [22m[2mScareController[2m > [22m[2mQuestion Display[2m > [22m[2mshould emit question-shown event
[22m[39mDestroying ScareController

[90mstdout[2m | src/main/ScareController.test.js[2m > [22m[2mScareController[2m > [22m[2mAnswer Validation[2m > [22m[2mshould validate correct answer
[22m[39mStarting scare sequence
Transitioning to stage: shake

[90mstdout[2m | src/main/ScareController.test.js[2m > [22m[2mScareController[2m > [22m[2mAnswer Validation[2m > [22m[2mshould validate correct answer
[22m[39mStage completed: shake
Transitioning to stage: darken
Stage completed: darken
Transitioning to stage: tunnel
Stage completed: tunnel
Transitioning to stage: jumpscare
Stage completed: jumpscare
Transitioning to stage: question
Showing question: q1

[90mstdout[2m | src/main/ScareController.test.js[2m > [22m[2mScareController[2m > [22m[2mAnswer Validation[2m > [22m[2mshould validate correct answer
[22m[39mDestroying ScareController

[90mstdout[2m | src/main/ScareController.test.js[2m > [22m[2mScareController[2m > [22m[2mAnswer Validation[2m > [22m[2mshould validate incorrect answer
[22m[39mStarting scare sequence
Transitioning to stage: shake

[90mstdout[2m | src/main/ScareController.test.js[2m > [22m[2mScareController[2m > [22m[2mAnswer Validation[2m > [22m[2mshould validate incorrect answer
[22m[39mStage completed: shake
Transitioning to stage: darken
Stage completed: darken
Transitioning to stage: tunnel
Stage completed: tunnel
Transitioning to stage: jumpscare
Stage completed: jumpscare
Transitioning to stage: question
Showing question: q1

[90mstdout[2m | src/main/ScareController.test.js[2m > [22m[2mScareController[2m > [22m[2mAnswer Validation[2m > [22m[2mshould validate incorrect answer
[22m[39mDestroying ScareController

[90mstdout[2m | src/main/ScareController.test.js[2m > [22m[2mScareController[2m > [22m[2mAnswer Validation[2m > [22m[2mshould handle answer submission
[22m[39mStarting scare sequence
Transitioning to stage: shake

[90mstdout[2m | src/main/ScareController.test.js[2m > [22m[2mScareController[2m > [22m[2mAnswer Validation[2m > [22m[2mshould handle answer submission
[22m[39mStage completed: shake
Transitioning to stage: darken
Stage completed: darken
Transitioning to stage: tunnel
Stage completed: tunnel
Transitioning to stage: jumpscare
Stage completed: jumpscare
Transitioning to stage: question
Showing question: q1

[90mstdout[2m | src/main/ScareController.test.js[2m > [22m[2mScareController[2m > [22m[2mAnswer Validation[2m > [22m[2mshould handle answer submission
[22m[39mAnswer submitted for question q1: 2
Answer correct

[90mstdout[2m | src/main/ScareController.test.js[2m > [22m[2mScareController[2m > [22m[2mAnswer Validation[2m > [22m[2mshould handle answer submission
[22m[39mDestroying ScareController

[90mstdout[2m | src/main/ScareController.test.js[2m > [22m[2mScareController[2m > [22m[2mAnswer Validation[2m > [22m[2mshould emit answer-submitted event
[22m[39mStarting scare sequence
Transitioning to stage: shake

[90mstdout[2m | src/main/ScareController.test.js[2m > [22m[2mScareController[2m > [22m[2mAnswer Validation[2m > [22m[2mshould emit answer-submitted event
[22m[39mStage completed: shake
Transitioning to stage: darken
Stage completed: darken
Transitioning to stage: tunnel
Stage completed: tunnel
Transitioning to stage: jumpscare
Stage completed: jumpscare
Transitioning to stage: question
Showing question: q1

[90mstdout[2m | src/main/ScareController.test.js[2m > [22m[2mScareController[2m > [22m[2mAnswer Validation[2m > [22m[2mshould emit answer-submitted event
[22m[39mAnswer submitted for question q1: 2
Answer correct

[90mstdout[2m | src/main/ScareController.test.js[2m > [22m[2mScareController[2m > [22m[2mAnswer Validation[2m > [22m[2mshould emit answer-submitted event
[22m[39mDestroying ScareController

[90mstdout[2m | src/main/ScareController.test.js[2m > [22m[2mScareController[2m > [22m[2mAnswer Validation[2m > [22m[2mshould provide positive feedback for correct answer
[22m[39mStarting scare sequence
Transitioning to stage: shake

[90mstdout[2m | src/main/ScareController.test.js[2m > [22m[2mScareController[2m > [22m[2mAnswer Validation[2m > [22m[2mshould provide positive feedback for correct answer
[22m[39mStage completed: shake
Transitioning to stage: darken
Stage completed: darken
Transitioning to stage: tunnel
Stage completed: tunnel
Transitioning to stage: jumpscare
Stage completed: jumpscare
Transitioning to stage: question
Showing question: q1

[90mstdout[2m | src/main/ScareController.test.js[2m > [22m[2mScareController[2m > [22m[2mAnswer Validation[2m > [22m[2mshould provide positive feedback for correct answer
[22m[39mAnswer submitted for question q1: 2
Answer correct

[90mstdout[2m | src/main/ScareController.test.js[2m > [22m[2mScareController[2m > [22m[2mAnswer Validation[2m > [22m[2mshould provide positive feedback for correct answer
[22m[39mDestroying ScareController

[90mstdout[2m | src/main/ScareController.test.js[2m > [22m[2mScareController[2m > [22m[2mAnswer Validation[2m > [22m[2mshould provide explanatory feedback for incorrect answer
[22m[39mStarting scare sequence
Transitioning to stage: shake

[90mstdout[2m | src/main/ScareController.test.js[2m > [22m[2mScareController[2m > [22m[2mAnswer Validation[2m > [22m[2mshould provide explanatory feedback for incorrect answer
[22m[39mStage completed: shake
Transitioning to stage: darken
Stage completed: darken
Transitioning to stage: tunnel
Stage completed: tunnel
Transitioning to stage: jumpscare
Stage completed: jumpscare
Transitioning to stage: question
Showing question: q1

[90mstdout[2m | src/main/ScareController.test.js[2m > [22m[2mScareController[2m > [22m[2mAnswer Validation[2m > [22m[2mshould provide explanatory feedback for incorrect answer
[22m[39mAnswer submitted for question q1: 0
Answer incorrect

[90mstdout[2m | src/main/ScareController.test.js[2m > [22m[2mScareController[2m > [22m[2mAnswer Validation[2m > [22m[2mshould provide explanatory feedback for incorrect answer
[22m[39mDestroying ScareController

[90mstdout[2m | src/main/ScareController.test.js[2m > [22m[2mScareController[2m > [22m[2mClick Handling[2m > [22m[2mshould handle click during DARKEN stage
[22m[39mClick detected in stage: darken
Transitioning to stage: tunnel

[90mstdout[2m | src/main/ScareController.test.js[2m > [22m[2mScareController[2m > [22m[2mClick Handling[2m > [22m[2mshould handle click during DARKEN stage
[22m[39mDestroying ScareController

[90mstdout[2m | src/main/ScareController.test.js[2m > [22m[2mScareController[2m > [22m[2mClick Handling[2m > [22m[2mshould not handle clicks for unhandled stages
[22m[39mClick detected in stage: shake
Click not handled for stage: shake

[90mstdout[2m | src/main/ScareController.test.js[2m > [22m[2mScareController[2m > [22m[2mClick Handling[2m > [22m[2mshould not handle clicks for unhandled stages
[22m[39mDestroying ScareController

[90mstdout[2m | src/main/ScareController.test.js[2m > [22m[2mScareController[2m > [22m[2mcancelSequence[2m > [22m[2mshould cancel active sequence
[22m[39mStarting scare sequence
Transitioning to stage: shake

[90mstdout[2m | src/main/ScareController.test.js[2m > [22m[2mScareController[2m > [22m[2mcancelSequence[2m > [22m[2mshould cancel active sequence
[22m[39mCancelling scare sequence

[90mstdout[2m | src/main/ScareController.test.js[2m > [22m[2mScareController[2m > [22m[2mcancelSequence[2m > [22m[2mshould cancel active sequence
[22m[39mDestroying ScareController

[90mstdout[2m | src/main/ScareController.test.js[2m > [22m[2mScareController[2m > [22m[2mcancelSequence[2m > [22m[2mshould emit sequence-cancelled event
[22m[39mStarting scare sequence
Transitioning to stage: shake

[90mstdout[2m | src/main/ScareController.test.js[2m > [22m[2mScareController[2m > [22m[2mcancelSequence[2m > [22m[2mshould emit sequence-cancelled event
[22m[39mCancelling scare sequence

[90mstdout[2m | src/main/ScareController.test.js[2m > [22m[2mScareController[2m > [22m[2mcancelSequence[2m > [22m[2mshould emit sequence-cancelled event
[22m[39mDestroying ScareController

[90mstdout[2m | src/main/ScareController.test.js[2m > [22m[2mScareController[2m > [22m[2mcancelSequence[2m > [22m[2mshould do nothing if sequence is not active
[22m[39mDestroying ScareController

[90mstdout[2m | src/main/ScareController.test.js[2m > [22m[2mScareController[2m > [22m[2mendSequence[2m > [22m[2mshould end active sequence
[22m[39mStarting scare sequence
Transitioning to stage: shake

[90mstdout[2m | src/main/ScareController.test.js[2m > [22m[2mScareController[2m > [22m[2mendSequence[2m > [22m[2mshould end active sequence
[22m[39mEnding scare sequence

[90mstdout[2m | src/main/ScareController.test.js[2m > [22m[2mScareController[2m > [22m[2mendSequence[2m > [22m[2mshould end active sequence
[22m[39mDestroying ScareController

[90mstdout[2m | src/main/ScareController.test.js[2m > [22m[2mScareController[2m > [22m[2mendSequence[2m > [22m[2mshould emit sequence-end event
[22m[39mStarting scare sequence
Transitioning to stage: shake

[90mstdout[2m | src/main/ScareController.test.js[2m > [22m[2mScareController[2m > [22m[2mendSequence[2m > [22m[2mshould emit sequence-end event
[22m[39mEnding scare sequence

[90mstdout[2m | src/main/ScareController.test.js[2m > [22m[2mScareController[2m > [22m[2mendSequence[2m > [22m[2mshould emit sequence-end event
[22m[39mDestroying ScareController

[90mstdout[2m | src/main/ScareController.test.js[2m > [22m[2mScareController[2m > [22m[2mendSequence[2m > [22m[2mshould do nothing if sequence is not active
[22m[39mDestroying ScareController

[90mstdout[2m | src/main/ScareController.test.js[2m > [22m[2mScareController[2m > [22m[2mdestroy[2m > [22m[2mshould clean up resources
[22m[39mDestroying ScareController

[90mstdout[2m | src/main/ScareController.test.js[2m > [22m[2mScareController[2m > [22m[2mdestroy[2m > [22m[2mshould clean up resources
[22m[39mDestroying ScareController

[90mstdout[2m | src/main/ScareController.test.js[2m > [22m[2mScareController[2m > [22m[2mdestroy[2m > [22m[2mshould remove all event listeners
[22m[39mDestroying ScareController

[90mstdout[2m | src/main/ScareController.test.js[2m > [22m[2mScareController[2m > [22m[2mdestroy[2m > [22m[2mshould remove all event listeners
[22m[39mDestroying ScareController

[90mstdout[2m | src/main/ScareController.test.js[2m > [22m[2mScareController[2m > [22m[2mGetters[2m > [22m[2mshould get current stage
[22m[39mStarting scare sequence
Transitioning to stage: shake

[90mstdout[2m | src/main/ScareController.test.js[2m > [22m[2mScareController[2m > [22m[2mGetters[2m > [22m[2mshould get current stage
[22m[39mDestroying ScareController

[90mstdout[2m | src/main/ScareController.test.js[2m > [22m[2mScareController[2m > [22m[2mGetters[2m > [22m[2mshould check if sequence is active
[22m[39mStarting scare sequence
Transitioning to stage: shake

[90mstdout[2m | src/main/ScareController.test.js[2m > [22m[2mScareController[2m > [22m[2mGetters[2m > [22m[2mshould check if sequence is active
[22m[39mEnding scare sequence

[90mstdout[2m | src/main/ScareController.test.js[2m > [22m[2mScareController[2m > [22m[2mGetters[2m > [22m[2mshould check if sequence is active
[22m[39mDestroying ScareController

[90mstdout[2m | src/main/ScareController.test.js[2m > [22m[2mScareController[2m > [22m[2mGetters[2m > [22m[2mshould get current question
[22m[39mStarting scare sequence
Transitioning to stage: shake

[90mstdout[2m | src/main/ScareController.test.js[2m > [22m[2mScareController[2m > [22m[2mGetters[2m > [22m[2mshould get current question
[22m[39mStage completed: shake
Transitioning to stage: darken
Stage completed: darken
Transitioning to stage: tunnel
Stage completed: tunnel
Transitioning to stage: jumpscare
Stage completed: jumpscare
Transitioning to stage: question
Showing question: q1

[90mstdout[2m | src/main/ScareController.test.js[2m > [22m[2mScareController[2m > [22m[2mGetters[2m > [22m[2mshould get current question
[22m[39mDestroying ScareController

 [32m✓[39m src/main/ScareController.test.js [2m([22m[2m39 tests[22m[2m)[22m[32m 56[2mms[22m[39m
[90mstdout[2m | src/main/DocumentProcessor.test.js[2m > [22m[2mDocumentProcessor[2m > [22m[2mPDF Processing[2m > [22m[2mprocessPDF[2m > [22m[2mshould throw error for corrupted PDF
[22m[39mWarning: Indexing all PDF objects

[90mstdout[2m | src/main/DocumentProcessor.test.js[2m > [22m[2mDocumentProcessor[2m > [22m[2mPDF Processing[2m > [22m[2mprocessPDF[2m > [22m[2mshould throw error for non-PDF file with .pdf extension
[22m[39mWarning: Indexing all PDF objects

 [32m✓[39m src/renderer/scare/creatures.test.js [2m([22m[2m25 tests[22m[2m)[22m[32m 37[2mms[22m[39m
[90mstderr[2m | src/main/DocumentErrorHandlingIntegration.test.js[2m > [22m[2mDocument Error Handling 
Integration[2m > [22m[2mError Reporting[2m > [22m[2mshould log all errors during batch processing
[22m[39mWorker thread failed, falling back to main thread: ENOENT: no such file or directory, open 
'C:\dev\Kiloween\test-data\integration-error-test\missing.txt'

[90mstdout[2m | src/main/ResourceMonitor.test.js[2m > [22m[2mResourceMonitor[2m > [22m[2mgetCPUUsage[2m > [22m[2mshould calculate CPU usage
[22m[39mResource monitoring stopped

[90mstdout[2m | src/main/ResourceMonitor.test.js[2m > [22m[2mResourceMonitor[2m > [22m[2mgetAverageCPU[2m > [22m[2mshould calculate average CPU usage
[22m[39mResource monitoring started

[90mstderr[2m | src/main/DocumentErrorHandlingIntegration.test.js[2m > [22m[2mDocument Error Handling 
Integration[2m > [22m[2mError Reporting[2m > [22m[2mshould log all errors during batch processing
[22m[39mDocument processing errors: [
  {
    filePath: [32m'C:\\dev\\Kiloween\\test-data\\integration-error-test\\missing.txt'[39m,
    error: [32m'File not found: missing.txt'[39m,
    userFriendlyError: [32m'File not found: missing.txt'[39m,
    fileName: [32m'missing.txt'[39m
  }
]

[90mstderr[2m | src/main/DocumentProcessorErrorHandling.test.js[2m > [22m[2mDocumentProcessor Error Handling[2m > 
[22m[2mBatch Processing Error Handling[2m > [22m[2mshould process valid files and report errors for invalid ones
[22m[39mWorker thread failed, falling back to main thread: ENOENT: no such file or directory, open 
'C:\dev\Kiloween\test-data\error-handling-test\missing.txt'

[90mstderr[2m | src/main/DocumentProcessorErrorHandling.test.js[2m > [22m[2mDocumentProcessor Error Handling[2m > 
[22m[2mBatch Processing Error Handling[2m > [22m[2mshould process valid files and report errors for invalid ones
[22m[39mDocument processing errors: [
  {
    filePath: [32m'C:\\dev\\Kiloween\\test-data\\error-handling-test\\missing.txt'[39m,
    error: [32m'File not found: missing.txt'[39m,
    userFriendlyError: [32m'File not found: missing.txt'[39m,
    fileName: [32m'missing.txt'[39m
  },
  {
    filePath: [32m'C:\\dev\\Kiloween\\test-data\\error-handling-test\\empty.txt'[39m,
    error: [32m'File is empty and cannot be processed'[39m,
    userFriendlyError: [32m'File is empty and cannot be processed'[39m,
    fileName: [32m'empty.txt'[39m
  }
]

 [32m✓[39m src/main/index.test.js [2m([22m[2m14 tests[22m[2m)[22m[32m 51[2mms[22m[39m
[90mstdout[2m | src/main/AnswerSubmission.test.js[2m > [22m[2mAnswer Submission and Validation Flow[2m > [22m[2mAnswer Button Click Handlers[2m > [22m[2mshould have click handlers on answer option buttons
[22m[39mDestroying ScareController

[90mstdout[2m | src/main/AnswerSubmission.test.js[2m > [22m[2mAnswer Submission and Validation Flow[2m > [22m[2mAnswer Button Click Handlers[2m > [22m[2mshould disable buttons after click
[22m[39mDestroying ScareController

[90mstdout[2m | src/main/AnswerSubmission.test.js[2m > [22m[2mAnswer Submission and Validation Flow[2m > [22m[2mIPC Answer Submission[2m > [22m[2mshould send answer to main process via IPC
[22m[39mStarting scare sequence
Transitioning to stage: shake

[90mstdout[2m | src/main/AnswerSubmission.test.js[2m > [22m[2mAnswer Submission and Validation Flow[2m > [22m[2mIPC Answer Submission[2m > [22m[2mshould send answer to main process via IPC
[22m[39mAnswer submitted for question q1: 1
Answer correct

[90mstdout[2m | src/main/AnswerSubmission.test.js[2m > [22m[2mAnswer Submission and Validation Flow[2m > [22m[2mIPC Answer Submission[2m > [22m[2mshould send answer to main process via IPC
[22m[39mDestroying ScareController

[90mstdout[2m | src/main/AnswerSubmission.test.js[2m > [22m[2mAnswer Submission and Validation Flow[2m > [22m[2mIPC Answer Submission[2m > [22m[2mshould handle incorrect answer submission
[22m[39mStarting scare sequence
Transitioning to stage: shake

[90mstdout[2m | src/main/AnswerSubmission.test.js[2m > [22m[2mAnswer Submission and Validation Flow[2m > [22m[2mIPC Answer Submission[2m > [22m[2mshould handle incorrect answer submission
[22m[39mAnswer submitted for question q1: 0
Answer incorrect

[90mstdout[2m | src/main/AnswerSubmission.test.js[2m > [22m[2mAnswer Submission and Validation Flow[2m > [22m[2mIPC Answer Submission[2m > [22m[2mshould handle incorrect answer submission
[22m[39mDestroying ScareController

[90mstdout[2m | src/main/AnswerSubmission.test.js[2m > [22m[2mAnswer Submission and Validation Flow[2m > [22m[2mIPC Answer Submission[2m > [22m[2mshould handle text answer submission
[22m[39mStarting scare sequence
Transitioning to stage: shake

[90mstdout[2m | src/main/AnswerSubmission.test.js[2m > [22m[2mAnswer Submission and Validation Flow[2m > [22m[2mIPC Answer Submission[2m > [22m[2mshould handle text answer submission
[22m[39mAnswer submitted for question q2: Paris
Answer correct

[90mstdout[2m | src/main/AnswerSubmission.test.js[2m > [22m[2mAnswer Submission and Validation Flow[2m > [22m[2mIPC Answer Submission[2m > [22m[2mshould handle text answer submission
[22m[39mDestroying ScareController

[90mstdout[2m | src/main/AnswerSubmission.test.js[2m > [22m[2mAnswer Submission and Validation Flow[2m > [22m[2mIPC Answer Submission[2m > [22m[2mshould handle case-insensitive text answers
[22m[39mStarting scare sequence
Transitioning to stage: shake

[90mstdout[2m | src/main/AnswerSubmission.test.js[2m > [22m[2mAnswer Submission and Validation Flow[2m > [22m[2mIPC Answer Submission[2m > [22m[2mshould handle case-insensitive text answers
[22m[39mAnswer submitted for question q2: PARIS
Answer correct

[90mstdout[2m | src/main/AnswerSubmission.test.js[2m > [22m[2mAnswer Submission and Validation Flow[2m > [22m[2mIPC Answer Submission[2m > [22m[2mshould handle case-insensitive text answers
[22m[39mDestroying ScareController

[90mstdout[2m | src/main/AnswerSubmission.test.js[2m > [22m[2mAnswer Submission and Validation Flow[2m > [22m[2mAnswer Validation[2m > [22m[2mshould validate correct multiple-choice answer
[22m[39mDestroying ScareController

[90mstdout[2m | src/main/AnswerSubmission.test.js[2m > [22m[2mAnswer Submission and Validation Flow[2m > [22m[2mAnswer Validation[2m > [22m[2mshould validate incorrect multiple-choice answer
[22m[39mDestroying ScareController

[90mstdout[2m | src/main/AnswerSubmission.test.js[2m > [22m[2mAnswer Submission and Validation Flow[2m > [22m[2mAnswer Validation[2m > [22m[2mshould validate correct text answer
[22m[39mDestroying ScareController

[90mstdout[2m | src/main/AnswerSubmission.test.js[2m > [22m[2mAnswer Submission and Validation Flow[2m > [22m[2mAnswer Validation[2m > [22m[2mshould validate incorrect text answer
[22m[39mDestroying ScareController

[90mstdout[2m | src/main/AnswerSubmission.test.js[2m > [22m[2mAnswer Submission and Validation Flow[2m > [22m[2mAnswer Validation[2m > [22m[2mshould handle whitespace in text answers
[22m[39mDestroying ScareController

[90mstdout[2m | src/main/AnswerSubmission.test.js[2m > [22m[2mAnswer Submission and Validation Flow[2m > [22m[2mFeedback Display[2m > [22m[2mshould send correct feedback message
[22m[39mStarting scare sequence
Transitioning to stage: shake

[90mstdout[2m | src/main/AnswerSubmission.test.js[2m > [22m[2mAnswer Submission and Validation Flow[2m > [22m[2mFeedback Display[2m > [22m[2mshould send correct feedback message
[22m[39mAnswer submitted for question q1: 1
Answer correct

[90mstdout[2m | src/main/AnswerSubmission.test.js[2m > [22m[2mAnswer Submission and Validation Flow[2m > [22m[2mFeedback Display[2m > [22m[2mshould send correct feedback message
[22m[39mDestroying ScareController

[90mstdout[2m | src/main/AnswerSubmission.test.js[2m > [22m[2mAnswer Submission and Validation Flow[2m > [22m[2mFeedback Display[2m > [22m[2mshould send incorrect feedback with explanation
[22m[39mStarting scare sequence
Transitioning to stage: shake

[90mstdout[2m | src/main/AnswerSubmission.test.js[2m > [22m[2mAnswer Submission and Validation Flow[2m > [22m[2mFeedback Display[2m > [22m[2mshould send incorrect feedback with explanation
[22m[39mAnswer submitted for question q1: 0
Answer incorrect

[90mstdout[2m | src/main/AnswerSubmission.test.js[2m > [22m[2mAnswer Submission and Validation Flow[2m > [22m[2mFeedback Display[2m > [22m[2mshould send incorrect feedback with explanation
[22m[39mDestroying ScareController

[90mstderr[2m | src/main/QuestionGenerator.integration.test.js[2m > [22m[2mQuestionGenerator Integration Tests[2m > 
[22m[2mwith real documents[2m > [22m[2mshould extract keywords from processed DOCX document
[22m[39mWorker thread failed, falling back to main thread: ENOENT: no such file or directory, open 
'C:\dev\Kiloween\test-data\biology-notes.docx'

[90mstdout[2m | src/main/AnswerSubmission.test.js[2m > [22m[2mAnswer Submission and Validation Flow[2m > [22m[2mFeedback Display[2m > [22m[2mshould include correct answer in feedback
[22m[39mStarting scare sequence
Transitioning to stage: shake

[90mstdout[2m | src/main/AnswerSubmission.test.js[2m > [22m[2mAnswer Submission and Validation Flow[2m > [22m[2mFeedback Display[2m > [22m[2mshould include correct answer in feedback
[22m[39mAnswer submitted for question q1: 2
Answer incorrect

[90mstdout[2m | src/main/AnswerSubmission.test.js[2m > [22m[2mAnswer Submission and Validation Flow[2m > [22m[2mFeedback Display[2m > [22m[2mshould include correct answer in feedback
[22m[39mDestroying ScareController

[90mstdout[2m | src/main/AnswerSubmission.test.js[2m > [22m[2mAnswer Submission and Validation Flow[2m > [22m[2mQuestion Usage Tracking[2m > [22m[2mshould mark question as used after submission
[22m[39mStarting scare sequence
Transitioning to stage: shake

[90mstdout[2m | src/main/AnswerSubmission.test.js[2m > [22m[2mAnswer Submission and Validation Flow[2m > [22m[2mQuestion Usage Tracking[2m > [22m[2mshould mark question as used after submission
[22m[39mAnswer submitted for question q1: 1
Answer correct

[90mstdout[2m | src/main/AnswerSubmission.test.js[2m > [22m[2mAnswer Submission and Validation Flow[2m > [22m[2mQuestion Usage Tracking[2m > [22m[2mshould mark question as used after submission
[22m[39mDestroying ScareController

[90mstdout[2m | src/main/AnswerSubmission.test.js[2m > [22m[2mAnswer Submission and Validation Flow[2m > [22m[2mQuestion Usage Tracking[2m > [22m[2mshould mark question as used even for incorrect answers
[22m[39mStarting scare sequence
Transitioning to stage: shake

[90mstdout[2m | src/main/AnswerSubmission.test.js[2m > [22m[2mAnswer Submission and Validation Flow[2m > [22m[2mQuestion Usage Tracking[2m > [22m[2mshould mark question as used even for incorrect answers
[22m[39mAnswer submitted for question q1: 0
Answer incorrect

[90mstdout[2m | src/main/AnswerSubmission.test.js[2m > [22m[2mAnswer Submission and Validation Flow[2m > [22m[2mQuestion Usage Tracking[2m > [22m[2mshould mark question as used even for incorrect answers
[22m[39mDestroying ScareController

[90mstdout[2m | src/main/AnswerSubmission.test.js[2m > [22m[2mAnswer Submission and Validation Flow[2m > [22m[2mQuestion Usage Tracking[2m > [22m[2mshould not reuse marked questions in same session
[22m[39mDestroying ScareController

[90mstdout[2m | src/main/AnswerSubmission.test.js[2m > [22m[2mAnswer Submission and Validation Flow[2m > [22m[2mError Handling[2m > [22m[2mshould handle missing question gracefully
[22m[39mStarting scare sequence
Transitioning to stage: shake

[90mstdout[2m | src/main/QuestionGenerator.integration.test.js[2m > [22m[2mQuestionGenerator Integration Tests[2m > [22m[2mwith real documents[2m > [22m[2mshould extract keywords from processed DOCX document
[22m[39mSkipping DOCX test: File not found: biology-notes.docx

[90mstderr[2m | src/main/AnswerSubmission.test.js[2m > [22m[2mAnswer Submission and Validation Flow[2m > 
[22m[2mError Handling[2m > [22m[2mshould handle missing question gracefully
[22m[39mNo current question to validate

[90mstdout[2m | src/main/AnswerSubmission.test.js[2m > [22m[2mAnswer Submission and Validation Flow[2m > [22m[2mError Handling[2m > [22m[2mshould handle missing question gracefully
[22m[39mDestroying ScareController

[90mstdout[2m | src/main/AnswerSubmission.test.js[2m > [22m[2mAnswer Submission and Validation Flow[2m > [22m[2mError Handling[2m > [22m[2mshould handle question ID mismatch
[22m[39mStarting scare sequence
Transitioning to stage: shake

[90mstderr[2m | src/main/AnswerSubmission.test.js[2m > [22m[2mAnswer Submission and Validation Flow[2m > 
[22m[2mError Handling[2m > [22m[2mshould handle question ID mismatch
[22m[39mQuestion ID mismatch: expected q1, got q2

[90mstdout[2m | src/main/AnswerSubmission.test.js[2m > [22m[2mAnswer Submission and Validation Flow[2m > [22m[2mError Handling[2m > [22m[2mshould handle question ID mismatch
[22m[39mDestroying ScareController

[90mstdout[2m | src/main/AnswerSubmission.test.js[2m > [22m[2mAnswer Submission and Validation Flow[2m > [22m[2mError Handling[2m > [22m[2mshould handle invalid answer format
[22m[39mDestroying ScareController

[90mstdout[2m | src/main/AnswerSubmission.test.js[2m > [22m[2mAnswer Submission and Validation Flow[2m > [22m[2mEvent Emission[2m > [22m[2mshould emit answer-submitted event
[22m[39mStarting scare sequence
Transitioning to stage: shake

[90mstdout[2m | src/main/AnswerSubmission.test.js[2m > [22m[2mAnswer Submission and Validation Flow[2m > [22m[2mEvent Emission[2m > [22m[2mshould emit answer-submitted event
[22m[39mAnswer submitted for question q1: 1
Answer correct

[90mstdout[2m | src/main/AnswerSubmission.test.js[2m > [22m[2mAnswer Submission and Validation Flow[2m > [22m[2mEvent Emission[2m > [22m[2mshould emit answer-submitted event
[22m[39mDestroying ScareController

[90mstdout[2m | src/main/AnswerSubmission.test.js[2m > [22m[2mAnswer Submission and Validation Flow[2m > [22m[2mEvent Emission[2m > [22m[2mshould include feedback in event
[22m[39mStarting scare sequence
Transitioning to stage: shake

[90mstdout[2m | src/main/AnswerSubmission.test.js[2m > [22m[2mAnswer Submission and Validation Flow[2m > [22m[2mEvent Emission[2m > [22m[2mshould include feedback in event
[22m[39mAnswer submitted for question q1: 0
Answer incorrect

[90mstdout[2m | src/main/AnswerSubmission.test.js[2m > [22m[2mAnswer Submission and Validation Flow[2m > [22m[2mEvent Emission[2m > [22m[2mshould include feedback in event
[22m[39mDestroying ScareController

[90mstdout[2m | src/main/AnswerSubmission.test.js[2m > [22m[2mAnswer Submission and Validation Flow[2m > [22m[2mFeedback Messages[2m > [22m[2mshould provide variety in positive feedback
[22m[39mDestroying ScareController

[90mstdout[2m | src/main/AnswerSubmission.test.js[2m > [22m[2mAnswer Submission and Validation Flow[2m > [22m[2mFeedback Messages[2m > [22m[2mshould provide variety in incorrect feedback
[22m[39mDestroying ScareController

[90mstdout[2m | src/main/AnswerSubmission.test.js[2m > [22m[2mAnswer Submission and Validation Flow[2m > [22m[2mFeedback Messages[2m > [22m[2mpositive feedback should be encouraging
[22m[39mDestroying ScareController

[90mstdout[2m | src/main/AnswerSubmission.test.js[2m > [22m[2mAnswer Submission and Validation Flow[2m > [22m[2mFeedback Messages[2m > [22m[2mincorrect feedback should be constructive
[22m[39mDestroying ScareController

 [32m✓[39m src/main/AnswerSubmission.test.js [2m([22m[2m26 tests[22m[2m)[22m[32m 46[2mms[22m[39m
[90mstdout[2m | src/main/ResourceMonitor.test.js[2m > [22m[2mResourceMonitor[2m > [22m[2mgetAverageCPU[2m > [22m[2mshould calculate average CPU usage
[22m[39mResource monitoring stopped

[90mstdout[2m | src/main/ResourceMonitor.test.js[2m > [22m[2mResourceMonitor[2m > [22m[2mgetSummary[2m > [22m[2mshould return complete summary
[22m[39mResource monitoring started

 [32m✓[39m src/main/ipc.test.js [2m([22m[2m22 tests[22m[2m)[22m[32m 28[2mms[22m[39m
[90mstderr[2m | src/main/DocumentProcessor.integration.test.js[2m > [22m[2mDocumentProcessor - Integration Tests[2m 
> [22m[2mprocessAllDocuments[2m > [22m[2mshould aggregate errors for failed documents
[22m[39mWorker thread failed, falling back to main thread: ENOENT: no such file or directory, open 
'C:\Users\pedro\AppData\Local\Temp\doc-processor-test-1763428738373\missing.txt'

 [32m✓[39m src/renderer/config/renderer.test.js [2m([22m[2m28 tests[22m[2m)[22m[32m 27[2mms[22m[39m
[90mstderr[2m | src/main/DocumentProcessor.integration.test.js[2m > [22m[2mDocumentProcessor - Integration Tests[2m 
> [22m[2mprocessAllDocuments[2m > [22m[2mshould aggregate errors for failed documents
[22m[39mDocument processing errors: [
  {
    filePath: [32m'C:\\Users\\pedro\\AppData\\Local\\Temp\\doc-processor-test-1763428738373\\missing.txt'[39m,
    error: [32m'File not found: missing.txt'[39m,
    userFriendlyError: [32m'File not found: missing.txt'[39m,
    fileName: [32m'missing.txt'[39m
  }
]

 [32m✓[39m src/main/AnswerValidator.test.js [2m([22m[2m47 tests[22m[2m)[22m[32m 26[2mms[22m[39m
[90mstderr[2m | src/main/DocumentErrorHandlingIntegration.test.js[2m > [22m[2mDocument Error Handling 
Integration[2m > [22m[2mRecovery from Errors[2m > [22m[2mshould continue processing after encountering errors
[22m[39mWorker thread failed, falling back to main thread: ENOENT: no such file or directory, open 
'C:\dev\Kiloween\test-data\integration-error-test\missing.txt'

[90mstderr[2m | src/main/DocumentErrorHandlingIntegration.test.js[2m > [22m[2mDocument Error Handling 
Integration[2m > [22m[2mRecovery from Errors[2m > [22m[2mshould continue processing after encountering errors
[22m[39mDocument processing errors: [
  {
    filePath: [32m'C:\\dev\\Kiloween\\test-data\\integration-error-test\\missing.txt'[39m,
    error: [32m'File not found: missing.txt'[39m,
    userFriendlyError: [32m'File not found: missing.txt'[39m,
    fileName: [32m'missing.txt'[39m
  }
]

[90mstdout[2m | src/main/ResourceMonitor.test.js[2m > [22m[2mResourceMonitor[2m > [22m[2mgetSummary[2m > [22m[2mshould return complete summary
[22m[39mResource monitoring stopped

[90mstdout[2m | src/main/ResourceMonitor.test.js[2m > [22m[2mResourceMonitor[2m > [22m[2mcheckCompliance[2m > [22m[2mshould check resource compliance
[22m[39mResource monitoring started

[90mstdout[2m | src/renderer/scare/jumpscare.test.js[2m > [22m[2mJumpScare[2m > [22m[2mInitialization[2m > [22m[2mshould initialize with DOM elements
[22m[39mJump scare initialized

[90mstderr[2m | src/renderer/scare/jumpscare.test.js[2m > [22m[2mJumpScare[2m > [22m[2mInitialization[2m > 
[22m[2mshould return false if elements are missing
[22m[39mJump scare elements not found

[90mstderr[2m | src/main/DocumentProcessorErrorHandling.test.js[2m > [22m[2mDocumentProcessor Error Handling[2m > 
[22m[2mBatch Processing Error Handling[2m > [22m[2mshould provide user-friendly error messages in batch results
[22m[39mWorker thread failed, falling back to main thread: ENOENT: no such file or directory, open 
'C:\dev\Kiloween\test-data\error-handling-test\missing.txt'

[90mstdout[2m | src/renderer/scare/jumpscare.test.js[2m > [22m[2mJumpScare[2m > [22m[2mInitialization[2m > [22m[2mshould start with isActive as false
[22m[39mJump scare initialized

[90mstderr[2m | src/main/DocumentProcessorErrorHandling.test.js[2m > [22m[2mDocumentProcessor Error Handling[2m > 
[22m[2mBatch Processing Error Handling[2m > [22m[2mshould provide user-friendly error messages in batch results
[22m[39mDocument processing errors: [
  {
    filePath: [32m'C:\\dev\\Kiloween\\test-data\\error-handling-test\\missing.txt'[39m,
    error: [32m'File not found: missing.txt'[39m,
    userFriendlyError: [32m'File not found: missing.txt'[39m,
    fileName: [32m'missing.txt'[39m
  }
]

[90mstdout[2m | src/renderer/scare/tunnel.test.js[2m > [22m[2mTunnel Animation[2m > [22m[2mAnimation Start[2m > [22m[2mshould start animation and draw initial tunnel
[22m[39mStarting tunnel animation

[90mstderr[2m | src/renderer/scare/escape-key.test.js[2m > [22m[2mESC Key Handling[2m > [22m[2mESC Key Listener 
Setup[2m > [22m[2mshould set up ESC key listener on initialization
[22m[39mCould not load link: "http://localhost/styles.css"

[90mstderr[2m | src/renderer/scare/escape-key.test.js[2m > [22m[2mESC Key Handling[2m > [22m[2mESC Key Listener 
Setup[2m > [22m[2mshould set up ESC key listener on initialization
[22m[39mCould not load script: "http://localhost/audio.js"

[90mstderr[2m | src/renderer/scare/escape-key.test.js[2m > [22m[2mESC Key Handling[2m > [22m[2mESC Key Listener 
Setup[2m > [22m[2mshould set up ESC key listener on initialization
[22m[39mCould not load script: "http://localhost/creatures.js"

[90mstderr[2m | src/renderer/scare/escape-key.test.js[2m > [22m[2mESC Key Handling[2m > [22m[2mESC Key Listener 
Setup[2m > [22m[2mshould set up ESC key listener on initialization
[22m[39mCould not load script: "http://localhost/jumpscare.js"

[90mstderr[2m | src/renderer/scare/escape-key.test.js[2m > [22m[2mESC Key Handling[2m > [22m[2mESC Key Listener 
Setup[2m > [22m[2mshould set up ESC key listener on initialization
[22m[39mCould not load script: "http://localhost/renderer.js"

[90mstderr[2m | src/renderer/scare/escape-key.test.js[2m > [22m[2mESC Key Handling[2m > [22m[2mESC Key Listener 
Setup[2m > [22m[2mshould set up ESC key listener on initialization
[22m[39mCould not load script: "http://localhost/tunnel.js"

[90mstdout[2m | src/renderer/scare/tunnel.test.js[2m > [22m[2mTunnel Animation[2m > [22m[2mAnimation Start[2m > [22m[2mshould set up click handler
[22m[39mStarting tunnel animation

[90mstdout[2m | src/renderer/scare/jumpscare.test.js[2m > [22m[2mJumpScare[2m > [22m[2mTrigger Jump Scare[2m > [22m[2mshould trigger jump scare with random creature
[22m[39mJump scare initialized
Triggering jump scare
Jump scare triggered with creature: spider

[90mstdout[2m | src/renderer/scare/tunnel.test.js[2m > [22m[2mTunnel Animation[2m > [22m[2mFirst Click - Forward Movement[2m > [22m[2mshould start forward movement on first click
[22m[39mStarting tunnel animation
Tunnel click 1
Starting forward movement

 [32m✓[39m src/main/ScareWindow.test.js [2m([22m[2m10 tests[22m[2m)[22m[32m 7[2mms[22m[39m
[90mstdout[2m | src/renderer/scare/tunnel.test.js[2m > [22m[2mTunnel Animation[2m > [22m[2mFirst Click - Forward Movement[2m > [22m[2mshould animate forward movement for 2-3 seconds
[22m[39mStarting tunnel animation
Tunnel click 1
Starting forward movement

[90mstdout[2m | src/renderer/scare/FeedbackDisplay.test.js[2m > [22m[2mAnswer Feedback Display and Sequence Completion[2m > [22m[2mCorrect Answer Feedback[2m > [22m[2mshould display green feedback with positive message for correct answers
[22m[39mJump scare initialized

[90mstdout[2m | src/renderer/scare/FeedbackDisplay.test.js[2m > [22m[2mAnswer Feedback Display and Sequence Completion[2m > [22m[2mCorrect Answer Feedback[2m > [22m[2mshould display green feedback with positive message for correct answers
[22m[39mShowing feedback from main process: {
  correct: [33mtrue[39m,
  message: [32m'Excellent! You got it right!'[39m,
  explanation: [1mnull[22m,
  correctAnswer: [32m'Energy production'[39m
}

 [32m✓[39m src/main/SystemTray.test.js [2m([22m[2m7 tests[22m[2m)[22m[32m 8[2mms[22m[39m
[90mstdout[2m | src/renderer/scare/jumpscare.test.js[2m > [22m[2mJumpScare[2m > [22m[2mTrigger Jump Scare[2m > [22m[2mshould trigger jump scare with specific creature
[22m[39mJump scare initialized
Triggering jump scare
Jump scare triggered with creature: ghost

[90mstdout[2m | src/renderer/scare/tunnel.test.js[2m > [22m[2mTunnel Animation[2m > [22m[2mFirst Click - Forward Movement[2m > [22m[2mshould animate forward movement for 2-3 seconds
[22m[39mTunnel paused - waiting for second click

[90mstdout[2m | src/renderer/scare/FeedbackDisplay.test.js[2m > [22m[2mAnswer Feedback Display and Sequence Completion[2m > [22m[2mCorrect Answer Feedback[2m > [22m[2mshould not show correct answer or explanation for correct responses
[22m[39mJump scare initialized

[90mstdout[2m | src/renderer/scare/FeedbackDisplay.test.js[2m > [22m[2mAnswer Feedback Display and Sequence Completion[2m > [22m[2mCorrect Answer Feedback[2m > [22m[2mshould not show correct answer or explanation for correct responses
[22m[39mShowing feedback from main process: {
  correct: [33mtrue[39m,
  message: [32m'Perfect! You know your stuff!'[39m,
  explanation: [32m'Some explanation'[39m,
  correctAnswer: [32m'Test Answer'[39m
}

[90mstdout[2m | src/renderer/scare/FeedbackDisplay.test.js[2m > [22m[2mAnswer Feedback Display and Sequence Completion[2m > [22m[2mCorrect Answer Feedback[2m > [22m[2mshould close after 3 seconds for correct answers
[22m[39mJump scare initialized

[90mstderr[2m | src/renderer/scare/escape-key.test.js[2m > [22m[2mESC Key Handling[2m > [22m[2mESC Key Listener 
Setup[2m > [22m[2mshould call cancelSequence when ESC key is pressed
[22m[39mCould not load link: "http://localhost/styles.css"

[90mstderr[2m | src/renderer/scare/escape-key.test.js[2m > [22m[2mESC Key Handling[2m > [22m[2mESC Key Listener 
Setup[2m > [22m[2mshould call cancelSequence when ESC key is pressed
[22m[39mCould not load script: "http://localhost/audio.js"

[90mstdout[2m | src/renderer/scare/tunnel.test.js[2m > [22m[2mTunnel Animation[2m > [22m[2mFirst Click - Forward Movement[2m > [22m[2mshould increase depth during forward movement
[22m[39mStarting tunnel animation
Tunnel click 1
Starting forward movement

[90mstderr[2m | src/renderer/scare/escape-key.test.js[2m > [22m[2mESC Key Handling[2m > [22m[2mESC Key Listener 
Setup[2m > [22m[2mshould call cancelSequence when ESC key is pressed
[22m[39mCould not load script: "http://localhost/creatures.js"

[90mstderr[2m | src/renderer/scare/escape-key.test.js[2m > [22m[2mESC Key Handling[2m > [22m[2mESC Key Listener 
Setup[2m > [22m[2mshould call cancelSequence when ESC key is pressed
[22m[39mCould not load script: "http://localhost/jumpscare.js"

[90mstderr[2m | src/renderer/scare/escape-key.test.js[2m > [22m[2mESC Key Handling[2m > [22m[2mESC Key Listener 
Setup[2m > [22m[2mshould call cancelSequence when ESC key is pressed
[22m[39mCould not load script: "http://localhost/renderer.js"

[90mstderr[2m | src/renderer/scare/escape-key.test.js[2m > [22m[2mESC Key Handling[2m > [22m[2mESC Key Listener 
Setup[2m > [22m[2mshould call cancelSequence when ESC key is pressed
[22m[39mCould not load script: "http://localhost/tunnel.js"

[90mstdout[2m | src/renderer/scare/FeedbackDisplay.test.js[2m > [22m[2mAnswer Feedback Display and Sequence Completion[2m > [22m[2mCorrect Answer Feedback[2m > [22m[2mshould close after 3 seconds for correct answers
[22m[39mShowing feedback from main process: { correct: [33mtrue[39m, message: [32m'Correct!'[39m, correctAnswer: [32m'Test'[39m }
Closing jump scare with fade-out

 [32m✓[39m src/main/AutoUpdater.test.js [2m([22m[2m3 tests[22m[2m)[22m[32m 5[2mms[22m[39m
[90mstdout[2m | src/renderer/scare/tunnel.test.js[2m > [22m[2mTunnel Animation[2m > [22m[2mPause and Second Click[2m > [22m[2mshould pause after first animation completes
[22m[39mStarting tunnel animation
Tunnel click 1
Starting forward movement

[90mstdout[2m | src/renderer/scare/FeedbackDisplay.test.js[2m > [22m[2mAnswer Feedback Display and Sequence Completion[2m > [22m[2mIncorrect Answer Feedback[2m > [22m[2mshould display red feedback with error message for incorrect answers
[22m[39mJump scare initialized

[90mstdout[2m | src/renderer/scare/jumpscare.test.js[2m > [22m[2mJumpScare[2m > [22m[2mTrigger Jump Scare[2m > [22m[2mshould hide tunnel canvas when triggered
[22m[39mJump scare initialized
Triggering jump scare
Jump scare triggered with creature: monster

[90mstderr[2m | src/main/DocumentProcessor.integration.test.js[2m > [22m[2mDocumentProcessor - Integration Tests[2m 
> [22m[2mprocessAllDocuments[2m > [22m[2mshould continue processing after encountering errors
[22m[39mWorker thread failed, falling back to main thread: ENOENT: no such file or directory, open 
'C:\Users\pedro\AppData\Local\Temp\doc-processor-test-1763428738373\missing.txt'

[90mstdout[2m | src/renderer/scare/FeedbackDisplay.test.js[2m > [22m[2mAnswer Feedback Display and Sequence Completion[2m > [22m[2mIncorrect Answer Feedback[2m > [22m[2mshould display red feedback with error message for incorrect answers
[22m[39mShowing feedback from main process: {
  correct: [33mfalse[39m,
  message: [32m"Not quite right. Let's review the material."[39m,
  explanation: [32m'Mitochondria are the powerhouse of the cell.'[39m,
  correctAnswer: [32m'Energy production'[39m
}

[90mstderr[2m | src/main/DocumentProcessor.integration.test.js[2m > [22m[2mDocumentProcessor - Integration Tests[2m 
> [22m[2mprocessAllDocuments[2m > [22m[2mshould continue processing after encountering errors
[22m[39mDocument processing errors: [
  {
    filePath: [32m'C:\\Users\\pedro\\AppData\\Local\\Temp\\doc-processor-test-1763428738373\\missing.txt'[39m,
    error: [32m'File not found: missing.txt'[39m,
    userFriendlyError: [32m'File not found: missing.txt'[39m,
    fileName: [32m'missing.txt'[39m
  },
  {
    filePath: [32m'invalid/path.txt'[39m,
    error: [32m'File not found: path.txt'[39m,
    userFriendlyError: [32m'File not found: path.txt'[39m,
    fileName: [32m'path.txt'[39m
  }
]

[90mstdout[2m | src/renderer/scare/FeedbackDisplay.test.js[2m > [22m[2mAnswer Feedback Display and Sequence Completion[2m > [22m[2mIncorrect Answer Feedback[2m > [22m[2mshould show correct answer for incorrect responses
[22m[39mJump scare initialized

[90mstdout[2m | src/renderer/scare/FeedbackDisplay.test.js[2m > [22m[2mAnswer Feedback Display and Sequence Completion[2m > [22m[2mIncorrect Answer Feedback[2m > [22m[2mshould show correct answer for incorrect responses
[22m[39mShowing feedback from main process: {
  correct: [33mfalse[39m,
  message: [32m'Incorrect.'[39m,
  explanation: [1mnull[22m,
  correctAnswer: [32m'Energy production'[39m
}

[90mstdout[2m | src/renderer/scare/tunnel.test.js[2m > [22m[2mTunnel Animation[2m > [22m[2mPause and Second Click[2m > [22m[2mshould show click prompt when paused
[22m[39mStarting tunnel animation
Tunnel click 1
Starting forward movement

[90mstdout[2m | src/renderer/scare/FeedbackDisplay.test.js[2m > [22m[2mAnswer Feedback Display and Sequence Completion[2m > [22m[2mIncorrect Answer Feedback[2m > [22m[2mshould show explanation for incorrect responses
[22m[39mJump scare initialized

[90mstdout[2m | src/renderer/scare/FeedbackDisplay.test.js[2m > [22m[2mAnswer Feedback Display and Sequence Completion[2m > [22m[2mIncorrect Answer Feedback[2m > [22m[2mshould show explanation for incorrect responses
[22m[39mShowing feedback from main process: {
  correct: [33mfalse[39m,
  message: [32m'Incorrect.'[39m,
  explanation: [32m'Mitochondria are responsible for cellular respiration.'[39m,
  correctAnswer: [32m'Energy production'[39m
}

[90mstdout[2m | src/renderer/scare/tunnel.test.js[2m > [22m[2mTunnel Animation[2m > [22m[2mPause and Second Click[2m > [22m[2mshould continue animation on second click
[22m[39mStarting tunnel animation
Tunnel click 1
Starting forward movement

[90mstderr[2m | src/renderer/scare/darkening.test.js[2m > [22m[2mScreen Darkening Transition[2m > 
[22m[2mDarkening Stage Initialization[2m > [22m[2mshould hide shake layer when transitioning to darkening
[22m[39mNot implemented: HTMLCanvasElement's getContext() method: without installing the canvas npm package

[90mstdout[2m | src/renderer/scare/FeedbackDisplay.test.js[2m > [22m[2mAnswer Feedback Display and Sequence Completion[2m > [22m[2mIncorrect Answer Feedback[2m > [22m[2mshould close after 4.5 seconds for incorrect answers
[22m[39mJump scare initialized

[90mstderr[2m | src/main/DocumentErrorHandlingIntegration.test.js[2m > [22m[2mDocument Error Handling 
Integration[2m > [22m[2mRecovery from Errors[2m > [22m[2mshould provide summary statistics even with errors
[22m[39mWorker thread failed, falling back to main thread: ENOENT: no such file or directory, open 
'C:\dev\Kiloween\test-data\integration-error-test\missing.txt'

[90mstdout[2m | src/renderer/scare/FeedbackDisplay.test.js[2m > [22m[2mAnswer Feedback Display and Sequence Completion[2m > [22m[2mIncorrect Answer Feedback[2m > [22m[2mshould close after 4.5 seconds for incorrect answers
[22m[39mShowing feedback from main process: {
  correct: [33mfalse[39m,
  message: [32m'Incorrect.'[39m,
  explanation: [32m'Some explanation'[39m,
  correctAnswer: [32m'Test Answer'[39m
}
Closing jump scare with fade-out

[90mstdout[2m | src/renderer/scare/jumpscare.test.js[2m > [22m[2mJumpScare[2m > [22m[2mTrigger Jump Scare[2m > [22m[2mshould apply creature color and shadow
[22m[39mJump scare initialized
Triggering jump scare
Jump scare triggered with creature: demon

[90mstdout[2m | src/main/ResourceMonitor.test.js[2m > [22m[2mResourceMonitor[2m > [22m[2mcheckCompliance[2m > [22m[2mshould check resource compliance
[22m[39mResource monitoring stopped

[90mstdout[2m | src/main/ResourceMonitor.test.js[2m > [22m[2mResourceMonitor[2m > [22m[2mcheckCompliance[2m > [22m[2mshould use default limits
[22m[39mResource monitoring started

[90mstderr[2m | src/main/DocumentErrorHandlingIntegration.test.js[2m > [22m[2mDocument Error Handling 
Integration[2m > [22m[2mRecovery from Errors[2m > [22m[2mshould provide summary statistics even with errors
[22m[39mDocument processing errors: [
  {
    filePath: [32m'C:\\dev\\Kiloween\\test-data\\integration-error-test\\missing.txt'[39m,
    error: [32m'File not found: missing.txt'[39m,
    userFriendlyError: [32m'File not found: missing.txt'[39m,
    fileName: [32m'missing.txt'[39m
  }
]

[90mstdout[2m | src/renderer/scare/FeedbackDisplay.test.js[2m > [22m[2mAnswer Feedback Display and Sequence Completion[2m > [22m[2mFade-Out Animation[2m > [22m[2mshould apply fade-out transition when closing
[22m[39mJump scare initialized

[90mstdout[2m | src/main/DocumentErrorHandlingIntegration.test.js[2m > [22m[2mDocument Error Handling Integration[2m > [22m[2mUser-Friendly Error Messages[2m > [22m[2mshould provide clear error for corrupted files
[22m[39mWarning: Indexing all PDF objects

[90mstdout[2m | src/renderer/scare/FeedbackDisplay.test.js[2m > [22m[2mAnswer Feedback Display and Sequence Completion[2m > [22m[2mFade-Out Animation[2m > [22m[2mshould apply fade-out transition when closing
[22m[39mTriggering jump scare
Jump scare triggered with creature: Test
Closing jump scare with fade-out

[90mstdout[2m | src/renderer/scare/FeedbackDisplay.test.js[2m > [22m[2mAnswer Feedback Display and Sequence Completion[2m > [22m[2mFade-Out Animation[2m > [22m[2mshould hide elements after fade-out completes
[22m[39mJump scare initialized

[90mstdout[2m | src/renderer/scare/tunnel.test.js[2m > [22m[2mTunnel Animation[2m > [22m[2mAnimation Completion[2m > [22m[2mshould trigger jump scare after second animation completes
[22m[39mStarting tunnel animation
Tunnel click 1
Starting forward movement

[90mstderr[2m | src/renderer/scare/escape-key.test.js[2m > [22m[2mESC Key Handling[2m > [22m[2mESC Key Listener 
Setup[2m > [22m[2mshould call cancelSequence when ESC keyCode 27 is pressed
[22m[39mCould not load link: "http://localhost/styles.css"

[90mstderr[2m | src/renderer/scare/escape-key.test.js[2m > [22m[2mESC Key Handling[2m > [22m[2mESC Key Listener 
Setup[2m > [22m[2mshould call cancelSequence when ESC keyCode 27 is pressed
[22m[39mCould not load script: "http://localhost/audio.js"

[90mstderr[2m | src/renderer/scare/escape-key.test.js[2m > [22m[2mESC Key Handling[2m > [22m[2mESC Key Listener 
Setup[2m > [22m[2mshould call cancelSequence when ESC keyCode 27 is pressed
[22m[39mCould not load script: "http://localhost/creatures.js"

[90mstderr[2m | src/renderer/scare/escape-key.test.js[2m > [22m[2mESC Key Handling[2m > [22m[2mESC Key Listener 
Setup[2m > [22m[2mshould call cancelSequence when ESC keyCode 27 is pressed
[22m[39mCould not load script: "http://localhost/jumpscare.js"

[90mstderr[2m | src/renderer/scare/escape-key.test.js[2m > [22m[2mESC Key Handling[2m > [22m[2mESC Key Listener 
Setup[2m > [22m[2mshould call cancelSequence when ESC keyCode 27 is pressed
[22m[39mCould not load script: "http://localhost/renderer.js"

[90mstderr[2m | src/renderer/scare/escape-key.test.js[2m > [22m[2mESC Key Handling[2m > [22m[2mESC Key Listener 
Setup[2m > [22m[2mshould call cancelSequence when ESC keyCode 27 is pressed
[22m[39mCould not load script: "http://localhost/tunnel.js"

[90mstdout[2m | src/renderer/scare/jumpscare.test.js[2m > [22m[2mJumpScare[2m > [22m[2mTrigger Jump Scare[2m > [22m[2mshould show question after delay if provided
[22m[39mJump scare initialized
Triggering jump scare
Jump scare triggered with creature: skull

[90mstdout[2m | src/renderer/scare/FeedbackDisplay.test.js[2m > [22m[2mAnswer Feedback Display and Sequence Completion[2m > [22m[2mFade-Out Animation[2m > [22m[2mshould hide elements after fade-out completes
[22m[39mTriggering jump scare
Jump scare triggered with creature: Test
Closing jump scare with fade-out
Notified main process: sequence complete
Jump scare closed - returned to background mode

[90mstdout[2m | src/renderer/scare/tunnel.test.js[2m > [22m[2mTunnel Animation[2m > [22m[2mAnimation Completion[2m > [22m[2mshould trigger jump scare after second animation completes
[22m[39mTunnel click 2

[90mstdout[2m | src/renderer/scare/tunnel.test.js[2m > [22m[2mTunnel Animation[2m > [22m[2mAnimation Completion[2m > [22m[2mshould trigger jump scare after second animation completes
[22m[39mTunnel paused - waiting for second click

[90mstdout[2m | src/renderer/scare/FeedbackDisplay.test.js[2m > [22m[2mAnswer Feedback Display and Sequence Completion[2m > [22m[2mFade-Out Animation[2m > [22m[2mshould reset all elements after fade-out
[22m[39mJump scare initialized

[90mstdout[2m | src/renderer/scare/tunnel.test.js[2m > [22m[2mTunnel Animation[2m > [22m[2mAnimation Completion[2m > [22m[2mshould hide canvas when complete
[22m[39mStarting tunnel animation
Tunnel click 1
Starting forward movement

[90mstdout[2m | src/renderer/scare/FeedbackDisplay.test.js[2m > [22m[2mAnswer Feedback Display and Sequence Completion[2m > [22m[2mFade-Out Animation[2m > [22m[2mshould reset all elements after fade-out
[22m[39mTriggering jump scare
Jump scare triggered with creature: Test
Showing question: Test question?
Showing feedback from main process: { correct: [33mtrue[39m, message: [32m'Correct!'[39m, correctAnswer: [32m'A'[39m }
Closing jump scare with fade-out
Notified main process: sequence complete
Jump scare closed - returned to background mode

[90mstdout[2m | src/renderer/scare/shake.test.js[2m > [22m[2mScreen Shake Effect[2m > [22m[2mShake Layer Structure[2m > [22m[2mshould have shake layer element
[22m[39mScare window loaded
AudioManager initialized

[90mstderr[2m | src/renderer/scare/shake.test.js[2m > [22m[2mScreen Shake Effect[2m > [22m[2mShake Layer 
Structure[2m > [22m[2mshould have shake layer element
[22m[39mNot implemented: HTMLCanvasElement's getContext() method: without installing the canvas npm package
Not implemented: HTMLCanvasElement's getContext() method: without installing the canvas npm package

[90mstdout[2m | src/renderer/scare/tunnel.test.js[2m > [22m[2mTunnel Animation[2m > [22m[2mAnimation Completion[2m > [22m[2mshould hide canvas when complete
[22m[39mTunnel click 2

[90mstdout[2m | src/renderer/scare/tunnel.test.js[2m > [22m[2mTunnel Animation[2m > [22m[2mAnimation Completion[2m > [22m[2mshould hide canvas when complete
[22m[39mTunnel paused - waiting for second click

[90mstdout[2m | src/renderer/scare/FeedbackDisplay.test.js[2m > [22m[2mAnswer Feedback Display and Sequence Completion[2m > [22m[2mSequence Completion Notification[2m > [22m[2mshould notify main process when sequence completes
[22m[39mJump scare initialized

[90mstderr[2m | src/renderer/scare/darkening.test.js[2m > [22m[2mScreen Darkening Transition[2m > 
[22m[2mDarkening Stage Initialization[2m > [22m[2mshould show dark overlay when transitioning to darkening
[22m[39mNot implemented: HTMLCanvasElement's getContext() method: without installing the canvas npm package

[90mstdout[2m | src/renderer/scare/FeedbackDisplay.test.js[2m > [22m[2mAnswer Feedback Display and Sequence Completion[2m > [22m[2mSequence Completion Notification[2m > [22m[2mshould notify main process when sequence completes
[22m[39mShowing feedback from main process: { correct: [33mtrue[39m, message: [32m'Correct!'[39m, correctAnswer: [32m'Test'[39m }
Closing jump scare with fade-out
Notified main process: sequence complete
Jump scare closed - returned to background mode

[90mstdout[2m | src/renderer/scare/tunnel.test.js[2m > [22m[2mTunnel Animation[2m > [22m[2mStop Functionality[2m > [22m[2mshould stop animation
[22m[39mStarting tunnel animation
Stopping tunnel animation

[90mstdout[2m | src/renderer/scare/tunnel.test.js[2m > [22m[2mTunnel Animation[2m > [22m[2mStop Functionality[2m > [22m[2mshould cancel animation frame
[22m[39mStarting tunnel animation
Stopping tunnel animation

[90mstdout[2m | src/renderer/scare/FeedbackDisplay.test.js[2m > [22m[2mAnswer Feedback Display and Sequence Completion[2m > [22m[2mSequence Completion Notification[2m > [22m[2mshould call notifySequenceComplete method
[22m[39mJump scare initialized

[90mstdout[2m | src/renderer/scare/FeedbackDisplay.test.js[2m > [22m[2mAnswer Feedback Display and Sequence Completion[2m > [22m[2mSequence Completion Notification[2m > [22m[2mshould call notifySequenceComplete method
[22m[39mClosing jump scare with fade-out
Notified main process: sequence complete
Jump scare closed - returned to background mode

[90mstdout[2m | src/renderer/scare/tunnel.test.js[2m > [22m[2mTunnel Animation[2m > [22m[2mRequirements Verification[2m > [22m[2mshould satisfy Requirement 5.1 - Display tunnel on first click
[22m[39mStarting tunnel animation
Tunnel click 1
Starting forward movement

[90mstdout[2m | src/renderer/scare/tunnel.test.js[2m > [22m[2mTunnel Animation[2m > [22m[2mRequirements Verification[2m > [22m[2mshould satisfy Requirement 5.2 - Animate for 2-3 seconds
[22m[39mStarting tunnel animation
Tunnel click 1
Starting forward movement

[90mstdout[2m | src/renderer/scare/FeedbackDisplay.test.js[2m > [22m[2mAnswer Feedback Display and Sequence Completion[2m > [22m[2mSequence Completion Notification[2m > [22m[2mshould handle missing electronAPI gracefully
[22m[39mJump scare initialized

[90mstdout[2m | src/renderer/scare/tunnel.test.js[2m > [22m[2mTunnel Animation[2m > [22m[2mRequirements Verification[2m > [22m[2mshould satisfy Requirement 5.3 - Pause and wait for second click
[22m[39mStarting tunnel animation
Tunnel click 1
Starting forward movement
Tunnel paused - waiting for second click

[90mstderr[2m | src/main/DocumentProcessorErrorHandling.test.js[2m > [22m[2mDocumentProcessor Error Handling[2m > 
[22m[2mBatch Processing Error Handling[2m > [22m[2mshould log batch processing summary
[22m[39mWorker thread failed, falling back to main thread: ENOENT: no such file or directory, open 
'C:\dev\Kiloween\test-data\error-handling-test\missing.txt'

[90mstderr[2m | src/main/DocumentProcessorErrorHandling.test.js[2m > [22m[2mDocumentProcessor Error Handling[2m > 
[22m[2mBatch Processing Error Handling[2m > [22m[2mshould log batch processing summary
[22m[39mDocument processing errors: [
  {
    filePath: [32m'C:\\dev\\Kiloween\\test-data\\error-handling-test\\missing.txt'[39m,
    error: [32m'File not found: missing.txt'[39m,
    userFriendlyError: [32m'File not found: missing.txt'[39m,
    fileName: [32m'missing.txt'[39m
  }
]

[90mstdout[2m | src/renderer/scare/FeedbackDisplay.test.js[2m > [22m[2mAnswer Feedback Display and Sequence Completion[2m > [22m[2mFeedback Message Structure[2m > [22m[2mshould create proper HTML structure for feedback
[22m[39mJump scare initialized

[90mstdout[2m | src/renderer/scare/tunnel.test.js[2m > [22m[2mTunnel Animation[2m > [22m[2mRequirements Verification[2m > [22m[2mshould satisfy Requirement 5.4 - Continue on second click and trigger jump scare
[22m[39mStarting tunnel animation
Tunnel click 1
Starting forward movement
Tunnel paused - waiting for second click
Tunnel click 2
Continuing to jump scare

[90mstdout[2m | src/renderer/scare/FeedbackDisplay.test.js[2m > [22m[2mAnswer Feedback Display and Sequence Completion[2m > [22m[2mFeedback Message Structure[2m > [22m[2mshould create proper HTML structure for feedback
[22m[39mShowing feedback from main process: {
  correct: [33mfalse[39m,
  message: [32m'Incorrect.'[39m,
  explanation: [32m'This is the explanation.'[39m,
  correctAnswer: [32m'The correct answer'[39m
}

[90mstderr[2m | src/renderer/scare/escape-key.test.js[2m > [22m[2mESC Key Handling[2m > [22m[2mESC Key Listener 
Setup[2m > [22m[2mshould not call cancelSequence for other keys
[22m[39mCould not load link: "http://localhost/styles.css"

[90mstderr[2m | src/renderer/scare/escape-key.test.js[2m > [22m[2mESC Key Handling[2m > [22m[2mESC Key Listener 
Setup[2m > [22m[2mshould not call cancelSequence for other keys
[22m[39mCould not load script: "http://localhost/audio.js"

[90mstderr[2m | src/renderer/scare/escape-key.test.js[2m > [22m[2mESC Key Handling[2m > [22m[2mESC Key Listener 
Setup[2m > [22m[2mshould not call cancelSequence for other keys
[22m[39mCould not load script: "http://localhost/creatures.js"

[90mstderr[2m | src/renderer/scare/escape-key.test.js[2m > [22m[2mESC Key Handling[2m > [22m[2mESC Key Listener 
Setup[2m > [22m[2mshould not call cancelSequence for other keys
[22m[39mCould not load script: "http://localhost/jumpscare.js"

[90mstderr[2m | src/renderer/scare/escape-key.test.js[2m > [22m[2mESC Key Handling[2m > [22m[2mESC Key Listener 
Setup[2m > [22m[2mshould not call cancelSequence for other keys
[22m[39mCould not load script: "http://localhost/renderer.js"

[90mstderr[2m | src/renderer/scare/escape-key.test.js[2m > [22m[2mESC Key Handling[2m > [22m[2mESC Key Listener 
Setup[2m > [22m[2mshould not call cancelSequence for other keys
[22m[39mCould not load script: "http://localhost/tunnel.js"

 [31m❯[39m src/renderer/scare/tunnel.test.js [2m([22m[2m24 tests[22m[2m | [22m[31m6 failed[39m[2m)[22m[33m 632[2mms[22m[39m
       [32m✓[39m should create tunnel animation with canvas[32m 145[2mms[22m[39m
       [32m✓[39m should set up Halloween color scheme[32m 19[2mms[22m[39m
       [32m✓[39m should resize canvas to window dimensions[32m 15[2mms[22m[39m
       [32m✓[39m should start animation and draw initial tunnel[32m 17[2mms[22m[39m
       [32m✓[39m should set up click handler[32m 19[2mms[22m[39m
       [32m✓[39m should start forward movement on first click[32m 15[2mms[22m[39m
[31m       [31m×[31m should animate forward movement for 2-3 seconds[39m[32m 92[2mms[22m[39m
       [32m✓[39m should increase depth during forward movement[32m 21[2mms[22m[39m
[31m       [31m×[31m should pause after first animation completes[39m[32m 31[2mms[22m[39m
[31m       [31m×[31m should show click prompt when paused[39m[32m 36[2mms[22m[39m
[31m       [31m×[31m should continue animation on second click[39m[32m 26[2mms[22m[39m
       [32m✓[39m should draw concentric rectangles[32m 9[2mms[22m[39m
       [32m✓[39m should use Halloween colors[32m 9[2mms[22m[39m
       [32m✓[39m should apply vignette effect[32m 11[2mms[22m[39m
       [32m✓[39m should scale layers based on depth[32m 13[2mms[22m[39m
[31m       [31m×[31m should trigger jump scare after second animation completes[39m[32m 46[2mms[22m[39m
[31m       [31m×[31m should hide canvas when complete[39m[32m 28[2mms[22m[39m
       [32m✓[39m should stop animation[32m 11[2mms[22m[39m
       [32m✓[39m should cancel animation frame[32m 10[2mms[22m[39m
       [32m✓[39m should satisfy Requirement 5.1 - Display tunnel on first click[32m 9[2mms[22m[39m
       [32m✓[39m should satisfy Requirement 5.2 - Animate for 2-3 seconds[32m 10[2mms[22m[39m
       [32m✓[39m should satisfy Requirement 5.3 - Pause and wait for second click[32m 10[2mms[22m[39m
       [32m✓[39m should satisfy Requirement 5.4 - Continue on second click and trigger jump scare[32m 13[2mms[22m[39m
       [32m✓[39m should satisfy Requirement 5.5 - Use Halloween color scheme[32m 14[2mms[22m[39m
[90mstdout[2m | src/renderer/scare/FeedbackDisplay.test.js[2m > [22m[2mAnswer Feedback Display and Sequence Completion[2m > [22m[2mFeedback Message Structure[2m > [22m[2mshould clear previous feedback before showing new feedback
[22m[39mJump scare initialized

[90mstdout[2m | src/renderer/scare/FeedbackDisplay.test.js[2m > [22m[2mAnswer Feedback Display and Sequence Completion[2m > [22m[2mFeedback Message Structure[2m > [22m[2mshould clear previous feedback before showing new feedback
[22m[39mShowing feedback from main process: { correct: [33mtrue[39m, message: [32m'First message'[39m, correctAnswer: [32m'A'[39m }
Showing feedback from main process: { correct: [33mfalse[39m, message: [32m'Second message'[39m, correctAnswer: [32m'B'[39m }

[90mstdout[2m | src/renderer/scare/FeedbackDisplay.test.js[2m > [22m[2mAnswer Feedback Display and Sequence Completion[2m > [22m[2mLocal Feedback Fallback[2m > [22m[2mshould show feedback using local method when electronAPI not available
[22m[39mJump scare initialized

[90mstderr[2m | src/renderer/scare/darkening.test.js[2m > [22m[2mScreen Darkening Transition[2m > 
[22m[2mDarkening Stage Initialization[2m > [22m[2mshould start with transparent background
[22m[39mNot implemented: HTMLCanvasElement's getContext() method: without installing the canvas npm package

[90mstdout[2m | src/renderer/scare/FeedbackDisplay.test.js[2m > [22m[2mAnswer Feedback Display and Sequence Completion[2m > [22m[2mLocal Feedback Fallback[2m > [22m[2mshould show explanation in local feedback for incorrect answers
[22m[39mJump scare initialized

[90mstdout[2m | src/renderer/scare/shake.test.js[2m > [22m[2mScreen Shake Effect[2m > [22m[2mShake Layer Structure[2m > [22m[2mshould be hidden by default
[22m[39mScare window loaded
AudioManager initialized

[90mstderr[2m | src/renderer/scare/shake.test.js[2m > [22m[2mScreen Shake Effect[2m > [22m[2mShake Layer 
Structure[2m > [22m[2mshould be hidden by default
[22m[39mNot implemented: HTMLCanvasElement's getContext() method: without installing the canvas npm package
Not implemented: HTMLCanvasElement's getContext() method: without installing the canvas npm package

[90mstdout[2m | src/renderer/scare/FeedbackDisplay.test.js[2m > [22m[2mAnswer Feedback Display and Sequence Completion[2m > [22m[2mReturn to Background Mode[2m > [22m[2mshould mark jump scare as inactive after closing
[22m[39mJump scare initialized

[90mstdout[2m | src/renderer/scare/FeedbackDisplay.test.js[2m > [22m[2mAnswer Feedback Display and Sequence Completion[2m > [22m[2mReturn to Background Mode[2m > [22m[2mshould mark jump scare as inactive after closing
[22m[39mTriggering jump scare
Jump scare triggered with creature: Test
Closing jump scare with fade-out
Notified main process: sequence complete
Jump scare closed - returned to background mode

[90mstdout[2m | src/renderer/scare/FeedbackDisplay.test.js[2m > [22m[2mAnswer Feedback Display and Sequence Completion[2m > [22m[2mReturn to Background Mode[2m > [22m[2mshould call legacy callback if defined
[22m[39mJump scare initialized

[90mstdout[2m | src/renderer/scare/FeedbackDisplay.test.js[2m > [22m[2mAnswer Feedback Display and Sequence Completion[2m > [22m[2mReturn to Background Mode[2m > [22m[2mshould call legacy callback if defined
[22m[39mClosing jump scare with fade-out
Notified main process: sequence complete
Jump scare closed - returned to background mode

 [32m✓[39m src/renderer/scare/FeedbackDisplay.test.js [2m([22m[2m19 tests[22m[2m)[22m[33m 597[2mms[22m[39m
[90mstdout[2m | src/main/ResourceMonitor.test.js[2m > [22m[2mResourceMonitor[2m > [22m[2mcheckCompliance[2m > [22m[2mshould use default limits
[22m[39mResource monitoring stopped

[90mstdout[2m | src/main/ResourceMonitor.test.js[2m > [22m[2mResourceMonitor[2m > [22m[2mforceGC[2m > [22m[2mshould call global.gc if available
[22m[39mForced garbage collection

 [31m❯[39m src/main/DocumentErrorHandlingIntegration.test.js [2m([22m[2m12 tests[22m[2m | [22m[31m1 failed[39m[2m)[22m[33m 2300[2mms[22m[39m
       [32m✓[39m should identify and remove invalid documents from config[32m 27[2mms[22m[39m
       [32m✓[39m should handle all documents being invalid[32m 17[2mms[22m[39m
[31m       [31m×[31m should provide detailed error information for each failed document[39m[33m 517[2mms[22m[39m
       [33m[2m✓[22m[39m should log all errors during batch processing [33m 499[2mms[22m[39m
       [33m[2m✓[22m[39m should continue processing after encountering errors [33m 474[2mms[22m[39m
       [33m[2m✓[22m[39m should provide summary statistics even with errors [33m 469[2mms[22m[39m
       [32m✓[39m should provide clear error for missing files[32m 6[2mms[22m[39m
       [32m✓[39m should provide clear error for corrupted files[32m 10[2mms[22m[39m
       [32m✓[39m should provide clear error for empty files[32m 9[2mms[22m[39m
       [32m✓[39m should provide clear error for oversized files[32m 238[2mms[22m[39m
       [32m✓[39m should provide clear error for unsupported formats[32m 12[2mms[22m[39m
       [32m✓[39m should persist config after removing invalid documents[32m 18[2mms[22m[39m
 [32m✓[39m src/main/ResourceMonitor.test.js [2m([22m[2m19 tests[22m[2m)[22m[33m 2783[2mms[22m[39m
       [33m[2m✓[22m[39m should collect samples over time [33m 306[2mms[22m[39m
       [33m[2m✓[22m[39m should limit sample history [33m 702[2mms[22m[39m
       [33m[2m✓[22m[39m should calculate average memory usage [33m 310[2mms[22m[39m
       [33m[2m✓[22m[39m should calculate average CPU usage [33m 315[2mms[22m[39m
       [33m[2m✓[22m[39m should return complete summary [33m 316[2mms[22m[39m
       [33m[2m✓[22m[39m should check resource compliance [33m 309[2mms[22m[39m
       [33m[2m✓[22m[39m should use default limits [33m 302[2mms[22m[39m
[90mstderr[2m | src/renderer/scare/escape-key.test.js[2m > [22m[2mESC Key Handling[2m > [22m[2mCancellation 
During Shake Stage[2m > [22m[2mshould cancel shake stage and notify main process
[22m[39mCould not load link: "http://localhost/styles.css"

[90mstderr[2m | src/renderer/scare/escape-key.test.js[2m > [22m[2mESC Key Handling[2m > [22m[2mCancellation 
During Shake Stage[2m > [22m[2mshould cancel shake stage and notify main process
[22m[39mCould not load script: "http://localhost/audio.js"

[90mstderr[2m | src/renderer/scare/escape-key.test.js[2m > [22m[2mESC Key Handling[2m > [22m[2mCancellation 
During Shake Stage[2m > [22m[2mshould cancel shake stage and notify main process
[22m[39mCould not load script: "http://localhost/creatures.js"

[90mstderr[2m | src/renderer/scare/escape-key.test.js[2m > [22m[2mESC Key Handling[2m > [22m[2mCancellation 
During Shake Stage[2m > [22m[2mshould cancel shake stage and notify main process
[22m[39mCould not load script: "http://localhost/jumpscare.js"

[90mstderr[2m | src/renderer/scare/escape-key.test.js[2m > [22m[2mESC Key Handling[2m > [22m[2mCancellation 
During Shake Stage[2m > [22m[2mshould cancel shake stage and notify main process
[22m[39mCould not load script: "http://localhost/renderer.js"

[90mstderr[2m | src/renderer/scare/escape-key.test.js[2m > [22m[2mESC Key Handling[2m > [22m[2mCancellation 
During Shake Stage[2m > [22m[2mshould cancel shake stage and notify main process
[22m[39mCould not load script: "http://localhost/tunnel.js"

[90mstderr[2m | src/renderer/scare/darkening.test.js[2m > [22m[2mScreen Darkening Transition[2m > 
[22m[2mDarkening Stage Initialization[2m > [22m[2mshould fade to dark background after animation frame
[22m[39mNot implemented: HTMLCanvasElement's getContext() method: without installing the canvas npm package

[90mstderr[2m | src/renderer/scare/darkening.test.js[2m > [22m[2mScreen Darkening Transition[2m > 
[22m[2mDarkening Stage Initialization[2m > [22m[2mshould fade to dark background after animation frame
[22m[39mCould not load link: "http://localhost/styles.css"

[90mstderr[2m | src/renderer/scare/darkening.test.js[2m > [22m[2mScreen Darkening Transition[2m > 
[22m[2mDarkening Stage Initialization[2m > [22m[2mshould fade to dark background after animation frame
[22m[39mCould not load script: "http://localhost/audio.js"

[90mstderr[2m | src/renderer/scare/darkening.test.js[2m > [22m[2mScreen Darkening Transition[2m > 
[22m[2mDarkening Stage Initialization[2m > [22m[2mshould fade to dark background after animation frame
[22m[39mCould not load script: "http://localhost/creatures.js"

[90mstderr[2m | src/renderer/scare/darkening.test.js[2m > [22m[2mScreen Darkening Transition[2m > 
[22m[2mDarkening Stage Initialization[2m > [22m[2mshould fade to dark background after animation frame
[22m[39mCould not load script: "http://localhost/jumpscare.js"

[90mstderr[2m | src/renderer/scare/darkening.test.js[2m > [22m[2mScreen Darkening Transition[2m > 
[22m[2mDarkening Stage Initialization[2m > [22m[2mshould fade to dark background after animation frame
[22m[39mCould not load script: "http://localhost/renderer.js"

[90mstderr[2m | src/renderer/scare/darkening.test.js[2m > [22m[2mScreen Darkening Transition[2m > 
[22m[2mDarkening Stage Initialization[2m > [22m[2mshould fade to dark background after animation frame
[22m[39mCould not load script: "http://localhost/tunnel.js"

[90mstderr[2m | src/renderer/scare/darkening.test.js[2m > [22m[2mScreen Darkening Transition[2m > 
[22m[2mDarkening Stage Initialization[2m > [22m[2mshould fade to dark background after animation frame
[22m[39mNot implemented: HTMLCanvasElement's getContext() method: without installing the canvas npm package

 [31m❯[39m src/main/DocumentProcessorErrorHandling.test.js [2m([22m[2m21 tests[22m[2m | [22m[31m1 failed[39m[2m)[22m[33m 2490[2mms[22m[39m
       [32m✓[39m should handle missing file gracefully[32m 17[2mms[22m[39m
       [32m✓[39m should log error for missing file[32m 9[2mms[22m[39m
       [32m✓[39m should throw user-friendly error when processing missing file[32m 24[2mms[22m[39m
       [32m✓[39m should handle corrupted PDF gracefully[32m 226[2mms[22m[39m
       [32m✓[39m should handle corrupted DOCX gracefully[32m 24[2mms[22m[39m
       [32m✓[39m should log error for corrupted files[32m 13[2mms[22m[39m
       [32m✓[39m should detect empty files during validation[32m 8[2mms[22m[39m
       [32m✓[39m should handle empty text file[32m 11[2mms[22m[39m
       [32m✓[39m should handle whitespace-only file[32m 13[2mms[22m[39m
       [32m✓[39m should reject files exceeding size limit[32m 227[2mms[22m[39m
       [32m✓[39m should log warning for oversized files[32m 237[2mms[22m[39m
       [32m✓[39m should reject unsupported file formats[32m 11[2mms[22m[39m
       [32m✓[39m should provide list of supported formats in error[32m 10[2mms[22m[39m
       [33m[2m✓[22m[39m should process valid files and report errors for invalid ones [33m 516[2mms[22m[39m
[31m       [31m×[31m should provide user-friendly error messages in batch results[39m[33m 503[2mms[22m[39m
       [33m[2m✓[22m[39m should log batch processing summary [33m 419[2mms[22m[39m
       [32m✓[39m should write errors to log file[32m 5[2mms[22m[39m
       [32m✓[39m should write warnings to log file[32m 5[2mms[22m[39m
       [32m✓[39m should rotate log file when it exceeds max size[32m 197[2mms[22m[39m
       [32m✓[39m should handle UTF-8 encoded files[32m 5[2mms[22m[39m
       [32m✓[39m should fallback to latin1 for non-UTF8 files[32m 5[2mms[22m[39m
[90mstdout[2m | src/renderer/scare/escape-key.test.js[2m > [22m[2mESC Key Handling[2m > [22m[2mCancellation During Shake Stage[2m > [22m[2mshould cancel shake stage and notify main process
[22m[39mStarting shake sequence

[90mstderr[2m | src/renderer/scare/escape-key.test.js[2m > [22m[2mESC Key Handling[2m > [22m[2mCancellation 
During Shake Stage[2m > [22m[2mshould stop shake animation classes
[22m[39mCould not load link: "http://localhost/styles.css"

[90mstderr[2m | src/renderer/scare/escape-key.test.js[2m > [22m[2mESC Key Handling[2m > [22m[2mCancellation 
During Shake Stage[2m > [22m[2mshould stop shake animation classes
[22m[39mCould not load script: "http://localhost/audio.js"

[90mstderr[2m | src/renderer/scare/escape-key.test.js[2m > [22m[2mESC Key Handling[2m > [22m[2mCancellation 
During Shake Stage[2m > [22m[2mshould stop shake animation classes
[22m[39mCould not load script: "http://localhost/creatures.js"

[90mstderr[2m | src/renderer/scare/escape-key.test.js[2m > [22m[2mESC Key Handling[2m > [22m[2mCancellation 
During Shake Stage[2m > [22m[2mshould stop shake animation classes
[22m[39mCould not load script: "http://localhost/jumpscare.js"

[90mstderr[2m | src/renderer/scare/escape-key.test.js[2m > [22m[2mESC Key Handling[2m > [22m[2mCancellation 
During Shake Stage[2m > [22m[2mshould stop shake animation classes
[22m[39mCould not load script: "http://localhost/renderer.js"

[90mstderr[2m | src/renderer/scare/escape-key.test.js[2m > [22m[2mESC Key Handling[2m > [22m[2mCancellation 
During Shake Stage[2m > [22m[2mshould stop shake animation classes
[22m[39mCould not load script: "http://localhost/tunnel.js"

[90mstdout[2m | src/renderer/scare/shake.test.js[2m > [22m[2mScreen Shake Effect[2m > [22m[2mShake Layer Structure[2m > [22m[2mshould have correct positioning
[22m[39mScare window loaded
AudioManager initialized

[90mstderr[2m | src/renderer/scare/darkening.test.js[2m > [22m[2mScreen Darkening Transition[2m > [22m[2mClick 
Prompt Display[2m > [22m[2mshould display click prompt indicator
[22m[39mNot implemented: HTMLCanvasElement's getContext() method: without installing the canvas npm package

[90mstderr[2m | src/renderer/scare/shake.test.js[2m > [22m[2mScreen Shake Effect[2m > [22m[2mShake Layer 
Structure[2m > [22m[2mshould have correct positioning
[22m[39mNot implemented: HTMLCanvasElement's getContext() method: without installing the canvas npm package
Not implemented: HTMLCanvasElement's getContext() method: without installing the canvas npm package

[90mstderr[2m | src/renderer/scare/darkening.test.js[2m > [22m[2mScreen Darkening Transition[2m > [22m[2mClick 
Prompt Display[2m > [22m[2mshould have pulse animation on click prompt
[22m[39mNot implemented: HTMLCanvasElement's getContext() method: without installing the canvas npm package

[90mstdout[2m | src/renderer/scare/escape-key.test.js[2m > [22m[2mESC Key Handling[2m > [22m[2mCancellation During Shake Stage[2m > [22m[2mshould stop shake animation classes
[22m[39mStarting shake sequence

[90mstderr[2m | src/renderer/scare/escape-key.test.js[2m > [22m[2mESC Key Handling[2m > [22m[2mCancellation 
During Dark Stage[2m > [22m[2mshould cancel dark stage and notify main process
[22m[39mCould not load link: "http://localhost/styles.css"

[90mstderr[2m | src/renderer/scare/escape-key.test.js[2m > [22m[2mESC Key Handling[2m > [22m[2mCancellation 
During Dark Stage[2m > [22m[2mshould cancel dark stage and notify main process
[22m[39mCould not load script: "http://localhost/audio.js"

[90mstderr[2m | src/renderer/scare/escape-key.test.js[2m > [22m[2mESC Key Handling[2m > [22m[2mCancellation 
During Dark Stage[2m > [22m[2mshould cancel dark stage and notify main process
[22m[39mCould not load script: "http://localhost/creatures.js"

[90mstderr[2m | src/renderer/scare/escape-key.test.js[2m > [22m[2mESC Key Handling[2m > [22m[2mCancellation 
During Dark Stage[2m > [22m[2mshould cancel dark stage and notify main process
[22m[39mCould not load script: "http://localhost/jumpscare.js"

[90mstderr[2m | src/renderer/scare/escape-key.test.js[2m > [22m[2mESC Key Handling[2m > [22m[2mCancellation 
During Dark Stage[2m > [22m[2mshould cancel dark stage and notify main process
[22m[39mCould not load script: "http://localhost/renderer.js"

[90mstderr[2m | src/renderer/scare/escape-key.test.js[2m > [22m[2mESC Key Handling[2m > [22m[2mCancellation 
During Dark Stage[2m > [22m[2mshould cancel dark stage and notify main process
[22m[39mCould not load script: "http://localhost/tunnel.js"

[90mstdout[2m | src/renderer/scare/shake.test.js[2m > [22m[2mScreen Shake Effect[2m > [22m[2mShake Animation Classes[2m > [22m[2mshould have shake-subtle class defined in styles
[22m[39mScare window loaded
AudioManager initialized

[90mstderr[2m | src/renderer/scare/shake.test.js[2m > [22m[2mScreen Shake Effect[2m > [22m[2mShake Animation 
Classes[2m > [22m[2mshould have shake-subtle class defined in styles
[22m[39mNot implemented: HTMLCanvasElement's getContext() method: without installing the canvas npm package
Not implemented: HTMLCanvasElement's getContext() method: without installing the canvas npm package

Warning: Indexing all PDF objects
[90mstderr[2m | src/main/DocumentProcessor.test.js[2m > [22m[2mDocumentProcessor[2m > [22m[2mPDF Processing[2m > 
[22m[2mprocessAllDocuments[2m > [22m[2mshould handle all documents failing gracefully
[22m[39mWorker thread failed, falling back to main thread: Invalid PDF structure

[90mstdout[2m | src/main/DocumentProcessor.test.js[2m > [22m[2mDocumentProcessor[2m > [22m[2mPDF Processing[2m > [22m[2mprocessAllDocuments[2m > [22m[2mshould handle all documents failing gracefully
[22m[39mWarning: Indexing all PDF objects

Warning: Indexing all PDF objects
[90mstderr[2m | src/main/DocumentProcessor.test.js[2m > [22m[2mDocumentProcessor[2m > [22m[2mPDF Processing[2m > 
[22m[2mprocessAllDocuments[2m > [22m[2mshould handle all documents failing gracefully
[22m[39mWorker thread failed, falling back to main thread: Invalid PDF structure

[90mstdout[2m | src/main/DocumentProcessor.test.js[2m > [22m[2mDocumentProcessor[2m > [22m[2mPDF Processing[2m > [22m[2mprocessAllDocuments[2m > [22m[2mshould handle all documents failing gracefully
[22m[39mWarning: Indexing all PDF objects

[90mstderr[2m | src/main/DocumentProcessor.test.js[2m > [22m[2mDocumentProcessor[2m > [22m[2mPDF Processing[2m > 
[22m[2mprocessAllDocuments[2m > [22m[2mshould handle all documents failing gracefully
[22m[39mDocument processing errors: [
  {
    filePath: [32m'C:\\dev\\Kiloween\\test-data\\corrupted.pdf'[39m,
    error: [32m'PDF file is corrupted or invalid'[39m,
    userFriendlyError: [32m'This PDF file appears to be corrupted or invalid.'[39m,
    fileName: [32m'corrupted.pdf'[39m
  },
  {
    filePath: [32m'C:\\dev\\Kiloween\\test-data\\notpdf.pdf'[39m,
    error: [32m'PDF file is corrupted or invalid'[39m,
    userFriendlyError: [32m'This PDF file appears to be corrupted or invalid.'[39m,
    fileName: [32m'notpdf.pdf'[39m
  },
  {
    filePath: [32m'C:\\dev\\Kiloween\\test-data\\nonexistent.pdf'[39m,
    error: [32m'File not found: nonexistent.pdf'[39m,
    userFriendlyError: [32m'File not found: nonexistent.pdf'[39m,
    fileName: [32m'nonexistent.pdf'[39m
  }
]

[90mstdout[2m | src/renderer/scare/shake.test.js[2m > [22m[2mScreen Shake Effect[2m > [22m[2mShake Animation Classes[2m > [22m[2mshould have multiple shake intensity levels
[22m[39mScare window loaded
AudioManager initialized

[90mstderr[2m | src/renderer/scare/shake.test.js[2m > [22m[2mScreen Shake Effect[2m > [22m[2mShake Animation 
Classes[2m > [22m[2mshould have multiple shake intensity levels
[22m[39mNot implemented: HTMLCanvasElement's getContext() method: without installing the canvas npm package
Not implemented: HTMLCanvasElement's getContext() method: without installing the canvas npm package

[90mstdout[2m | src/main/DocumentProcessor.test.js[2m > [22m[2mDocumentProcessor[2m > [22m[2mPDF Processing[2m > [22m[2merror handling[2m > [22m[2mshould provide descriptive error for encrypted PDF
[22m[39mWarning: Indexing all PDF objects

[90mstdout[2m | src/renderer/scare/escape-key.test.js[2m > [22m[2mESC Key Handling[2m > [22m[2mCancellation During Dark Stage[2m > [22m[2mshould cancel dark stage and notify main process
[22m[39mTransitioning to darkening stage

[90mstderr[2m | src/renderer/scare/darkening.test.js[2m > [22m[2mScreen Darkening Transition[2m > [22m[2mClick 
Detection[2m > [22m[2mshould add click listener to dark overlay
[22m[39mNot implemented: HTMLCanvasElement's getContext() method: without installing the canvas npm package

[90mstdout[2m | src/renderer/scare/shake.test.js[2m > [22m[2mScreen Shake Effect[2m > [22m[2mstartShake Function[2m > [22m[2mshould be exposed on window object
[22m[39mScare window loaded
AudioManager initialized

[90mstderr[2m | src/renderer/scare/shake.test.js[2m > [22m[2mScreen Shake Effect[2m > [22m[2mstartShake 
Function[2m > [22m[2mshould be exposed on window object
[22m[39mNot implemented: HTMLCanvasElement's getContext() method: without installing the canvas npm package
Not implemented: HTMLCanvasElement's getContext() method: without installing the canvas npm package

[90mstderr[2m | src/renderer/scare/escape-key.test.js[2m > [22m[2mESC Key Handling[2m > [22m[2mCancellation 
During Dark Stage[2m > [22m[2mshould remove click listener from dark overlay
[22m[39mCould not load link: "http://localhost/styles.css"

[90mstderr[2m | src/renderer/scare/escape-key.test.js[2m > [22m[2mESC Key Handling[2m > [22m[2mCancellation 
During Dark Stage[2m > [22m[2mshould remove click listener from dark overlay
[22m[39mCould not load script: "http://localhost/audio.js"

[90mstderr[2m | src/renderer/scare/escape-key.test.js[2m > [22m[2mESC Key Handling[2m > [22m[2mCancellation 
During Dark Stage[2m > [22m[2mshould remove click listener from dark overlay
[22m[39mCould not load script: "http://localhost/creatures.js"

[90mstderr[2m | src/renderer/scare/escape-key.test.js[2m > [22m[2mESC Key Handling[2m > [22m[2mCancellation 
During Dark Stage[2m > [22m[2mshould remove click listener from dark overlay
[22m[39mCould not load script: "http://localhost/jumpscare.js"

[90mstderr[2m | src/renderer/scare/escape-key.test.js[2m > [22m[2mESC Key Handling[2m > [22m[2mCancellation 
During Dark Stage[2m > [22m[2mshould remove click listener from dark overlay
[22m[39mCould not load script: "http://localhost/renderer.js"

[90mstderr[2m | src/renderer/scare/escape-key.test.js[2m > [22m[2mESC Key Handling[2m > [22m[2mCancellation 
During Dark Stage[2m > [22m[2mshould remove click listener from dark overlay
[22m[39mCould not load script: "http://localhost/tunnel.js"

[90mstderr[2m | src/renderer/scare/darkening.test.js[2m > [22m[2mScreen Darkening Transition[2m > [22m[2mClick 
Detection[2m > [22m[2mshould hide dark overlay when clicked
[22m[39mNot implemented: HTMLCanvasElement's getContext() method: without installing the canvas npm package

[90mstdout[2m | src/renderer/scare/shake.test.js[2m > [22m[2mScreen Shake Effect[2m > [22m[2mstartShake Function[2m > [22m[2mshould show shake layer when started
[22m[39mScare window loaded
AudioManager initialized

[90mstderr[2m | src/renderer/scare/shake.test.js[2m > [22m[2mScreen Shake Effect[2m > [22m[2mstartShake 
Function[2m > [22m[2mshould show shake layer when started
[22m[39mNot implemented: HTMLCanvasElement's getContext() method: without installing the canvas npm package
Not implemented: HTMLCanvasElement's getContext() method: without installing the canvas npm package

[90mstdout[2m | src/renderer/scare/escape-key.test.js[2m > [22m[2mESC Key Handling[2m > [22m[2mCancellation During Dark Stage[2m > [22m[2mshould remove click listener from dark overlay
[22m[39mTransitioning to darkening stage

[90mstderr[2m | src/renderer/scare/escape-key.test.js[2m > [22m[2mESC Key Handling[2m > [22m[2mCancellation 
During Tunnel Stage[2m > [22m[2mshould cancel tunnel animation and notify main process
[22m[39mCould not load link: "http://localhost/styles.css"

[90mstderr[2m | src/renderer/scare/escape-key.test.js[2m > [22m[2mESC Key Handling[2m > [22m[2mCancellation 
During Tunnel Stage[2m > [22m[2mshould cancel tunnel animation and notify main process
[22m[39mCould not load script: "http://localhost/audio.js"

[90mstderr[2m | src/renderer/scare/escape-key.test.js[2m > [22m[2mESC Key Handling[2m > [22m[2mCancellation 
During Tunnel Stage[2m > [22m[2mshould cancel tunnel animation and notify main process
[22m[39mCould not load script: "http://localhost/creatures.js"

[90mstderr[2m | src/renderer/scare/escape-key.test.js[2m > [22m[2mESC Key Handling[2m > [22m[2mCancellation 
During Tunnel Stage[2m > [22m[2mshould cancel tunnel animation and notify main process
[22m[39mCould not load script: "http://localhost/jumpscare.js"

[90mstderr[2m | src/renderer/scare/escape-key.test.js[2m > [22m[2mESC Key Handling[2m > [22m[2mCancellation 
During Tunnel Stage[2m > [22m[2mshould cancel tunnel animation and notify main process
[22m[39mCould not load script: "http://localhost/renderer.js"

[90mstderr[2m | src/renderer/scare/escape-key.test.js[2m > [22m[2mESC Key Handling[2m > [22m[2mCancellation 
During Tunnel Stage[2m > [22m[2mshould cancel tunnel animation and notify main process
[22m[39mCould not load script: "http://localhost/tunnel.js"

[90mstderr[2m | src/renderer/scare/darkening.test.js[2m > [22m[2mScreen Darkening Transition[2m > [22m[2mClick 
Detection[2m > [22m[2mshould transition to tunnel stage when clicked
[22m[39mNot implemented: HTMLCanvasElement's getContext() method: without installing the canvas npm package

[90mstdout[2m | src/renderer/scare/shake.test.js[2m > [22m[2mScreen Shake Effect[2m > [22m[2mstartShake Function[2m > [22m[2mshould apply initial shake class
[22m[39mScare window loaded
AudioManager initialized

[90mstderr[2m | src/renderer/scare/shake.test.js[2m > [22m[2mScreen Shake Effect[2m > [22m[2mstartShake 
Function[2m > [22m[2mshould apply initial shake class
[22m[39mNot implemented: HTMLCanvasElement's getContext() method: without installing the canvas npm package
Not implemented: HTMLCanvasElement's getContext() method: without installing the canvas npm package

[90mstderr[2m | src/renderer/scare/darkening.test.js[2m > [22m[2mScreen Darkening Transition[2m > [22m[2mClick 
Detection[2m > [22m[2mshould only trigger once per click (once: true)
[22m[39mNot implemented: HTMLCanvasElement's getContext() method: without installing the canvas npm package

[90mstdout[2m | src/renderer/scare/shake.test.js[2m > [22m[2mScreen Shake Effect[2m > [22m[2mstartShake Function[2m > [22m[2mshould progress through shake levels
[22m[39mScare window loaded
AudioManager initialized

[90mstderr[2m | src/renderer/scare/shake.test.js[2m > [22m[2mScreen Shake Effect[2m > [22m[2mstartShake 
Function[2m > [22m[2mshould progress through shake levels
[22m[39mNot implemented: HTMLCanvasElement's getContext() method: without installing the canvas npm package
Not implemented: HTMLCanvasElement's getContext() method: without installing the canvas npm package

[90mstderr[2m | src/renderer/scare/darkening.test.js[2m > [22m[2mScreen Darkening Transition[2m > [22m[2mClick 
Detection[2m > [22m[2mshould only trigger once per click (once: true)
[22m[39mTypeError: Cannot set properties of null (setting 'fillStyle')
    at TunnelAnimation.drawTunnel (eval at <anonymous> (C:/dev/Kiloween/src/renderer/scare/darkening.test.js:60:30), 
<anonymous>:162:24)
    at TunnelAnimation.start (eval at <anonymous> (C:/dev/Kiloween/src/renderer/scare/darkening.test.js:60:30), 
<anonymous>:53:10)
    at transitionToTunnel (eval at <anonymous> (C:/dev/Kiloween/src/renderer/scare/darkening.test.js:60:30), 
<anonymous>:186:28)
    at HTMLDivElement.handleDarkOverlayClick (eval at <anonymous> 
(C:/dev/Kiloween/src/renderer/scare/darkening.test.js:60:30), <anonymous>:171:3)
    at HTMLDivElement.callTheUserObjectsOperation 
(C:\dev\Kiloween\node_modules\jsdom\lib\jsdom\living\generated\EventListener.js:26:30)
    at innerInvokeEventListeners (C:\dev\Kiloween\node_modules\jsdom\lib\jsdom\living\events\EventTarget-impl.js:360:16)
    at invokeEventListeners (C:\dev\Kiloween\node_modules\jsdom\lib\jsdom\living\events\EventTarget-impl.js:296:3)
    at HTMLDivElementImpl._dispatch (C:\dev\Kiloween\node_modules\jsdom\lib\jsdom\living\events\EventTarget-impl.js:243:9)
    at HTMLDivElementImpl.dispatchEvent 
(C:\dev\Kiloween\node_modules\jsdom\lib\jsdom\living\events\EventTarget-impl.js:114:17)
    at HTMLDivElement.dispatchEvent (C:\dev\Kiloween\node_modules\jsdom\lib\jsdom\living\generated\EventTarget.js:241:34)

[90mstdout[2m | src/main/QuestionDisplay.integration.test.js[2m > [22m[2mQuestion Display Integration[2m > [22m[2mNo Questions Available[2m > [22m[2mshould end sequence after showing no questions error
[22m[39mDestroying ScareController

[90mstdout[2m | src/main/QuestionDisplay.integration.test.js[2m > [22m[2mQuestion Display Integration[2m > [22m[2mAnswer Submission and Validation[2m > [22m[2mshould validate correct answer and send feedback
[22m[39mStarting scare sequence
Transitioning to stage: shake

[90mstdout[2m | src/main/QuestionDisplay.integration.test.js[2m > [22m[2mQuestion Display Integration[2m > [22m[2mAnswer Submission and Validation[2m > [22m[2mshould validate correct answer and send feedback
[22m[39mStage completed: shake
Transitioning to stage: darken
Stage completed: darken
Transitioning to stage: tunnel
Stage completed: tunnel
Transitioning to stage: jumpscare
Stage completed: jumpscare
Transitioning to stage: question
Showing question: undefined
Answer submitted for question undefined: undefined
Answer correct

[90mstdout[2m | src/main/QuestionDisplay.integration.test.js[2m > [22m[2mQuestion Display Integration[2m > [22m[2mAnswer Submission and Validation[2m > [22m[2mshould validate correct answer and send feedback
[22m[39mDestroying ScareController

[90mstdout[2m | src/main/QuestionDisplay.integration.test.js[2m > [22m[2mQuestion Display Integration[2m > [22m[2mAnswer Submission and Validation[2m > [22m[2mshould validate incorrect answer and send feedback
[22m[39mStarting scare sequence
Transitioning to stage: shake

[90mstdout[2m | src/main/QuestionDisplay.integration.test.js[2m > [22m[2mQuestion Display Integration[2m > [22m[2mAnswer Submission and Validation[2m > [22m[2mshould validate incorrect answer and send feedback
[22m[39mStage completed: shake
Transitioning to stage: darken
Stage completed: darken
Transitioning to stage: tunnel
Stage completed: tunnel
Transitioning to stage: jumpscare
Stage completed: jumpscare
Transitioning to stage: question
Showing question: undefined

[90mstdout[2m | src/main/QuestionDisplay.integration.test.js[2m > [22m[2mQuestion Display Integration[2m > [22m[2mAnswer Submission and Validation[2m > [22m[2mshould validate incorrect answer and send feedback
[22m[39mDestroying ScareController

[90mstdout[2m | src/main/QuestionDisplay.integration.test.js[2m > [22m[2mQuestion Display Integration[2m > [22m[2mAnswer Submission and Validation[2m > [22m[2mshould mark question as used after answer submission
[22m[39mStarting scare sequence
Transitioning to stage: shake

[90mstdout[2m | src/main/QuestionDisplay.integration.test.js[2m > [22m[2mQuestion Display Integration[2m > [22m[2mAnswer Submission and Validation[2m > [22m[2mshould mark question as used after answer submission
[22m[39mStage completed: shake
Transitioning to stage: darken
Stage completed: darken
Transitioning to stage: tunnel
Stage completed: tunnel
Transitioning to stage: jumpscare
Stage completed: jumpscare
Transitioning to stage: question
Showing question: undefined
Answer submitted for question undefined: undefined
Answer correct

[90mstdout[2m | src/main/QuestionDisplay.integration.test.js[2m > [22m[2mQuestion Display Integration[2m > [22m[2mAnswer Submission and Validation[2m > [22m[2mshould mark question as used after answer submission
[22m[39mDestroying ScareController

[90mstdout[2m | src/main/QuestionDisplay.integration.test.js[2m > [22m[2mQuestion Display Integration[2m > [22m[2mAnswer Submission and Validation[2m > [22m[2mshould emit answer-submitted event with details
[22m[39mStarting scare sequence
Transitioning to stage: shake

[90mstdout[2m | src/main/QuestionDisplay.integration.test.js[2m > [22m[2mQuestion Display Integration[2m > [22m[2mAnswer Submission and Validation[2m > [22m[2mshould emit answer-submitted event with details
[22m[39mStage completed: shake
Transitioning to stage: darken
Stage completed: darken
Transitioning to stage: tunnel
Stage completed: tunnel
Transitioning to stage: jumpscare
Stage completed: jumpscare
Transitioning to stage: question
Showing question: undefined
Answer submitted for question undefined: undefined
Answer correct

[90mstdout[2m | src/main/QuestionDisplay.integration.test.js[2m > [22m[2mQuestion Display Integration[2m > [22m[2mAnswer Submission and Validation[2m > [22m[2mshould emit answer-submitted event with details
[22m[39mDestroying ScareController

[90mstdout[2m | src/main/QuestionDisplay.integration.test.js[2m > [22m[2mQuestion Display Integration[2m > [22m[2mQuestion Uniqueness[2m > [22m[2mshould not repeat questions in same session
[22m[39mStarting scare sequence
Transitioning to stage: shake

[90mstdout[2m | src/main/QuestionDisplay.integration.test.js[2m > [22m[2mQuestion Display Integration[2m > [22m[2mQuestion Uniqueness[2m > [22m[2mshould not repeat questions in same session
[22m[39mStage completed: shake
Transitioning to stage: darken
Stage completed: darken
Transitioning to stage: tunnel
Stage completed: tunnel
Transitioning to stage: jumpscare
Stage completed: jumpscare
Transitioning to stage: question
Showing question: undefined
Ending scare sequence
Starting scare sequence
Transitioning to stage: shake

[90mstdout[2m | src/main/QuestionDisplay.integration.test.js[2m > [22m[2mQuestion Display Integration[2m > [22m[2mQuestion Uniqueness[2m > [22m[2mshould not repeat questions in same session
[22m[39mStage completed: shake
Transitioning to stage: darken
Stage completed: darken
Transitioning to stage: tunnel
Stage completed: tunnel
Transitioning to stage: jumpscare
Stage completed: jumpscare
Transitioning to stage: question
Showing question: undefined
Ending scare sequence
Starting scare sequence
Transitioning to stage: shake

[90mstdout[2m | src/main/QuestionDisplay.integration.test.js[2m > [22m[2mQuestion Display Integration[2m > [22m[2mQuestion Uniqueness[2m > [22m[2mshould not repeat questions in same session
[22m[39mStage completed: shake
Transitioning to stage: darken
Stage completed: darken
Transitioning to stage: tunnel
Stage completed: tunnel
Transitioning to stage: jumpscare
Stage completed: jumpscare
Transitioning to stage: question
Showing question: undefined
Ending scare sequence

[90mstdout[2m | src/main/QuestionDisplay.integration.test.js[2m > [22m[2mQuestion Display Integration[2m > [22m[2mQuestion Uniqueness[2m > [22m[2mshould not repeat questions in same session
[22m[39mDestroying ScareController

[90mstdout[2m | src/main/QuestionDisplay.integration.test.js[2m > [22m[2mQuestion Display Integration[2m > [22m[2mFallback Behavior[2m > [22m[2mshould handle question generation errors gracefully
[22m[39mStarting scare sequence
Transitioning to stage: shake

[90mstdout[2m | src/main/QuestionDisplay.integration.test.js[2m > [22m[2mQuestion Display Integration[2m > [22m[2mFallback Behavior[2m > [22m[2mshould handle question generation errors gracefully
[22m[39mStage completed: shake
Transitioning to stage: darken
Stage completed: darken
Transitioning to stage: tunnel
Stage completed: tunnel
Transitioning to stage: jumpscare
Stage completed: jumpscare
Transitioning to stage: question

[90mstderr[2m | src/main/QuestionDisplay.integration.test.js[2m > [22m[2mQuestion Display Integration[2m > 
[22m[2mFallback Behavior[2m > [22m[2mshould handle question generation errors gracefully
[22m[39mError showing question: Error: Question generation failed
    at QuestionGenerator.<anonymous> (C:/dev/Kiloween/src/main/QuestionDisplay.integration.test.js:401:15)
    at QuestionGenerator.Mock [as getNextQuestion] 
[90m(file:///C:/dev/Kiloween/[39mnode_modules/[4m@vitest[24m/spy/dist/index.js:280:34[90m)[39m
    at ScareController._showQuestion [90m(C:\dev\Kiloween\[39msrc\main\ScareController.js:227:47[90m)[39m
    at ScareController._transitionToStage [90m(C:\dev\Kiloween\[39msrc\main\ScareController.js:159:20[90m)[39m
    at ScareController._handleStageComplete [90m(C:\dev\Kiloween\[39msrc\main\ScareController.js:189:12[90m)[39m
    at C:/dev/Kiloween/src/main/QuestionDisplay.integration.test.js:413:23
    at [90mfile:///C:/dev/Kiloween/[39mnode_modules/[4m@vitest[24m/runner/dist/index.js:753:20

[90mstdout[2m | src/main/QuestionDisplay.integration.test.js[2m > [22m[2mQuestion Display Integration[2m > [22m[2mFallback Behavior[2m > [22m[2mshould handle question generation errors gracefully
[22m[39mDestroying ScareController

[90mstdout[2m | src/main/QuestionDisplay.integration.test.js[2m > [22m[2mQuestion Display Integration[2m > [22m[2mFallback Behavior[2m > [22m[2mshould handle missing question ID in answer submission
[22m[39mStarting scare sequence
Transitioning to stage: shake

[90mstdout[2m | src/main/QuestionDisplay.integration.test.js[2m > [22m[2mQuestion Display Integration[2m > [22m[2mFallback Behavior[2m > [22m[2mshould handle missing question ID in answer submission
[22m[39mStage completed: shake
Transitioning to stage: darken
Stage completed: darken
Transitioning to stage: tunnel
Stage completed: tunnel
Transitioning to stage: jumpscare
Stage completed: jumpscare
Transitioning to stage: question
Showing question: undefined

[90mstderr[2m | src/main/QuestionDisplay.integration.test.js[2m > [22m[2mQuestion Display Integration[2m > 
[22m[2mFallback Behavior[2m > [22m[2mshould handle missing question ID in answer submission
[22m[39mQuestion ID mismatch: expected undefined, got wrong-id

[90mstdout[2m | src/main/QuestionDisplay.integration.test.js[2m > [22m[2mQuestion Display Integration[2m > [22m[2mFallback Behavior[2m > [22m[2mshould handle missing question ID in answer submission
[22m[39mDestroying ScareController

 [31m❯[39m src/main/QuestionDisplay.integration.test.js [2m([22m[2m13 tests[22m[2m | [22m[31m11 failed[39m[2m)[22m[33m 3382[2mms[22m[39m
[31m       [31m×[31m should request and send question to renderer after jump scare[39m[32m 24[2mms[22m[39m
[31m       [31m×[31m should send question with all required fields[39m[32m 5[2mms[22m[39m
[31m       [31m×[31m should track current question in controller[39m[32m 3[2mms[22m[39m
[31m       [31m×[31m should handle case when no questions are available[39m[32m 108[2mms[22m[39m
[31m       [31m×[31m should emit error event when no questions available[39m[32m 105[2mms[22m[39m
[31m       [31m×[31m should end sequence after showing no questions error[39m[33m 3117[2mms[22m[39m
[31m       [31m×[31m should validate correct answer and send feedback[39m[32m 3[2mms[22m[39m
[31m       [31m×[31m should validate incorrect answer and send feedback[39m[32m 2[2mms[22m[39m
[31m       [31m×[31m should mark question as used after answer submission[39m[32m 2[2mms[22m[39m
[31m       [31m×[31m should emit answer-submitted event with details[39m[32m 2[2mms[22m[39m
[31m       [31m×[31m should not repeat questions in same session[39m[32m 3[2mms[22m[39m
       [32m✓[39m should handle question generation errors gracefully[32m 3[2mms[22m[39m
       [32m✓[39m should handle missing question ID in answer submission[32m 2[2mms[22m[39m
[90mstdout[2m | src/main/TimerScareController.integration.test.js[2m > [22m[2mTimerManager and ScareController Integration[2m > [22m[2mFull Timer-to-Scare Flow[2m > [22m[2mshould complete full cycle: timer expire -> scare -> answer -> reset
[22m[39mDestroying ScareController

[90mstdout[2m | src/main/TimerScareController.integration.test.js[2m > [22m[2mTimerManager and ScareController Integration[2m > [22m[2mFull Timer-to-Scare Flow[2m > [22m[2mshould handle rapid timer expirations gracefully
[22m[39mStarting scare sequence
Transitioning to stage: shake

[90mstdout[2m | src/renderer/scare/escape-key.test.js[2m > [22m[2mESC Key Handling[2m > [22m[2mCancellation During Tunnel Stage[2m > [22m[2mshould cancel tunnel animation and notify main process
[22m[39mTransitioning to tunnel stage

[90mstdout[2m | src/renderer/scare/shake.test.js[2m > [22m[2mScreen Shake Effect[2m > [22m[2mstartShake Function[2m > [22m[2mshould complete shake sequence within 5 seconds
[22m[39mScare window loaded
AudioManager initialized

[90mstderr[2m | src/renderer/scare/shake.test.js[2m > [22m[2mScreen Shake Effect[2m > [22m[2mstartShake 
Function[2m > [22m[2mshould complete shake sequence within 5 seconds
[22m[39mNot implemented: HTMLCanvasElement's getContext() method: without installing the canvas npm package
Not implemented: HTMLCanvasElement's getContext() method: without installing the canvas npm package

[90mstderr[2m | src/renderer/scare/darkening.test.js[2m > [22m[2mScreen Darkening Transition[2m > 
[22m[2mTransition Timing[2m > [22m[2mshould use 2s transition for fade-in effect
[22m[39mNot implemented: HTMLCanvasElement's getContext() method: without installing the canvas npm package

[90mstderr[2m | src/renderer/scare/shake.test.js[2m > [22m[2mScreen Shake Effect[2m > [22m[2mstartShake 
Function[2m > [22m[2mshould complete shake sequence within 5 seconds
[22m[39mReferenceError: requestAnimationFrame is not defined
    at transitionToDarkening (about:blank:147:3)
    at about:blank:99:9
    at task (C:\dev\Kiloween\node_modules\jsdom\lib\jsdom\browser\Window.js:605:19)
    at callTimer (file:///C:/dev/Kiloween/node_modules/vitest/dist/chunks/vi.CyIUVSoU.js:2101:25)
    at doTickInner (file:///C:/dev/Kiloween/node_modules/vitest/dist/chunks/vi.CyIUVSoU.js:2704:30)
    at doTick (file:///C:/dev/Kiloween/node_modules/vitest/dist/chunks/vi.CyIUVSoU.js:2785:21)
    at Object.tick (file:///C:/dev/Kiloween/node_modules/vitest/dist/chunks/vi.CyIUVSoU.js:2793:21)
    at FakeTimers.advanceTimersByTime (file:///C:/dev/Kiloween/node_modules/vitest/dist/chunks/vi.CyIUVSoU.js:3519:44)
    at Object.advanceTimersByTime (file:///C:/dev/Kiloween/node_modules/vitest/dist/chunks/vi.CyIUVSoU.js:3750:13)
    at C:/dev/Kiloween/src/renderer/scare/shake.test.js:175:10

[90mstderr[2m | src/renderer/scare/escape-key.test.js[2m > [22m[2mESC Key Handling[2m > [22m[2mCancellation 
During Tunnel Stage[2m > [22m[2mshould stop tunnel animation
[22m[39mCould not load link: "http://localhost/styles.css"

[90mstderr[2m | src/renderer/scare/escape-key.test.js[2m > [22m[2mESC Key Handling[2m > [22m[2mCancellation 
During Tunnel Stage[2m > [22m[2mshould stop tunnel animation
[22m[39mCould not load script: "http://localhost/audio.js"

[90mstderr[2m | src/renderer/scare/escape-key.test.js[2m > [22m[2mESC Key Handling[2m > [22m[2mCancellation 
During Tunnel Stage[2m > [22m[2mshould stop tunnel animation
[22m[39mCould not load script: "http://localhost/creatures.js"

[90mstderr[2m | src/renderer/scare/escape-key.test.js[2m > [22m[2mESC Key Handling[2m > [22m[2mCancellation 
During Tunnel Stage[2m > [22m[2mshould stop tunnel animation
[22m[39mCould not load script: "http://localhost/jumpscare.js"

[90mstderr[2m | src/renderer/scare/escape-key.test.js[2m > [22m[2mESC Key Handling[2m > [22m[2mCancellation 
During Tunnel Stage[2m > [22m[2mshould stop tunnel animation
[22m[39mCould not load script: "http://localhost/renderer.js"

[90mstderr[2m | src/renderer/scare/escape-key.test.js[2m > [22m[2mESC Key Handling[2m > [22m[2mCancellation 
During Tunnel Stage[2m > [22m[2mshould stop tunnel animation
[22m[39mCould not load script: "http://localhost/tunnel.js"

[90mstderr[2m | src/main/DocumentProcessor.integration.test.js[2m > [22m[2mDocumentProcessor - Integration Tests[2m 
> [22m[2mprocessAllDocuments[2m > [22m[2mshould call progress callback even when errors occur
[22m[39mWorker thread failed, falling back to main thread: ENOENT: no such file or directory, open 
'C:\Users\pedro\AppData\Local\Temp\doc-processor-test-1763428738373\missing.txt'

[90mstderr[2m | src/main/DocumentProcessor.integration.test.js[2m > [22m[2mDocumentProcessor - Integration Tests[2m 
> [22m[2mprocessAllDocuments[2m > [22m[2mshould call progress callback even when errors occur
[22m[39mDocument processing errors: [
  {
    filePath: [32m'C:\\Users\\pedro\\AppData\\Local\\Temp\\doc-processor-test-1763428738373\\missing.txt'[39m,
    error: [32m'File not found: missing.txt'[39m,
    userFriendlyError: [32m'File not found: missing.txt'[39m,
    fileName: [32m'missing.txt'[39m
  }
]

[90mstdout[2m | src/renderer/scare/shake.test.js[2m > [22m[2mScreen Shake Effect[2m > [22m[2mstartShake Function[2m > [22m[2mshould hide shake layer after completion
[22m[39mScare window loaded
AudioManager initialized

[90mstderr[2m | src/renderer/scare/shake.test.js[2m > [22m[2mScreen Shake Effect[2m > [22m[2mstartShake 
Function[2m > [22m[2mshould hide shake layer after completion
[22m[39mNot implemented: HTMLCanvasElement's getContext() method: without installing the canvas npm package
Not implemented: HTMLCanvasElement's getContext() method: without installing the canvas npm package

[90mstderr[2m | src/renderer/scare/shake.test.js[2m > [22m[2mScreen Shake Effect[2m > [22m[2mstartShake 
Function[2m > [22m[2mshould hide shake layer after completion
[22m[39mReferenceError: requestAnimationFrame is not defined
    at transitionToDarkening (about:blank:147:3)
    at about:blank:99:9
    at task (C:\dev\Kiloween\node_modules\jsdom\lib\jsdom\browser\Window.js:605:19)
    at callTimer (file:///C:/dev/Kiloween/node_modules/vitest/dist/chunks/vi.CyIUVSoU.js:2101:25)
    at doTickInner (file:///C:/dev/Kiloween/node_modules/vitest/dist/chunks/vi.CyIUVSoU.js:2704:30)
    at doTick (file:///C:/dev/Kiloween/node_modules/vitest/dist/chunks/vi.CyIUVSoU.js:2785:21)
    at Object.tick (file:///C:/dev/Kiloween/node_modules/vitest/dist/chunks/vi.CyIUVSoU.js:2793:21)
    at FakeTimers.advanceTimersByTime (file:///C:/dev/Kiloween/node_modules/vitest/dist/chunks/vi.CyIUVSoU.js:3519:44)
    at Object.advanceTimersByTime (file:///C:/dev/Kiloween/node_modules/vitest/dist/chunks/vi.CyIUVSoU.js:3750:13)
    at C:/dev/Kiloween/src/renderer/scare/shake.test.js:186:10

[90mstderr[2m | src/renderer/scare/darkening.test.js[2m > [22m[2mScreen Darkening Transition[2m > 
[22m[2mTransition Timing[2m > [22m[2mshould complete darkening before accepting clicks
[22m[39mNot implemented: HTMLCanvasElement's getContext() method: without installing the canvas npm package

[90mstderr[2m | src/renderer/scare/darkening.test.js[2m > [22m[2mScreen Darkening Transition[2m > 
[22m[2mTransition Timing[2m > [22m[2mshould complete darkening before accepting clicks
[22m[39mTypeError: Cannot set properties of null (setting 'fillStyle')
    at TunnelAnimation.drawTunnel (eval at <anonymous> (C:/dev/Kiloween/src/renderer/scare/darkening.test.js:60:30), 
<anonymous>:162:24)
    at TunnelAnimation.start (eval at <anonymous> (C:/dev/Kiloween/src/renderer/scare/darkening.test.js:60:30), 
<anonymous>:53:10)
    at transitionToTunnel (eval at <anonymous> (C:/dev/Kiloween/src/renderer/scare/darkening.test.js:60:30), 
<anonymous>:186:28)
    at HTMLDivElement.handleDarkOverlayClick (eval at <anonymous> 
(C:/dev/Kiloween/src/renderer/scare/darkening.test.js:60:30), <anonymous>:171:3)
    at HTMLDivElement.callTheUserObjectsOperation 
(C:\dev\Kiloween\node_modules\jsdom\lib\jsdom\living\generated\EventListener.js:26:30)
    at innerInvokeEventListeners (C:\dev\Kiloween\node_modules\jsdom\lib\jsdom\living\events\EventTarget-impl.js:360:16)
    at invokeEventListeners (C:\dev\Kiloween\node_modules\jsdom\lib\jsdom\living\events\EventTarget-impl.js:296:3)
    at HTMLDivElementImpl._dispatch (C:\dev\Kiloween\node_modules\jsdom\lib\jsdom\living\events\EventTarget-impl.js:243:9)
    at HTMLDivElementImpl.dispatchEvent 
(C:\dev\Kiloween\node_modules\jsdom\lib\jsdom\living\events\EventTarget-impl.js:114:17)
    at HTMLDivElement.dispatchEvent (C:\dev\Kiloween\node_modules\jsdom\lib\jsdom\living\generated\EventTarget.js:241:34)

[90mstdout[2m | src/main/TimerScareController.integration.test.js[2m > [22m[2mTimerManager and ScareController Integration[2m > [22m[2mFull Timer-to-Scare Flow[2m > [22m[2mshould handle rapid timer expirations gracefully
[22m[39mDestroying ScareController

[90mstdout[2m | src/main/TimerScareController.integration.test.js[2m > [22m[2mTimerManager and ScareController Integration[2m > [22m[2mTimer State Management[2m > [22m[2mshould maintain timer state during scare sequence
[22m[39mStarting scare sequence
Transitioning to stage: shake
Ending scare sequence

[90mstdout[2m | src/main/TimerScareController.integration.test.js[2m > [22m[2mTimerManager and ScareController Integration[2m > [22m[2mTimer State Management[2m > [22m[2mshould maintain timer state during scare sequence
[22m[39mDestroying ScareController

[90mstdout[2m | src/main/TimerScareController.integration.test.js[2m > [22m[2mTimerManager and ScareController Integration[2m > [22m[2mTimer State Management[2m > [22m[2mshould preserve timer interval through sequence cycle
[22m[39mStarting scare sequence
Transitioning to stage: shake

[90mstderr[2m | src/main/DocumentProcessor.test.js[2m > [22m[2mDocumentProcessor[2m > [22m[2mDOCX Processing[2m 
> [22m[2mprocessDocument with DOCX[2m > [22m[2mshould route DOCX files to processDOCX
[22m[39mWorker thread failed, falling back to main thread: Can't find end of central directory : is this a zip file ? 
If it is, see https://stuk.github.io/jszip/documentation/howto/read_zip.html

[90mstdout[2m | src/renderer/scare/shake.test.js[2m > [22m[2mScreen Shake Effect[2m > [22m[2mstartShake Function[2m > [22m[2mshould remove all shake classes after completion
[22m[39mScare window loaded
AudioManager initialized

[90mstderr[2m | src/renderer/scare/shake.test.js[2m > [22m[2mScreen Shake Effect[2m > [22m[2mstartShake 
Function[2m > [22m[2mshould remove all shake classes after completion
[22m[39mNot implemented: HTMLCanvasElement's getContext() method: without installing the canvas npm package
Not implemented: HTMLCanvasElement's getContext() method: without installing the canvas npm package

[90mstderr[2m | src/renderer/scare/shake.test.js[2m > [22m[2mScreen Shake Effect[2m > [22m[2mstartShake 
Function[2m > [22m[2mshould remove all shake classes after completion
[22m[39mReferenceError: requestAnimationFrame is not defined
    at transitionToDarkening (about:blank:147:3)
    at about:blank:99:9
    at task (C:\dev\Kiloween\node_modules\jsdom\lib\jsdom\browser\Window.js:605:19)
    at callTimer (file:///C:/dev/Kiloween/node_modules/vitest/dist/chunks/vi.CyIUVSoU.js:2101:25)
    at doTickInner (file:///C:/dev/Kiloween/node_modules/vitest/dist/chunks/vi.CyIUVSoU.js:2704:30)
    at doTick (file:///C:/dev/Kiloween/node_modules/vitest/dist/chunks/vi.CyIUVSoU.js:2785:21)
    at Object.tick (file:///C:/dev/Kiloween/node_modules/vitest/dist/chunks/vi.CyIUVSoU.js:2793:21)
    at FakeTimers.advanceTimersByTime (file:///C:/dev/Kiloween/node_modules/vitest/dist/chunks/vi.CyIUVSoU.js:3519:44)
    at Object.advanceTimersByTime (file:///C:/dev/Kiloween/node_modules/vitest/dist/chunks/vi.CyIUVSoU.js:3750:13)
    at C:/dev/Kiloween/src/renderer/scare/shake.test.js:195:10

[90mstdout[2m | src/renderer/scare/escape-key.test.js[2m > [22m[2mESC Key Handling[2m > [22m[2mCancellation During Tunnel Stage[2m > [22m[2mshould stop tunnel animation
[22m[39mTransitioning to tunnel stage

[90mstderr[2m | src/renderer/scare/darkening.test.js[2m > [22m[2mScreen Darkening Transition[2m > [22m[2mVisual 
Feedback[2m > [22m[2mshould have cursor pointer on dark overlay
[22m[39mNot implemented: HTMLCanvasElement's getContext() method: without installing the canvas npm package

[90mstdout[2m | src/main/TimerScareController.integration.test.js[2m > [22m[2mTimerManager and ScareController Integration[2m > [22m[2mTimer State Management[2m > [22m[2mshould preserve timer interval through sequence cycle
[22m[39mEnding scare sequence

[90mstdout[2m | src/main/TimerScareController.integration.test.js[2m > [22m[2mTimerManager and ScareController Integration[2m > [22m[2mTimer State Management[2m > [22m[2mshould preserve timer interval through sequence cycle
[22m[39mDestroying ScareController

 [31m❯[39m src/main/TimerScareController.integration.test.js [2m([22m[2m11 tests[22m[2m | [22m[31m1 failed[39m[2m)[22m[33m 3476[2mms[22m[39m
       [32m✓[39m should trigger scare sequence when timer expires[32m 10[2mms[22m[39m
       [32m✓[39m should reset timer after sequence ends normally[32m 5[2mms[22m[39m
       [32m✓[39m should reset timer after sequence is cancelled[32m 2[2mms[22m[39m
       [32m✓[39m should cancel sequence and reset timer on ESC key[32m 2[2mms[22m[39m
       [32m✓[39m should handle ESC during different stages[32m 3[2mms[22m[39m
       [32m✓[39m should reset timer on scare sequence error[32m 1[2mms[22m[39m
       [32m✓[39m should handle window destroyed during sequence[32m 1[2mms[22m[39m
[31m       [31m×[31m should complete full cycle: timer expire -> scare -> answer -> reset[39m[33m 3279[2mms[22m[39m
       [32m✓[39m should handle rapid timer expirations gracefully[32m 107[2mms[22m[39m
       [32m✓[39m should maintain timer state during scare sequence[32m 1[2mms[22m[39m
       [32m✓[39m should preserve timer interval through sequence cycle[32m 62[2mms[22m[39m
[90mstdout[2m | src/renderer/scare/audio-integration.test.js[2m > [22m[2mAudio Integration with Jump Scare[2m > [22m[2mshould respect audioEnabled config setting
[22m[39mAudioManager initialized

[90mstdout[2m | src/renderer/scare/audio-integration.test.js[2m > [22m[2mAudio Integration with Jump Scare[2m > [22m[2mshould respect audioEnabled config setting
[22m[39mAudio enabled

[90mstdout[2m | src/renderer/scare/audio-integration.test.js[2m > [22m[2mAudio Integration with Jump Scare[2m > [22m[2mshould respect audioEnabled config setting
[22m[39mAudio disabled

[90mstdout[2m | src/renderer/scare/audio-integration.test.js[2m > [22m[2mAudio Integration with Jump Scare[2m > [22m[2mshould play audio when jump scare triggers and audio is enabled
[22m[39mAudioManager initialized

[90mstdout[2m | src/renderer/scare/audio-integration.test.js[2m > [22m[2mAudio Integration with Jump Scare[2m > [22m[2mshould play audio when jump scare triggers and audio is enabled
[22m[39mAudio enabled

[90mstdout[2m | src/renderer/scare/audio-integration.test.js[2m > [22m[2mAudio Integration with Jump Scare[2m > [22m[2mshould play audio when jump scare triggers and audio is enabled
[22m[39mJump scare audio playing

[90mstderr[2m | src/renderer/scare/escape-key.test.js[2m > [22m[2mESC Key Handling[2m > [22m[2mCancellation 
During Jump Scare Stage[2m > [22m[2mshould cancel jump scare and notify main process
[22m[39mCould not load link: "http://localhost/styles.css"

[90mstderr[2m | src/renderer/scare/escape-key.test.js[2m > [22m[2mESC Key Handling[2m > [22m[2mCancellation 
During Jump Scare Stage[2m > [22m[2mshould cancel jump scare and notify main process
[22m[39mCould not load script: "http://localhost/audio.js"

[90mstderr[2m | src/renderer/scare/escape-key.test.js[2m > [22m[2mESC Key Handling[2m > [22m[2mCancellation 
During Jump Scare Stage[2m > [22m[2mshould cancel jump scare and notify main process
[22m[39mCould not load script: "http://localhost/creatures.js"

[90mstderr[2m | src/renderer/scare/escape-key.test.js[2m > [22m[2mESC Key Handling[2m > [22m[2mCancellation 
During Jump Scare Stage[2m > [22m[2mshould cancel jump scare and notify main process
[22m[39mCould not load script: "http://localhost/jumpscare.js"

[90mstderr[2m | src/renderer/scare/escape-key.test.js[2m > [22m[2mESC Key Handling[2m > [22m[2mCancellation 
During Jump Scare Stage[2m > [22m[2mshould cancel jump scare and notify main process
[22m[39mCould not load script: "http://localhost/renderer.js"

[90mstderr[2m | src/renderer/scare/escape-key.test.js[2m > [22m[2mESC Key Handling[2m > [22m[2mCancellation 
During Jump Scare Stage[2m > [22m[2mshould cancel jump scare and notify main process
[22m[39mCould not load script: "http://localhost/tunnel.js"

[90mstdout[2m | src/renderer/scare/audio-integration.test.js[2m > [22m[2mAudio Integration with Jump Scare[2m > [22m[2mshould not play audio when jump scare triggers and audio is disabled
[22m[39mAudioManager initialized

[90mstdout[2m | src/renderer/scare/audio-integration.test.js[2m > [22m[2mAudio Integration with Jump Scare[2m > [22m[2mshould not play audio when jump scare triggers and audio is disabled
[22m[39mAudio disabled
Audio disabled - skipping playback

[90mstdout[2m | src/renderer/scare/audio-integration.test.js[2m > [22m[2mAudio Integration with Jump Scare[2m > [22m[2mshould handle audio playback errors without breaking jump scare
[22m[39mAudioManager initialized

[90mstdout[2m | src/renderer/scare/audio-integration.test.js[2m > [22m[2mAudio Integration with Jump Scare[2m > [22m[2mshould handle audio playback errors without breaking jump scare
[22m[39mAudio enabled

[90mstderr[2m | src/renderer/scare/audio-integration.test.js[2m > [22m[2mAudio Integration with Jump Scare[2m > 
[22m[2mshould handle audio playback errors without breaking jump scare
[22m[39mFailed to play audio: Error: Playback failed
    at Audio.audioManager.audio.play (C:/dev/Kiloween/src/renderer/scare/audio-integration.test.js:137:52)
    at AudioManager.play (eval at <anonymous> (C:/dev/Kiloween/src/renderer/scare/audio-integration.test.js:92:5), 
<anonymous>:72:24)
    at C:/dev/Kiloween/src/renderer/scare/audio-integration.test.js:143:31
    at [90mfile:///C:/dev/Kiloween/[39mnode_modules/[4m@vitest[24m/runner/dist/index.js:157:11
    at [90mfile:///C:/dev/Kiloween/[39mnode_modules/[4m@vitest[24m/runner/dist/index.js:753:26
    at [90mfile:///C:/dev/Kiloween/[39mnode_modules/[4m@vitest[24m/runner/dist/index.js:1636:20
    at new Promise (<anonymous>)
    at runWithTimeout 
[90m(file:///C:/dev/Kiloween/[39mnode_modules/[4m@vitest[24m/runner/dist/index.js:1602:10[90m)[39m
    at runTest [90m(file:///C:/dev/Kiloween/[39mnode_modules/[4m@vitest[24m/runner/dist/index.js:1309:12[90m)[39m
    at runSuite [90m(file:///C:/dev/Kiloween/[39mnode_modules/[4m@vitest[24m/runner/dist/index.js:1468:8[90m)[39m

[90mstdout[2m | src/renderer/scare/audio-integration.test.js[2m > [22m[2mAudio Integration with Jump Scare[2m > [22m[2mshould load audio config on initialization
[22m[39mAudioManager initialized

[90mstdout[2m | src/renderer/scare/audio-integration.test.js[2m > [22m[2mAudio Integration with Jump Scare[2m > [22m[2mshould load audio config on initialization
[22m[39mAudio disabled

[90mstdout[2m | src/renderer/scare/shake.test.js[2m > [22m[2mScreen Shake Effect[2m > [22m[2mShake Progression Timing[2m > [22m[2mshould have progressive duration (3-5 seconds total)
[22m[39mScare window loaded
AudioManager initialized

[90mstderr[2m | src/renderer/scare/shake.test.js[2m > [22m[2mScreen Shake Effect[2m > [22m[2mShake Progression 
Timing[2m > [22m[2mshould have progressive duration (3-5 seconds total)
[22m[39mNot implemented: HTMLCanvasElement's getContext() method: without installing the canvas npm package
Not implemented: HTMLCanvasElement's getContext() method: without installing the canvas npm package

[90mstdout[2m | src/renderer/scare/audio-integration.test.js[2m > [22m[2mAudio Integration with Jump Scare[2m > [22m[2mshould use fallback beep when audio file is not available
[22m[39mAudioManager initialized

[90mstdout[2m | src/renderer/scare/audio-integration.test.js[2m > [22m[2mAudio Integration with Jump Scare[2m > [22m[2mshould use fallback beep when audio file is not available
[22m[39mAudio enabled

[90mstderr[2m | src/renderer/scare/audio-integration.test.js[2m > [22m[2mAudio Integration with Jump Scare[2m > 
[22m[2mshould use fallback beep when audio file is not available
[22m[39mAudio not initialized

[90mstdout[2m | src/renderer/scare/audio-integration.test.js[2m > [22m[2mAudio Integration with Jump Scare[2m > [22m[2mshould stop audio when sequence is cancelled
[22m[39mAudioManager initialized

[90mstdout[2m | src/renderer/scare/audio-integration.test.js[2m > [22m[2mAudio Integration with Jump Scare[2m > [22m[2mshould reset audio to beginning before each play
[22m[39mAudioManager initialized

[90mstdout[2m | src/renderer/scare/audio-integration.test.js[2m > [22m[2mAudio Integration with Jump Scare[2m > [22m[2mshould reset audio to beginning before each play
[22m[39mAudio enabled

[90mstdout[2m | src/renderer/scare/audio-integration.test.js[2m > [22m[2mAudio Integration with Jump Scare[2m > [22m[2mshould reset audio to beginning before each play
[22m[39mJump scare audio playing

 [32m✓[39m src/renderer/scare/audio-integration.test.js [2m([22m[2m8 tests[22m[2m)[22m[32m 46[2mms[22m[39m
[90mstderr[2m | src/renderer/scare/darkening.test.js[2m > [22m[2mScreen Darkening Transition[2m > [22m[2mVisual 
Feedback[2m > [22m[2mshould have proper z-index for overlay
[22m[39mNot implemented: HTMLCanvasElement's getContext() method: without installing the canvas npm package

[90mstdout[2m | src/renderer/scare/shake.test.js[2m > [22m[2mScreen Shake Effect[2m > [22m[2mShake Progression Timing[2m > [22m[2mshould increase shake intensity over time
[22m[39mScare window loaded
AudioManager initialized

[90mstderr[2m | src/renderer/scare/shake.test.js[2m > [22m[2mScreen Shake Effect[2m > [22m[2mShake Progression 
Timing[2m > [22m[2mshould increase shake intensity over time
[22m[39mNot implemented: HTMLCanvasElement's getContext() method: without installing the canvas npm package
Not implemented: HTMLCanvasElement's getContext() method: without installing the canvas npm package

[90mstdout[2m | src/renderer/scare/escape-key.test.js[2m > [22m[2mESC Key Handling[2m > [22m[2mCancellation During Jump Scare Stage[2m > [22m[2mshould cancel jump scare and notify main process
[22m[39mTransitioning to jump scare stage

[90mstderr[2m | src/renderer/scare/escape-key.test.js[2m > [22m[2mESC Key Handling[2m > [22m[2mCancellation 
During Jump Scare Stage[2m > [22m[2mshould cancel jump scare and notify main process
[22m[39mJump scare not initialized

[90mstderr[2m | src/renderer/scare/darkening.test.js[2m > [22m[2mScreen Darkening Transition[2m > [22m[2mVisual 
Feedback[2m > [22m[2mshould have text shadow on click prompt for visibility
[22m[39mNot implemented: HTMLCanvasElement's getContext() method: without installing the canvas npm package

[90mstderr[2m | src/renderer/scare/escape-key.test.js[2m > [22m[2mESC Key Handling[2m > [22m[2mCancellation 
During Jump Scare Stage[2m > [22m[2mshould hide jump scare layer
[22m[39mCould not load link: "http://localhost/styles.css"

[90mstderr[2m | src/renderer/scare/escape-key.test.js[2m > [22m[2mESC Key Handling[2m > [22m[2mCancellation 
During Jump Scare Stage[2m > [22m[2mshould hide jump scare layer
[22m[39mCould not load script: "http://localhost/audio.js"

[90mstderr[2m | src/renderer/scare/escape-key.test.js[2m > [22m[2mESC Key Handling[2m > [22m[2mCancellation 
During Jump Scare Stage[2m > [22m[2mshould hide jump scare layer
[22m[39mCould not load script: "http://localhost/creatures.js"

[90mstderr[2m | src/renderer/scare/escape-key.test.js[2m > [22m[2mESC Key Handling[2m > [22m[2mCancellation 
During Jump Scare Stage[2m > [22m[2mshould hide jump scare layer
[22m[39mCould not load script: "http://localhost/jumpscare.js"

[90mstderr[2m | src/renderer/scare/escape-key.test.js[2m > [22m[2mESC Key Handling[2m > [22m[2mCancellation 
During Jump Scare Stage[2m > [22m[2mshould hide jump scare layer
[22m[39mCould not load script: "http://localhost/renderer.js"

[90mstderr[2m | src/renderer/scare/escape-key.test.js[2m > [22m[2mESC Key Handling[2m > [22m[2mCancellation 
During Jump Scare Stage[2m > [22m[2mshould hide jump scare layer
[22m[39mCould not load script: "http://localhost/tunnel.js"

[90mstdout[2m | src/renderer/scare/shake.test.js[2m > [22m[2mScreen Shake Effect[2m > [22m[2mTransition to Next Stage[2m > [22m[2mshould transition to darkening after shake completes
[22m[39mScare window loaded
AudioManager initialized

[90mstderr[2m | src/renderer/scare/shake.test.js[2m > [22m[2mScreen Shake Effect[2m > [22m[2mTransition to Next 
Stage[2m > [22m[2mshould transition to darkening after shake completes
[22m[39mNot implemented: HTMLCanvasElement's getContext() method: without installing the canvas npm package
Not implemented: HTMLCanvasElement's getContext() method: without installing the canvas npm package

[90mstderr[2m | src/renderer/scare/shake.test.js[2m > [22m[2mScreen Shake Effect[2m > [22m[2mTransition to Next 
Stage[2m > [22m[2mshould transition to darkening after shake completes
[22m[39mReferenceError: requestAnimationFrame is not defined
    at transitionToDarkening (about:blank:147:3)
    at about:blank:99:9
    at task (C:\dev\Kiloween\node_modules\jsdom\lib\jsdom\browser\Window.js:605:19)
    at callTimer (file:///C:/dev/Kiloween/node_modules/vitest/dist/chunks/vi.CyIUVSoU.js:2101:25)
    at doTickInner (file:///C:/dev/Kiloween/node_modules/vitest/dist/chunks/vi.CyIUVSoU.js:2704:30)
    at doTick (file:///C:/dev/Kiloween/node_modules/vitest/dist/chunks/vi.CyIUVSoU.js:2785:21)
    at Object.tick (file:///C:/dev/Kiloween/node_modules/vitest/dist/chunks/vi.CyIUVSoU.js:2793:21)
    at FakeTimers.advanceTimersByTime (file:///C:/dev/Kiloween/node_modules/vitest/dist/chunks/vi.CyIUVSoU.js:3519:44)
    at Object.advanceTimersByTime (file:///C:/dev/Kiloween/node_modules/vitest/dist/chunks/vi.CyIUVSoU.js:3750:13)
    at C:/dev/Kiloween/src/renderer/scare/shake.test.js:273:10

[90mstdout[2m | src/renderer/scare/shake.test.js[2m > [22m[2mScreen Shake Effect[2m > [22m[2mTransition to Next Stage[2m > [22m[2mshould log stage transition
[22m[39mScare window loaded
AudioManager initialized

[90mstderr[2m | src/renderer/scare/shake.test.js[2m > [22m[2mScreen Shake Effect[2m > [22m[2mTransition to Next 
Stage[2m > [22m[2mshould log stage transition
[22m[39mNot implemented: HTMLCanvasElement's getContext() method: without installing the canvas npm package
Not implemented: HTMLCanvasElement's getContext() method: without installing the canvas npm package

[90mstderr[2m | src/renderer/scare/shake.test.js[2m > [22m[2mScreen Shake Effect[2m > [22m[2mTransition to Next 
Stage[2m > [22m[2mshould log stage transition
[22m[39mReferenceError: requestAnimationFrame is not defined
    at transitionToDarkening (about:blank:147:3)
    at about:blank:99:9
    at task (C:\dev\Kiloween\node_modules\jsdom\lib\jsdom\browser\Window.js:605:19)
    at callTimer (file:///C:/dev/Kiloween/node_modules/vitest/dist/chunks/vi.CyIUVSoU.js:2101:25)
    at doTickInner (file:///C:/dev/Kiloween/node_modules/vitest/dist/chunks/vi.CyIUVSoU.js:2704:30)
    at doTick (file:///C:/dev/Kiloween/node_modules/vitest/dist/chunks/vi.CyIUVSoU.js:2785:21)
    at Object.tick (file:///C:/dev/Kiloween/node_modules/vitest/dist/chunks/vi.CyIUVSoU.js:2793:21)
    at FakeTimers.advanceTimersByTime (file:///C:/dev/Kiloween/node_modules/vitest/dist/chunks/vi.CyIUVSoU.js:3519:44)
    at Object.advanceTimersByTime (file:///C:/dev/Kiloween/node_modules/vitest/dist/chunks/vi.CyIUVSoU.js:3750:13)
    at C:/dev/Kiloween/src/renderer/scare/shake.test.js:282:10

[90mstderr[2m | src/renderer/scare/darkening.test.js[2m > [22m[2mScreen Darkening Transition[2m > 
[22m[2mRequirement 3.4: Darkening after shake[2m > [22m[2mshould transition from shake to darkening
[22m[39mNot implemented: HTMLCanvasElement's getContext() method: without installing the canvas npm package

 [32m✓[39m src/renderer/scare/shake.test.js [2m([22m[2m16 tests[22m[2m)[22m[33m 1542[2mms[22m[39m
       [33m[2m✓[22m[39m should have shake layer element [33m 416[2mms[22m[39m
[90mstdout[2m | src/renderer/scare/audio.test.js[2m > [22m[2mAudioManager[2m > [22m[2minit[2m > [22m[2mshould initialize audio element
[22m[39mAudioManager initialized

[90mstdout[2m | src/renderer/scare/audio.test.js[2m > [22m[2mAudioManager[2m > [22m[2minit[2m > [22m[2mshould set audio source path
[22m[39mAudioManager initialized

[90mstderr[2m | src/renderer/scare/audio.test.js[2m > [22m[2mAudioManager[2m > [22m[2minit[2m > [22m[2mshould 
handle initialization errors gracefully
[22m[39mFailed to initialize audio: Error: Audio not supported
    at new global.Audio (C:/dev/Kiloween/src/renderer/scare/audio.test.js:91:17)
    at AudioManager.init (eval at <anonymous> (C:/dev/Kiloween/src/renderer/scare/audio.test.js:63:1), <anonymous>:19:20)
    at C:/dev/Kiloween/src/renderer/scare/audio.test.js:95:26
    at [90mfile:///C:/dev/Kiloween/[39mnode_modules/[4m@vitest[24m/runner/dist/index.js:157:11
    at [90mfile:///C:/dev/Kiloween/[39mnode_modules/[4m@vitest[24m/runner/dist/index.js:753:26
    at [90mfile:///C:/dev/Kiloween/[39mnode_modules/[4m@vitest[24m/runner/dist/index.js:1636:20
    at new Promise (<anonymous>)
    at runWithTimeout 
[90m(file:///C:/dev/Kiloween/[39mnode_modules/[4m@vitest[24m/runner/dist/index.js:1602:10[90m)[39m
    at runTest [90m(file:///C:/dev/Kiloween/[39mnode_modules/[4m@vitest[24m/runner/dist/index.js:1309:12[90m)[39m
[90m    at processTicksAndRejections (node:internal/process/task_queues:105:5)[39m

[90mstdout[2m | src/renderer/scare/audio.test.js[2m > [22m[2mAudioManager[2m > [22m[2msetEnabled[2m > [22m[2mshould enable audio
[22m[39mAudio enabled

[90mstdout[2m | src/renderer/scare/audio.test.js[2m > [22m[2mAudioManager[2m > [22m[2msetEnabled[2m > [22m[2mshould disable audio
[22m[39mAudio disabled

[90mstdout[2m | src/renderer/scare/audio.test.js[2m > [22m[2mAudioManager[2m > [22m[2mplay[2m > [22m[2mshould not play when audio is disabled
[22m[39mAudioManager initialized

[90mstdout[2m | src/renderer/scare/audio.test.js[2m > [22m[2mAudioManager[2m > [22m[2mplay[2m > [22m[2mshould not play when audio is disabled
[22m[39mAudio disabled
Audio disabled - skipping playback

[90mstdout[2m | src/renderer/scare/audio.test.js[2m > [22m[2mAudioManager[2m > [22m[2mplay[2m > [22m[2mshould play audio when enabled
[22m[39mAudioManager initialized

[90mstdout[2m | src/renderer/scare/audio.test.js[2m > [22m[2mAudioManager[2m > [22m[2mplay[2m > [22m[2mshould play audio when enabled
[22m[39mAudio enabled

[90mstdout[2m | src/renderer/scare/audio.test.js[2m > [22m[2mAudioManager[2m > [22m[2mplay[2m > [22m[2mshould play audio when enabled
[22m[39mJump scare audio playing

[90mstdout[2m | src/renderer/scare/audio.test.js[2m > [22m[2mAudioManager[2m > [22m[2mplay[2m > [22m[2mshould reset audio to beginning before playing
[22m[39mAudioManager initialized

[90mstdout[2m | src/renderer/scare/audio.test.js[2m > [22m[2mAudioManager[2m > [22m[2mplay[2m > [22m[2mshould reset audio to beginning before playing
[22m[39mAudio enabled

[90mstdout[2m | src/renderer/scare/audio.test.js[2m > [22m[2mAudioManager[2m > [22m[2mplay[2m > [22m[2mshould reset audio to beginning before playing
[22m[39mJump scare audio playing

[90mstdout[2m | src/renderer/scare/audio.test.js[2m > [22m[2mAudioManager[2m > [22m[2mplay[2m > [22m[2mshould handle playback errors gracefully
[22m[39mAudioManager initialized

[90mstdout[2m | src/renderer/scare/audio.test.js[2m > [22m[2mAudioManager[2m > [22m[2mplay[2m > [22m[2mshould handle playback errors gracefully
[22m[39mAudio enabled

[90mstderr[2m | src/renderer/scare/audio.test.js[2m > [22m[2mAudioManager[2m > [22m[2mplay[2m > [22m[2mshould 
handle playback errors gracefully
[22m[39mFailed to play audio: Error: Autoplay blocked
    at Audio.audioManager.audio.play (C:/dev/Kiloween/src/renderer/scare/audio.test.js:153:54)
    at AudioManager.play (eval at <anonymous> (C:/dev/Kiloween/src/renderer/scare/audio.test.js:63:1), <anonymous>:72:24)
    at C:/dev/Kiloween/src/renderer/scare/audio.test.js:158:26
    at [90mfile:///C:/dev/Kiloween/[39mnode_modules/[4m@vitest[24m/runner/dist/index.js:157:11
    at [90mfile:///C:/dev/Kiloween/[39mnode_modules/[4m@vitest[24m/runner/dist/index.js:753:26
    at [90mfile:///C:/dev/Kiloween/[39mnode_modules/[4m@vitest[24m/runner/dist/index.js:1636:20
    at new Promise (<anonymous>)
    at runWithTimeout 
[90m(file:///C:/dev/Kiloween/[39mnode_modules/[4m@vitest[24m/runner/dist/index.js:1602:10[90m)[39m
    at runTest [90m(file:///C:/dev/Kiloween/[39mnode_modules/[4m@vitest[24m/runner/dist/index.js:1309:12[90m)[39m
[90m    at processTicksAndRejections (node:internal/process/task_queues:105:5)[39m

[90mstdout[2m | src/renderer/scare/audio.test.js[2m > [22m[2mAudioManager[2m > [22m[2mplay[2m > [22m[2mshould handle playback errors gracefully
[22m[39mPlaying fallback beep sound

[90mstdout[2m | src/renderer/scare/audio.test.js[2m > [22m[2mAudioManager[2m > [22m[2mplay[2m > [22m[2mshould not play if audio not initialized
[22m[39mAudioManager initialized

[90mstderr[2m | src/renderer/scare/audio.test.js[2m > [22m[2mAudioManager[2m > [22m[2mplay[2m > [22m[2mshould 
not play if audio not initialized
[22m[39mAudio not initialized

[90mstdout[2m | src/renderer/scare/audio.test.js[2m > [22m[2mAudioManager[2m > [22m[2mplay[2m > [22m[2mshould not play if audio not initialized
[22m[39mAudio enabled

[90mstdout[2m | src/renderer/scare/escape-key.test.js[2m > [22m[2mESC Key Handling[2m > [22m[2mCancellation During Jump Scare Stage[2m > [22m[2mshould hide jump scare layer
[22m[39mTransitioning to jump scare stage

[90mstderr[2m | src/renderer/scare/escape-key.test.js[2m > [22m[2mESC Key Handling[2m > [22m[2mCancellation 
During Jump Scare Stage[2m > [22m[2mshould hide jump scare layer
[22m[39mJump scare not initialized

[90mstdout[2m | src/renderer/scare/audio.test.js[2m > [22m[2mAudioManager[2m > [22m[2mplayFallbackBeep[2m > [22m[2mshould not play when audio is disabled
[22m[39mAudio disabled

[90mstdout[2m | src/renderer/scare/audio.test.js[2m > [22m[2mAudioManager[2m > [22m[2mplayFallbackBeep[2m > [22m[2mshould create oscillator with low frequency for spooky effect
[22m[39mAudio enabled
Playing fallback beep sound

[90mstdout[2m | src/renderer/scare/audio.test.js[2m > [22m[2mAudioManager[2m > [22m[2mplayFallbackBeep[2m > [22m[2mshould handle Web Audio API errors gracefully
[22m[39mAudio enabled

[90mstderr[2m | src/renderer/scare/audio.test.js[2m > [22m[2mAudioManager[2m > [22m[2mplayFallbackBeep[2m > 
[22m[2mshould handle Web Audio API errors gracefully
[22m[39mFailed to play fallback beep: Error: Web Audio not supported
    at new global.AudioContext (C:/dev/Kiloween/src/renderer/scare/audio.test.js:226:17)
    at AudioManager.playFallbackBeep (eval at <anonymous> (C:/dev/Kiloween/src/renderer/scare/audio.test.js:63:1), 
<anonymous>:94:28)
    at C:/dev/Kiloween/src/renderer/scare/audio.test.js:231:33
    at Proxy.assertThrows [90m(file:///C:/dev/Kiloween/[39mnode_modules/[4mchai[24m/index.js:2798:5[90m)[39m
    at Proxy.methodWrapper [90m(file:///C:/dev/Kiloween/[39mnode_modules/[4mchai[24m/index.js:1700:25[90m)[39m
    at Proxy.<anonymous> 
[90m(file:///C:/dev/Kiloween/[39mnode_modules/[4m@vitest[24m/expect/dist/index.js:1149:12[90m)[39m
    at Proxy.overwritingMethodWrapper 
[90m(file:///C:/dev/Kiloween/[39mnode_modules/[4mchai[24m/index.js:1750:33[90m)[39m
    at Proxy.<anonymous> 
[90m(file:///C:/dev/Kiloween/[39mnode_modules/[4m@vitest[24m/expect/dist/index.js:1485:16[90m)[39m
    at Proxy.<anonymous> 
[90m(file:///C:/dev/Kiloween/[39mnode_modules/[4m@vitest[24m/expect/dist/index.js:1090:14[90m)[39m
    at Proxy.methodWrapper [90m(file:///C:/dev/Kiloween/[39mnode_modules/[4mchai[24m/index.js:1700:25[90m)[39m

[90mstdout[2m | src/renderer/scare/audio.test.js[2m > [22m[2mAudioManager[2m > [22m[2mstop[2m > [22m[2mshould pause audio
[22m[39mAudioManager initialized

[90mstdout[2m | src/renderer/scare/audio.test.js[2m > [22m[2mAudioManager[2m > [22m[2mstop[2m > [22m[2mshould reset audio to beginning
[22m[39mAudioManager initialized

[90mstdout[2m | src/renderer/scare/audio.test.js[2m > [22m[2mAudioManager[2m > [22m[2mstop[2m > [22m[2mshould handle null audio gracefully
[22m[39mAudioManager initialized

 [32m✓[39m src/renderer/scare/audio.test.js [2m([22m[2m16 tests[22m[2m)[22m[32m 27[2mms[22m[39m
[90mstderr[2m | src/renderer/scare/darkening.test.js[2m > [22m[2mScreen Darkening Transition[2m > 
[22m[2mRequirement 4.1: Begin darkening after shake[2m > [22m[2mshould begin darkening when shake reaches maximum 
intensity
[22m[39mNot implemented: HTMLCanvasElement's getContext() method: without installing the canvas npm package

[90mstderr[2m | src/renderer/scare/escape-key.test.js[2m > [22m[2mESC Key Handling[2m > [22m[2mCancellation 
During Question Stage[2m > [22m[2mshould cancel question display and notify main process
[22m[39mCould not load link: "http://localhost/styles.css"

[90mstderr[2m | src/renderer/scare/escape-key.test.js[2m > [22m[2mESC Key Handling[2m > [22m[2mCancellation 
During Question Stage[2m > [22m[2mshould cancel question display and notify main process
[22m[39mCould not load script: "http://localhost/audio.js"

[90mstderr[2m | src/renderer/scare/escape-key.test.js[2m > [22m[2mESC Key Handling[2m > [22m[2mCancellation 
During Question Stage[2m > [22m[2mshould cancel question display and notify main process
[22m[39mCould not load script: "http://localhost/creatures.js"

[90mstderr[2m | src/renderer/scare/escape-key.test.js[2m > [22m[2mESC Key Handling[2m > [22m[2mCancellation 
During Question Stage[2m > [22m[2mshould cancel question display and notify main process
[22m[39mCould not load script: "http://localhost/jumpscare.js"

[90mstderr[2m | src/renderer/scare/escape-key.test.js[2m > [22m[2mESC Key Handling[2m > [22m[2mCancellation 
During Question Stage[2m > [22m[2mshould cancel question display and notify main process
[22m[39mCould not load script: "http://localhost/renderer.js"

[90mstderr[2m | src/renderer/scare/escape-key.test.js[2m > [22m[2mESC Key Handling[2m > [22m[2mCancellation 
During Question Stage[2m > [22m[2mshould cancel question display and notify main process
[22m[39mCould not load script: "http://localhost/tunnel.js"

[90mstderr[2m | src/main/DocumentProcessor.test.js[2m > [22m[2mDocumentProcessor[2m > [22m[2mDOCX Processing[2m 
> [22m[2mprocessDocument with DOCX[2m > [22m[2mshould handle DOCX processing errors gracefully
[22m[39mWorker thread failed, falling back to main thread: Can't find end of central directory : is this a zip file ? 
If it is, see https://stuk.github.io/jszip/documentation/howto/read_zip.html

[90mstderr[2m | src/main/DocumentProcessor.test.js[2m > [22m[2mDocumentProcessor[2m > [22m[2mDOCX Processing[2m 
> [22m[2mprocessDocument with DOCX[2m > [22m[2mshould handle DOCX processing errors gracefully
[22m[39mWorker thread failed, falling back to main thread: Can't find end of central directory : is this a zip file ? 
If it is, see https://stuk.github.io/jszip/documentation/howto/read_zip.html

[90mstderr[2m | src/main/DocumentProcessor.test.js[2m > [22m[2mDocumentProcessor[2m > [22m[2mDOCX Processing[2m 
> [22m[2mprocessDocument with DOCX[2m > [22m[2mshould handle DOCX processing errors gracefully
[22m[39mDocument processing errors: [
  {
    filePath: [32m'C:\\dev\\Kiloween\\test-data\\corrupted.docx'[39m,
    error: [32m"Failed to parse DOCX: Can't find end of central directory : is this a zip file ? If it is, see 
https://stuk.github.io/jszip/documentation/howto/read_zip.html"[39m,
    userFriendlyError: [32m'Unable to read DOCX content. The file may be corrupted.'[39m,
    fileName: [32m'corrupted.docx'[39m
  },
  {
    filePath: [32m'C:\\dev\\Kiloween\\test-data\\notdocx.docx'[39m,
    error: [32m"Failed to parse DOCX: Can't find end of central directory : is this a zip file ? If it is, see 
https://stuk.github.io/jszip/documentation/howto/read_zip.html"[39m,
    userFriendlyError: [32m'Unable to read DOCX content. The file may be corrupted.'[39m,
    fileName: [32m'notdocx.docx'[39m
  }
]

[90mstderr[2m | src/renderer/scare/darkening.test.js[2m > [22m[2mScreen Darkening Transition[2m > 
[22m[2mRequirement 4.2: Semi-transparent dark overlay[2m > [22m[2mshould apply semi-transparent dark overlay
[22m[39mNot implemented: HTMLCanvasElement's getContext() method: without installing the canvas npm package

[90mstderr[2m | src/renderer/scare/darkening.test.js[2m > [22m[2mScreen Darkening Transition[2m > 
[22m[2mRequirement 4.2: Semi-transparent dark overlay[2m > [22m[2mshould apply semi-transparent dark overlay
[22m[39mCould not load link: "http://localhost/styles.css"

[90mstderr[2m | src/renderer/scare/darkening.test.js[2m > [22m[2mScreen Darkening Transition[2m > 
[22m[2mRequirement 4.2: Semi-transparent dark overlay[2m > [22m[2mshould apply semi-transparent dark overlay
[22m[39mCould not load script: "http://localhost/audio.js"

[90mstderr[2m | src/renderer/scare/darkening.test.js[2m > [22m[2mScreen Darkening Transition[2m > 
[22m[2mRequirement 4.2: Semi-transparent dark overlay[2m > [22m[2mshould apply semi-transparent dark overlay
[22m[39mCould not load script: "http://localhost/creatures.js"

[90mstderr[2m | src/renderer/scare/darkening.test.js[2m > [22m[2mScreen Darkening Transition[2m > 
[22m[2mRequirement 4.2: Semi-transparent dark overlay[2m > [22m[2mshould apply semi-transparent dark overlay
[22m[39mCould not load script: "http://localhost/jumpscare.js"

[90mstderr[2m | src/renderer/scare/darkening.test.js[2m > [22m[2mScreen Darkening Transition[2m > 
[22m[2mRequirement 4.2: Semi-transparent dark overlay[2m > [22m[2mshould apply semi-transparent dark overlay
[22m[39mCould not load script: "http://localhost/renderer.js"

[90mstderr[2m | src/renderer/scare/darkening.test.js[2m > [22m[2mScreen Darkening Transition[2m > 
[22m[2mRequirement 4.2: Semi-transparent dark overlay[2m > [22m[2mshould apply semi-transparent dark overlay
[22m[39mCould not load script: "http://localhost/tunnel.js"

[90mstderr[2m | src/renderer/scare/darkening.test.js[2m > [22m[2mScreen Darkening Transition[2m > 
[22m[2mRequirement 4.2: Semi-transparent dark overlay[2m > [22m[2mshould apply semi-transparent dark overlay
[22m[39mNot implemented: HTMLCanvasElement's getContext() method: without installing the canvas npm package

[90mstdout[2m | src/renderer/scare/escape-key.test.js[2m > [22m[2mESC Key Handling[2m > [22m[2mCancellation During Question Stage[2m > [22m[2mshould cancel question display and notify main process
[22m[39mTransitioning to jump scare stage

[90mstderr[2m | src/renderer/scare/escape-key.test.js[2m > [22m[2mESC Key Handling[2m > [22m[2mCancellation 
During Question Stage[2m > [22m[2mshould cancel question display and notify main process
[22m[39mJump scare not initialized

[90mstderr[2m | src/renderer/scare/escape-key.test.js[2m > [22m[2mESC Key Handling[2m > [22m[2mCancel Sequence 
Function[2m > [22m[2mshould reset current stage to null
[22m[39mCould not load link: "http://localhost/styles.css"

[90mstderr[2m | src/renderer/scare/escape-key.test.js[2m > [22m[2mESC Key Handling[2m > [22m[2mCancel Sequence 
Function[2m > [22m[2mshould reset current stage to null
[22m[39mCould not load script: "http://localhost/audio.js"

[90mstderr[2m | src/renderer/scare/escape-key.test.js[2m > [22m[2mESC Key Handling[2m > [22m[2mCancel Sequence 
Function[2m > [22m[2mshould reset current stage to null
[22m[39mCould not load script: "http://localhost/creatures.js"

[90mstderr[2m | src/renderer/scare/escape-key.test.js[2m > [22m[2mESC Key Handling[2m > [22m[2mCancel Sequence 
Function[2m > [22m[2mshould reset current stage to null
[22m[39mCould not load script: "http://localhost/jumpscare.js"

[90mstderr[2m | src/renderer/scare/escape-key.test.js[2m > [22m[2mESC Key Handling[2m > [22m[2mCancel Sequence 
Function[2m > [22m[2mshould reset current stage to null
[22m[39mCould not load script: "http://localhost/renderer.js"

[90mstderr[2m | src/renderer/scare/escape-key.test.js[2m > [22m[2mESC Key Handling[2m > [22m[2mCancel Sequence 
Function[2m > [22m[2mshould reset current stage to null
[22m[39mCould not load script: "http://localhost/tunnel.js"

[90mstderr[2m | src/renderer/scare/darkening.test.js[2m > [22m[2mScreen Darkening Transition[2m > 
[22m[2mRequirement 4.2: Semi-transparent dark overlay[2m > [22m[2mshould gradually increase opacity
[22m[39mNot implemented: HTMLCanvasElement's getContext() method: without installing the canvas npm package

[90mstderr[2m | src/renderer/scare/darkening.test.js[2m > [22m[2mScreen Darkening Transition[2m > 
[22m[2mRequirement 4.2: Semi-transparent dark overlay[2m > [22m[2mshould gradually increase opacity
[22m[39mCould not load link: "http://localhost/styles.css"

[90mstderr[2m | src/renderer/scare/darkening.test.js[2m > [22m[2mScreen Darkening Transition[2m > 
[22m[2mRequirement 4.2: Semi-transparent dark overlay[2m > [22m[2mshould gradually increase opacity
[22m[39mCould not load script: "http://localhost/audio.js"

[90mstderr[2m | src/renderer/scare/darkening.test.js[2m > [22m[2mScreen Darkening Transition[2m > 
[22m[2mRequirement 4.2: Semi-transparent dark overlay[2m > [22m[2mshould gradually increase opacity
[22m[39mCould not load script: "http://localhost/creatures.js"

[90mstderr[2m | src/renderer/scare/darkening.test.js[2m > [22m[2mScreen Darkening Transition[2m > 
[22m[2mRequirement 4.2: Semi-transparent dark overlay[2m > [22m[2mshould gradually increase opacity
[22m[39mCould not load script: "http://localhost/jumpscare.js"

[90mstderr[2m | src/renderer/scare/darkening.test.js[2m > [22m[2mScreen Darkening Transition[2m > 
[22m[2mRequirement 4.2: Semi-transparent dark overlay[2m > [22m[2mshould gradually increase opacity
[22m[39mCould not load script: "http://localhost/renderer.js"

[90mstderr[2m | src/renderer/scare/darkening.test.js[2m > [22m[2mScreen Darkening Transition[2m > 
[22m[2mRequirement 4.2: Semi-transparent dark overlay[2m > [22m[2mshould gradually increase opacity
[22m[39mCould not load script: "http://localhost/tunnel.js"

[90mstderr[2m | src/renderer/scare/darkening.test.js[2m > [22m[2mScreen Darkening Transition[2m > 
[22m[2mRequirement 4.2: Semi-transparent dark overlay[2m > [22m[2mshould gradually increase opacity
[22m[39mNot implemented: HTMLCanvasElement's getContext() method: without installing the canvas npm package

[90mstdout[2m | src/renderer/scare/escape-key.test.js[2m > [22m[2mESC Key Handling[2m > [22m[2mCancel Sequence Function[2m > [22m[2mshould reset current stage to null
[22m[39mStarting shake sequence

[90mstderr[2m | src/renderer/scare/darkening.test.js[2m > [22m[2mScreen Darkening Transition[2m > 
[22m[2mRequirement 4.3: Wait for user interaction[2m > [22m[2mshould wait for click when screen is fully darkened
[22m[39mNot implemented: HTMLCanvasElement's getContext() method: without installing the canvas npm package

[90mstderr[2m | src/renderer/scare/escape-key.test.js[2m > [22m[2mESC Key Handling[2m > [22m[2mCancel Sequence 
Function[2m > [22m[2mshould notify main process via IPC
[22m[39mCould not load link: "http://localhost/styles.css"

[90mstderr[2m | src/renderer/scare/escape-key.test.js[2m > [22m[2mESC Key Handling[2m > [22m[2mCancel Sequence 
Function[2m > [22m[2mshould notify main process via IPC
[22m[39mCould not load script: "http://localhost/audio.js"

[90mstderr[2m | src/renderer/scare/escape-key.test.js[2m > [22m[2mESC Key Handling[2m > [22m[2mCancel Sequence 
Function[2m > [22m[2mshould notify main process via IPC
[22m[39mCould not load script: "http://localhost/creatures.js"

[90mstderr[2m | src/renderer/scare/escape-key.test.js[2m > [22m[2mESC Key Handling[2m > [22m[2mCancel Sequence 
Function[2m > [22m[2mshould notify main process via IPC
[22m[39mCould not load script: "http://localhost/jumpscare.js"

[90mstderr[2m | src/renderer/scare/escape-key.test.js[2m > [22m[2mESC Key Handling[2m > [22m[2mCancel Sequence 
Function[2m > [22m[2mshould notify main process via IPC
[22m[39mCould not load script: "http://localhost/renderer.js"

[90mstderr[2m | src/renderer/scare/escape-key.test.js[2m > [22m[2mESC Key Handling[2m > [22m[2mCancel Sequence 
Function[2m > [22m[2mshould notify main process via IPC
[22m[39mCould not load script: "http://localhost/tunnel.js"

[90mstderr[2m | src/renderer/scare/darkening.test.js[2m > [22m[2mScreen Darkening Transition[2m > 
[22m[2mRequirement 4.4: Display visual cue[2m > [22m[2mshould display subtle visual cue for clicking
[22m[39mNot implemented: HTMLCanvasElement's getContext() method: without installing the canvas npm package

[90mstdout[2m | src/renderer/scare/jumpscare.test.js[2m > [22m[2mJumpScare[2m > [22m[2mTrigger Jump Scare[2m > [22m[2mshould show question after delay if provided
[22m[39mShowing question: What is 2+2?

[90mstderr[2m | src/renderer/scare/darkening.test.js[2m > [22m[2mScreen Darkening Transition[2m > 
[22m[2mRequirement 4.4: Display visual cue[2m > [22m[2mshould have pulsing animation for visual cue
[22m[39mNot implemented: HTMLCanvasElement's getContext() method: without installing the canvas npm package

 [31m❯[39m src/renderer/scare/darkening.test.js [2m([22m[2m22 tests[22m[2m | [22m[31m2 failed[39m[2m)[22m[33m 2107[2mms[22m[39m
       [33m[2m✓[22m[39m should hide shake layer when transitioning to darkening [33m 504[2mms[22m[39m
       [32m✓[39m should show dark overlay when transitioning to darkening[32m 124[2mms[22m[39m
       [32m✓[39m should start with transparent background[32m 107[2mms[22m[39m
       [32m✓[39m should fade to dark background after animation frame[32m 168[2mms[22m[39m
       [32m✓[39m should display click prompt indicator[32m 69[2mms[22m[39m
       [32m✓[39m should have pulse animation on click prompt[32m 148[2mms[22m[39m
       [32m✓[39m should add click listener to dark overlay[32m 68[2mms[22m[39m
[31m       [31m×[31m should hide dark overlay when clicked[39m[32m 72[2mms[22m[39m
[31m       [31m×[31m should transition to tunnel stage when clicked[39m[32m 52[2mms[22m[39m
       [32m✓[39m should only trigger once per click (once: true)[32m 48[2mms[22m[39m
       [32m✓[39m should use 2s transition for fade-in effect[32m 88[2mms[22m[39m
       [32m✓[39m should complete darkening before accepting clicks[32m 45[2mms[22m[39m
       [32m✓[39m should have cursor pointer on dark overlay[32m 80[2mms[22m[39m
       [32m✓[39m should have proper z-index for overlay[32m 66[2mms[22m[39m
       [32m✓[39m should have text shadow on click prompt for visibility[32m 52[2mms[22m[39m
       [32m✓[39m should transition from shake to darkening[32m 57[2mms[22m[39m
       [32m✓[39m should begin darkening when shake reaches maximum intensity[32m 45[2mms[22m[39m
       [32m✓[39m should apply semi-transparent dark overlay[32m 95[2mms[22m[39m
       [32m✓[39m should gradually increase opacity[32m 93[2mms[22m[39m
       [32m✓[39m should wait for click when screen is fully darkened[32m 37[2mms[22m[39m
       [32m✓[39m should display subtle visual cue for clicking[32m 42[2mms[22m[39m
       [32m✓[39m should have pulsing animation for visual cue[32m 41[2mms[22m[39m
[90mstdout[2m | src/renderer/scare/escape-key.test.js[2m > [22m[2mESC Key Handling[2m > [22m[2mCancel Sequence Function[2m > [22m[2mshould notify main process via IPC
[22m[39mCancelling scare sequence at stage: [1mnull[22m
No active stage to cancel
Scare sequence cancelled

[90mstderr[2m | src/renderer/scare/escape-key.test.js[2m > [22m[2mESC Key Handling[2m > [22m[2mCancel Sequence 
Function[2m > [22m[2mshould handle cancellation when no stage is active
[22m[39mCould not load link: "http://localhost/styles.css"

[90mstderr[2m | src/renderer/scare/escape-key.test.js[2m > [22m[2mESC Key Handling[2m > [22m[2mCancel Sequence 
Function[2m > [22m[2mshould handle cancellation when no stage is active
[22m[39mCould not load script: "http://localhost/audio.js"

[90mstderr[2m | src/renderer/scare/escape-key.test.js[2m > [22m[2mESC Key Handling[2m > [22m[2mCancel Sequence 
Function[2m > [22m[2mshould handle cancellation when no stage is active
[22m[39mCould not load script: "http://localhost/creatures.js"

[90mstderr[2m | src/renderer/scare/escape-key.test.js[2m > [22m[2mESC Key Handling[2m > [22m[2mCancel Sequence 
Function[2m > [22m[2mshould handle cancellation when no stage is active
[22m[39mCould not load script: "http://localhost/jumpscare.js"

[90mstderr[2m | src/renderer/scare/escape-key.test.js[2m > [22m[2mESC Key Handling[2m > [22m[2mCancel Sequence 
Function[2m > [22m[2mshould handle cancellation when no stage is active
[22m[39mCould not load script: "http://localhost/renderer.js"

[90mstderr[2m | src/renderer/scare/escape-key.test.js[2m > [22m[2mESC Key Handling[2m > [22m[2mCancel Sequence 
Function[2m > [22m[2mshould handle cancellation when no stage is active
[22m[39mCould not load script: "http://localhost/tunnel.js"

[90mstderr[2m | src/main/DocumentProcessor.integration.test.js[2m > [22m[2mDocumentProcessor - Integration Tests[2m 
> [22m[2mprocessAllDocuments[2m > [22m[2mshould handle all documents failing
[22m[39mWorker thread failed, falling back to main thread: ENOENT: no such file or directory, open 
'C:\dev\Kiloween\missing1.txt'

[90mstderr[2m | src/main/DocumentProcessor.integration.test.js[2m > [22m[2mDocumentProcessor - Integration Tests[2m 
> [22m[2mprocessAllDocuments[2m > [22m[2mshould handle all documents failing
[22m[39mWorker thread failed, falling back to main thread: ENOENT: no such file or directory, open 
'C:\dev\Kiloween\missing2.txt'

[90mstderr[2m | src/main/DocumentProcessor.integration.test.js[2m > [22m[2mDocumentProcessor - Integration Tests[2m 
> [22m[2mprocessAllDocuments[2m > [22m[2mshould handle all documents failing
[22m[39mDocument processing errors: [
  {
    filePath: [32m'missing1.txt'[39m,
    error: [32m'File not found: missing1.txt'[39m,
    userFriendlyError: [32m'File not found: missing1.txt'[39m,
    fileName: [32m'missing1.txt'[39m
  },
  {
    filePath: [32m'missing2.txt'[39m,
    error: [32m'File not found: missing2.txt'[39m,
    userFriendlyError: [32m'File not found: missing2.txt'[39m,
    fileName: [32m'missing2.txt'[39m
  },
  {
    filePath: [32m'missing3.txt'[39m,
    error: [32m'File not found: missing3.txt'[39m,
    userFriendlyError: [32m'File not found: missing3.txt'[39m,
    fileName: [32m'missing3.txt'[39m
  }
]

[90mstdout[2m | src/renderer/scare/jumpscare.test.js[2m > [22m[2mJumpScare[2m > [22m[2mShow Question[2m > [22m[2mshould display question text
[22m[39mJump scare initialized
Showing question: What is the capital of France?

[90mstdout[2m | src/renderer/scare/jumpscare.test.js[2m > [22m[2mJumpScare[2m > [22m[2mShow Question[2m > [22m[2mshould create answer option buttons
[22m[39mJump scare initialized
Showing question: Test question?

[90mstdout[2m | src/renderer/scare/jumpscare.test.js[2m > [22m[2mJumpScare[2m > [22m[2mShow Question[2m > [22m[2mshould handle missing question gracefully
[22m[39mJump scare initialized

[90mstdout[2m | src/renderer/scare/jumpscare.test.js[2m > [22m[2mJumpScare[2m > [22m[2mShow Question[2m > [22m[2mshould clear previous answer options
[22m[39mJump scare initialized
Showing question: Question 1?
Showing question: Question 2?

[90mstdout[2m | src/renderer/scare/jumpscare.test.js[2m > [22m[2mJumpScare[2m > [22m[2mAnswer Handling[2m > [22m[2mshould disable buttons after answer selection
[22m[39mJump scare initialized
Showing question: Test?
Answer selected: 1

[90mstdout[2m | src/renderer/scare/jumpscare.test.js[2m > [22m[2mJumpScare[2m > [22m[2mAnswer Handling[2m > [22m[2mshould show correct feedback for correct answer
[22m[39mJump scare initialized

[90mstdout[2m | src/renderer/scare/jumpscare.test.js[2m > [22m[2mJumpScare[2m > [22m[2mAnswer Handling[2m > [22m[2mshould show incorrect feedback with explanation
[22m[39mJump scare initialized

[90mstdout[2m | src/renderer/scare/jumpscare.test.js[2m > [22m[2mJumpScare[2m > [22m[2mAnswer Handling[2m > [22m[2mshould show default incorrect feedback without explanation
[22m[39mJump scare initialized

[90mstdout[2m | src/renderer/scare/escape-key.test.js[2m > [22m[2mESC Key Handling[2m > [22m[2mCancel Sequence Function[2m > [22m[2mshould handle cancellation when no stage is active
[22m[39mCancelling scare sequence at stage: [1mnull[22m
No active stage to cancel
Scare sequence cancelled

[90mstdout[2m | src/renderer/scare/jumpscare.test.js[2m > [22m[2mJumpScare[2m > [22m[2mAnswer Handling[2m > [22m[2mshould auto-close after feedback
[22m[39mJump scare initialized

[90mstderr[2m | src/renderer/scare/escape-key.test.js[2m > [22m[2mESC Key Handling[2m > [22m[2mCancel Sequence 
Function[2m > [22m[2mshould work without electronAPI (testing mode)
[22m[39mCould not load link: "http://localhost/styles.css"

[90mstderr[2m | src/renderer/scare/escape-key.test.js[2m > [22m[2mESC Key Handling[2m > [22m[2mCancel Sequence 
Function[2m > [22m[2mshould work without electronAPI (testing mode)
[22m[39mCould not load script: "http://localhost/audio.js"

[90mstderr[2m | src/renderer/scare/escape-key.test.js[2m > [22m[2mESC Key Handling[2m > [22m[2mCancel Sequence 
Function[2m > [22m[2mshould work without electronAPI (testing mode)
[22m[39mCould not load script: "http://localhost/creatures.js"

[90mstderr[2m | src/renderer/scare/escape-key.test.js[2m > [22m[2mESC Key Handling[2m > [22m[2mCancel Sequence 
Function[2m > [22m[2mshould work without electronAPI (testing mode)
[22m[39mCould not load script: "http://localhost/jumpscare.js"

[90mstderr[2m | src/renderer/scare/escape-key.test.js[2m > [22m[2mESC Key Handling[2m > [22m[2mCancel Sequence 
Function[2m > [22m[2mshould work without electronAPI (testing mode)
[22m[39mCould not load script: "http://localhost/renderer.js"

[90mstderr[2m | src/renderer/scare/escape-key.test.js[2m > [22m[2mESC Key Handling[2m > [22m[2mCancel Sequence 
Function[2m > [22m[2mshould work without electronAPI (testing mode)
[22m[39mCould not load script: "http://localhost/tunnel.js"

[90mstderr[2m | src/main/DocumentProcessor.test.js[2m > [22m[2mDocumentProcessor[2m > [22m[2mDOCX Processing with 
Real Files[2m > [22m[2mprocessDocument with real DOCX files[2m > [22m[2mshould process multiple DOCX files
[22m[39mWorker thread failed, falling back to main thread: ENOENT: no such file or directory, open 
'C:\dev\Kiloween\test-data\biology-notes.docx'

[90mstdout[2m | src/renderer/scare/escape-key.test.js[2m > [22m[2mESC Key Handling[2m > [22m[2mCancel Sequence Function[2m > [22m[2mshould work without electronAPI (testing mode)
[22m[39mCancelling scare sequence at stage: [1mnull[22m
No active stage to cancel
Scare sequence cancelled

[90mstderr[2m | src/renderer/scare/escape-key.test.js[2m > [22m[2mESC Key Handling[2m > [22m[2mIntegration with 
Main Process[2m > [22m[2mshould trigger timer reset after cancellation
[22m[39mCould not load link: "http://localhost/styles.css"

[90mstderr[2m | src/renderer/scare/escape-key.test.js[2m > [22m[2mESC Key Handling[2m > [22m[2mIntegration with 
Main Process[2m > [22m[2mshould trigger timer reset after cancellation
[22m[39mCould not load script: "http://localhost/audio.js"

[90mstderr[2m | src/main/DocumentProcessor.test.js[2m > [22m[2mDocumentProcessor[2m > [22m[2mDOCX Processing with 
Real Files[2m > [22m[2mprocessDocument with real DOCX files[2m > [22m[2mshould process multiple DOCX files
[22m[39mDocument processing errors: [
  {
    filePath: [32m'C:\\dev\\Kiloween\\test-data\\biology-notes.docx'[39m,
    error: [32m'File not found: biology-notes.docx'[39m,
    userFriendlyError: [32m'File not found: biology-notes.docx'[39m,
    fileName: [32m'biology-notes.docx'[39m
  }
]

[90mstderr[2m | src/renderer/scare/escape-key.test.js[2m > [22m[2mESC Key Handling[2m > [22m[2mIntegration with 
Main Process[2m > [22m[2mshould trigger timer reset after cancellation
[22m[39mCould not load script: "http://localhost/creatures.js"

[90mstderr[2m | src/renderer/scare/escape-key.test.js[2m > [22m[2mESC Key Handling[2m > [22m[2mIntegration with 
Main Process[2m > [22m[2mshould trigger timer reset after cancellation
[22m[39mCould not load script: "http://localhost/jumpscare.js"

[90mstderr[2m | src/renderer/scare/escape-key.test.js[2m > [22m[2mESC Key Handling[2m > [22m[2mIntegration with 
Main Process[2m > [22m[2mshould trigger timer reset after cancellation
[22m[39mCould not load script: "http://localhost/renderer.js"

[90mstderr[2m | src/renderer/scare/escape-key.test.js[2m > [22m[2mESC Key Handling[2m > [22m[2mIntegration with 
Main Process[2m > [22m[2mshould trigger timer reset after cancellation
[22m[39mCould not load script: "http://localhost/tunnel.js"

[90mstdout[2m | src/renderer/scare/escape-key.test.js[2m > [22m[2mESC Key Handling[2m > [22m[2mIntegration with Main Process[2m > [22m[2mshould trigger timer reset after cancellation
[22m[39mStarting shake sequence

[90mstderr[2m | src/renderer/scare/escape-key.test.js[2m > [22m[2mESC Key Handling[2m > [22m[2mIntegration with 
Main Process[2m > [22m[2mshould allow multiple cancellations
[22m[39mCould not load link: "http://localhost/styles.css"

[90mstderr[2m | src/renderer/scare/escape-key.test.js[2m > [22m[2mESC Key Handling[2m > [22m[2mIntegration with 
Main Process[2m > [22m[2mshould allow multiple cancellations
[22m[39mCould not load script: "http://localhost/audio.js"

[90mstderr[2m | src/renderer/scare/escape-key.test.js[2m > [22m[2mESC Key Handling[2m > [22m[2mIntegration with 
Main Process[2m > [22m[2mshould allow multiple cancellations
[22m[39mCould not load script: "http://localhost/creatures.js"

[90mstderr[2m | src/renderer/scare/escape-key.test.js[2m > [22m[2mESC Key Handling[2m > [22m[2mIntegration with 
Main Process[2m > [22m[2mshould allow multiple cancellations
[22m[39mCould not load script: "http://localhost/jumpscare.js"

[90mstderr[2m | src/renderer/scare/escape-key.test.js[2m > [22m[2mESC Key Handling[2m > [22m[2mIntegration with 
Main Process[2m > [22m[2mshould allow multiple cancellations
[22m[39mCould not load script: "http://localhost/renderer.js"

[90mstderr[2m | src/renderer/scare/escape-key.test.js[2m > [22m[2mESC Key Handling[2m > [22m[2mIntegration with 
Main Process[2m > [22m[2mshould allow multiple cancellations
[22m[39mCould not load script: "http://localhost/tunnel.js"

[90mstdout[2m | src/renderer/scare/escape-key.test.js[2m > [22m[2mESC Key Handling[2m > [22m[2mIntegration with Main Process[2m > [22m[2mshould allow multiple cancellations
[22m[39mCancelling scare sequence at stage: [1mnull[22m
No active stage to cancel
Scare sequence cancelled
Cancelling scare sequence at stage: [1mnull[22m
No active stage to cancel
Scare sequence cancelled
Cancelling scare sequence at stage: [1mnull[22m
No active stage to cancel
Scare sequence cancelled

 [31m❯[39m src/renderer/scare/escape-key.test.js [2m([22m[2m19 tests[22m[2m | [22m[31m13 failed[39m[2m)[22m[33m 2578[2mms[22m[39m
       [33m[2m✓[22m[39m should set up ESC key listener on initialization [33m 341[2mms[22m[39m
[31m       [31m×[31m should call cancelSequence when ESC key is pressed[39m[32m 159[2mms[22m[39m
[31m       [31m×[31m should call cancelSequence when ESC keyCode 27 is pressed[39m[32m 130[2mms[22m[39m
       [32m✓[39m should not call cancelSequence for other keys[32m 134[2mms[22m[39m
[31m       [31m×[31m should cancel shake stage and notify main process[39m[32m 133[2mms[22m[39m
[31m       [31m×[31m should stop shake animation classes[39m[32m 122[2mms[22m[39m
[31m       [31m×[31m should cancel dark stage and notify main process[39m[32m 120[2mms[22m[39m
[31m       [31m×[31m should remove click listener from dark overlay[39m[32m 122[2mms[22m[39m
[31m       [31m×[31m should cancel tunnel animation and notify main process[39m[32m 130[2mms[22m[39m
[31m       [31m×[31m should stop tunnel animation[39m[32m 132[2mms[22m[39m
[31m       [31m×[31m should cancel jump scare and notify main process[39m[32m 118[2mms[22m[39m
[31m       [31m×[31m should hide jump scare layer[39m[32m 116[2mms[22m[39m
[31m       [31m×[31m should cancel question display and notify main process[39m[32m 120[2mms[22m[39m
[31m       [31m×[31m should reset current stage to null[39m[32m 115[2mms[22m[39m
       [32m✓[39m should notify main process via IPC[32m 117[2mms[22m[39m
       [32m✓[39m should handle cancellation when no stage is active[32m 116[2mms[22m[39m
       [32m✓[39m should work without electronAPI (testing mode)[32m 116[2mms[22m[39m
[31m       [31m×[31m should trigger timer reset after cancellation[39m[32m 117[2mms[22m[39m
       [32m✓[39m should allow multiple cancellations[32m 117[2mms[22m[39m
 [32m✓[39m src/main/QuestionGenerator.integration.test.js [2m([22m[2m15 tests[22m[2m)[22m[33m 4220[2mms[22m[39m
       [33m[2m✓[22m[39m should extract keywords from processed PDF document [33m 873[2mms[22m[39m
       [33m[2m✓[22m[39m should extract keywords from processed DOCX document [33m 472[2mms[22m[39m
       [33m[2m✓[22m[39m should extract keywords from processed Markdown document [33m 489[2mms[22m[39m
       [33m[2m✓[22m[39m should extract keywords from processed text document [33m 415[2mms[22m[39m
       [33m[2m✓[22m[39m should process multiple documents and extract concepts from all [33m 375[2mms[22m[39m
       [33m[2m✓[22m[39m should generate statistics across multiple documents [33m 304[2mms[22m[39m
[90mstdout[2m | src/main/ResourceOptimization.integration.test.js[2m > [22m[2mResource Optimization Integration[2m > [22m[2mMemory Usage[2m > [22m[2mshould stay within memory limits during document processing
[22m[39mResource monitoring stopped

[90mstdout[2m | src/main/ResourceOptimization.integration.test.js[2m > [22m[2mResource Optimization Integration[2m > [22m[2mCPU Usage[2m > [22m[2mshould maintain low CPU usage during idle
[22m[39mResource monitoring started

[90mstdout[2m | src/main/ScareController.integration.test.js[2m > [22m[2mScareController Integration Tests[2m > [22m[2mQuestion Management[2m > [22m[2mshould not repeat questions in the same session
[22m[39mDestroying ScareController

[90mstdout[2m | src/main/ScareController.integration.test.js[2m > [22m[2mScareController Integration Tests[2m > [22m[2mQuestion Management[2m > [22m[2mshould handle running out of questions
[22m[39mStarting scare sequence
Transitioning to stage: shake

[90mstdout[2m | src/main/ScareController.integration.test.js[2m > [22m[2mScareController Integration Tests[2m > [22m[2mQuestion Management[2m > [22m[2mshould handle running out of questions
[22m[39mStage completed: shake
Transitioning to stage: darken
Stage completed: darken
Transitioning to stage: tunnel
Stage completed: tunnel
Transitioning to stage: jumpscare
Stage completed: jumpscare
Transitioning to stage: question
Showing question: undefined

[90mstdout[2m | src/main/ScareController.integration.test.js[2m > [22m[2mScareController Integration Tests[2m > [22m[2mQuestion Management[2m > [22m[2mshould handle running out of questions
[22m[39mDestroying ScareController

[90mstdout[2m | src/main/ScareController.integration.test.js[2m > [22m[2mScareController Integration Tests[2m > [22m[2mSequence Cancellation[2m > [22m[2mshould cancel sequence at any stage
[22m[39mStarting scare sequence
Transitioning to stage: shake

[90mstdout[2m | src/main/ScareController.integration.test.js[2m > [22m[2mScareController Integration Tests[2m > [22m[2mSequence Cancellation[2m > [22m[2mshould cancel sequence at any stage
[22m[39mStage completed: shake
Transitioning to stage: darken
Stage completed: darken
Transitioning to stage: tunnel
Cancelling scare sequence

[90mstdout[2m | src/main/ScareController.integration.test.js[2m > [22m[2mScareController Integration Tests[2m > [22m[2mSequence Cancellation[2m > [22m[2mshould cancel sequence at any stage
[22m[39mDestroying ScareController

[90mstdout[2m | src/main/ScareController.integration.test.js[2m > [22m[2mScareController Integration Tests[2m > [22m[2mSequence Cancellation[2m > [22m[2mshould reset state after cancellation
[22m[39mStarting scare sequence
Transitioning to stage: shake

[90mstdout[2m | src/main/ScareController.integration.test.js[2m > [22m[2mScareController Integration Tests[2m > [22m[2mSequence Cancellation[2m > [22m[2mshould reset state after cancellation
[22m[39mStage completed: shake
Transitioning to stage: darken
Cancelling scare sequence

[90mstdout[2m | src/main/ScareController.integration.test.js[2m > [22m[2mScareController Integration Tests[2m > [22m[2mSequence Cancellation[2m > [22m[2mshould reset state after cancellation
[22m[39mDestroying ScareController

[90mstdout[2m | src/main/ScareController.integration.test.js[2m > [22m[2mScareController Integration Tests[2m > [22m[2mError Handling[2m > [22m[2mshould handle window destruction during sequence
[22m[39mStarting scare sequence
Transitioning to stage: shake

[90mstderr[2m | src/main/ScareController.integration.test.js[2m > [22m[2mScareController Integration Tests[2m > 
[22m[2mError Handling[2m > [22m[2mshould handle window destruction during sequence
[22m[39mCannot transition: scare window not available

[90mstdout[2m | src/main/ScareController.integration.test.js[2m > [22m[2mScareController Integration Tests[2m > [22m[2mError Handling[2m > [22m[2mshould handle window destruction during sequence
[22m[39mStage completed: shake

[90mstdout[2m | src/main/ScareController.integration.test.js[2m > [22m[2mScareController Integration Tests[2m > [22m[2mError Handling[2m > [22m[2mshould handle window destruction during sequence
[22m[39mDestroying ScareController

[90mstdout[2m | src/main/ScareController.integration.test.js[2m > [22m[2mScareController Integration Tests[2m > [22m[2mError Handling[2m > [22m[2mshould emit error event when question generation fails
[22m[39mStarting scare sequence
Transitioning to stage: shake

[90mstdout[2m | src/main/ScareController.integration.test.js[2m > [22m[2mScareController Integration Tests[2m > [22m[2mError Handling[2m > [22m[2mshould emit error event when question generation fails
[22m[39mStage completed: shake
Transitioning to stage: darken
Stage completed: darken
Transitioning to stage: tunnel
Stage completed: tunnel
Transitioning to stage: jumpscare
Stage completed: jumpscare
Transitioning to stage: question

[90mstderr[2m | src/main/ScareController.integration.test.js[2m > [22m[2mScareController Integration Tests[2m > 
[22m[2mError Handling[2m > [22m[2mshould emit error event when question generation fails
[22m[39mError showing question: Error: Question generation failed
    at QuestionGenerator.<anonymous> (C:/dev/Kiloween/src/main/ScareController.integration.test.js:338:15)
    at QuestionGenerator.Mock [as getNextQuestion] 
[90m(file:///C:/dev/Kiloween/[39mnode_modules/[4m@vitest[24m/spy/dist/index.js:280:34[90m)[39m
    at ScareController._showQuestion [90m(C:\dev\Kiloween\[39msrc\main\ScareController.js:227:47[90m)[39m
    at ScareController._transitionToStage [90m(C:\dev\Kiloween\[39msrc\main\ScareController.js:159:20[90m)[39m
    at ScareController._handleStageComplete [90m(C:\dev\Kiloween\[39msrc\main\ScareController.js:189:12[90m)[39m
    at C:/dev/Kiloween/src/main/ScareController.integration.test.js:348:23
    at [90mfile:///C:/dev/Kiloween/[39mnode_modules/[4m@vitest[24m/runner/dist/index.js:753:20

[90mstdout[2m | src/main/ScareController.integration.test.js[2m > [22m[2mScareController Integration Tests[2m > [22m[2mError Handling[2m > [22m[2mshould emit error event when question generation fails
[22m[39mDestroying ScareController

[90mstdout[2m | src/main/ScareController.integration.test.js[2m > [22m[2mScareController Integration Tests[2m > [22m[2mMultiple Sequences[2m > [22m[2mshould handle multiple sequences in succession
[22m[39mStarting scare sequence
Transitioning to stage: shake

[90mstdout[2m | src/main/ScareController.integration.test.js[2m > [22m[2mScareController Integration Tests[2m > [22m[2mMultiple Sequences[2m > [22m[2mshould handle multiple sequences in succession
[22m[39mStage completed: shake
Transitioning to stage: darken
Stage completed: darken
Transitioning to stage: tunnel
Stage completed: tunnel
Transitioning to stage: jumpscare
Stage completed: jumpscare
Transitioning to stage: question
Showing question: undefined
Answer submitted for question undefined: undefined
Answer correct

[90mstderr[2m | src/main/DocumentProcessor.integration.test.js[2m > [22m[2mDocumentProcessor - Integration Tests[2m 
> [22m[2mprocessAllDocuments[2m > [22m[2mshould provide detailed error information
[22m[39mWorker thread failed, falling back to main thread: ENOENT: no such file or directory, open 
'C:\Users\pedro\AppData\Local\Temp\doc-processor-test-1763428738373\missing.txt'

[90mstderr[2m | src/main/DocumentProcessor.integration.test.js[2m > [22m[2mDocumentProcessor - Integration Tests[2m 
> [22m[2mprocessAllDocuments[2m > [22m[2mshould provide detailed error information
[22m[39mWorker thread failed, falling back to main thread: ENOENT: no such file or directory, open 
'C:\dev\Kiloween\invalid\path\file.txt'

[90mstderr[2m | src/main/DocumentProcessor.integration.test.js[2m > [22m[2mDocumentProcessor - Integration Tests[2m 
> [22m[2mprocessAllDocuments[2m > [22m[2mshould provide detailed error information
[22m[39mDocument processing errors: [
  {
    filePath: [32m'C:\\Users\\pedro\\AppData\\Local\\Temp\\doc-processor-test-1763428738373\\missing.txt'[39m,
    error: [32m'File not found: missing.txt'[39m,
    userFriendlyError: [32m'File not found: missing.txt'[39m,
    fileName: [32m'missing.txt'[39m
  },
  {
    filePath: [32m'invalid/path/file.txt'[39m,
    error: [32m'File not found: file.txt'[39m,
    userFriendlyError: [32m'File not found: file.txt'[39m,
    fileName: [32m'file.txt'[39m
  }
]

 [31m❯[39m src/main/DocumentProcessor.integration.test.js [2m([22m[2m18 tests[22m[2m | [22m[31m1 failed[39m[2m)[22m[33m 4771[2mms[22m[39m
       [33m[2m✓[22m[39m should process multiple documents successfully [33m 496[2mms[22m[39m
       [33m[2m✓[22m[39m should process documents of different formats [33m 507[2mms[22m[39m
       [32m✓[39m should handle empty array gracefully[32m 1[2mms[22m[39m
       [32m✓[39m should handle null/undefined input gracefully[32m 1[2mms[22m[39m
[31m       [31m×[31m should aggregate errors for failed documents[39m[33m 473[2mms[22m[39m
       [33m[2m✓[22m[39m should continue processing after encountering errors [33m 457[2mms[22m[39m
       [33m[2m✓[22m[39m should calculate total word count correctly [33m 426[2mms[22m[39m
       [33m[2m✓[22m[39m should track progress during processing [33m 314[2mms[22m[39m
       [32m✓[39m should call progress callback even when errors occur[32m 296[2mms[22m[39m
       [32m✓[39m should handle progress callback errors gracefully[32m 266[2mms[22m[39m
       [32m✓[39m should process documents in parallel[32m 241[2mms[22m[39m
       [32m✓[39m should handle all documents failing[32m 209[2mms[22m[39m
       [32m✓[39m should preserve document order in results[32m 196[2mms[22m[39m
       [32m✓[39m should handle empty files[32m 178[2mms[22m[39m
       [32m✓[39m should include all document metadata[32m 185[2mms[22m[39m
       [32m✓[39m should handle large number of documents[32m 172[2mms[22m[39m
       [32m✓[39m should provide detailed error information[32m 164[2mms[22m[39m
       [32m✓[39m should process actual test files from test-data directory[32m 169[2mms[22m[39m
[90mstderr[2m | src/main/DocumentProcessor.test.js[2m > [22m[2mprocessAllDocuments with MD and TXT[2m > 
[22m[2mshould handle mix of valid and invalid documents
[22m[39mWorker thread failed, falling back to main thread: ENOENT: no such file or directory, open 
'C:\dev\Kiloween\test-data\nonexistent.md'

[90mstderr[2m | src/main/DocumentProcessor.test.js[2m > [22m[2mprocessAllDocuments with MD and TXT[2m > 
[22m[2mshould handle mix of valid and invalid documents
[22m[39mDocument processing errors: [
  {
    filePath: [32m'C:\\dev\\Kiloween\\test-data\\nonexistent.md'[39m,
    error: [32m'File not found: nonexistent.md'[39m,
    userFriendlyError: [32m'File not found: nonexistent.md'[39m,
    fileName: [32m'nonexistent.md'[39m
  }
]

[90mstdout[2m | src/main/Application.e2e.test.js[2m > [22m[2mEnd-to-End Application Flow[2m > [22m[2mComplete Application Flow[2m > [22m[2mshould complete full flow: launch -> config -> document -> timer -> scare -> question -> answer
[22m[39mDestroying ScareController

[90mstdout[2m | src/main/Application.e2e.test.js[2m > [22m[2mEnd-to-End Application Flow[2m > [22m[2mComplete Application Flow[2m > [22m[2mshould handle incorrect answer and continue flow
[22m[39mStarting scare sequence
Transitioning to stage: shake

[90mstdout[2m | src/main/Application.e2e.test.js[2m > [22m[2mEnd-to-End Application Flow[2m > [22m[2mComplete Application Flow[2m > [22m[2mshould handle incorrect answer and continue flow
[22m[39mStage completed: shake
Transitioning to stage: darken
Stage completed: darken
Transitioning to stage: tunnel
Stage completed: tunnel
Transitioning to stage: jumpscare
Stage completed: jumpscare
Transitioning to stage: question
Showing question: undefined

[90mstdout[2m | src/main/Application.e2e.test.js[2m > [22m[2mEnd-to-End Application Flow[2m > [22m[2mComplete Application Flow[2m > [22m[2mshould handle incorrect answer and continue flow
[22m[39mDestroying ScareController

[90mstdout[2m | src/main/Application.e2e.test.js[2m > [22m[2mEnd-to-End Application Flow[2m > [22m[2mComplete Application Flow[2m > [22m[2mshould handle ESC key cancellation during scare sequence
[22m[39mStarting scare sequence
Transitioning to stage: shake

[90mstdout[2m | src/main/Application.e2e.test.js[2m > [22m[2mEnd-to-End Application Flow[2m > [22m[2mComplete Application Flow[2m > [22m[2mshould handle ESC key cancellation during scare sequence
[22m[39mStage completed: shake
Transitioning to stage: darken
Stage completed: darken
Transitioning to stage: tunnel
Cancelling scare sequence

[90mstdout[2m | src/main/Application.e2e.test.js[2m > [22m[2mEnd-to-End Application Flow[2m > [22m[2mComplete Application Flow[2m > [22m[2mshould handle ESC key cancellation during scare sequence
[22m[39mDestroying ScareController

[90mstdout[2m | src/main/Application.e2e.test.js[2m > [22m[2mEnd-to-End Application Flow[2m > [22m[2mComplete Application Flow[2m > [22m[2mshould handle multiple scare cycles without repeating questions
[22m[39mStarting scare sequence
Transitioning to stage: shake

[90mstdout[2m | src/main/Application.e2e.test.js[2m > [22m[2mEnd-to-End Application Flow[2m > [22m[2mComplete Application Flow[2m > [22m[2mshould handle multiple scare cycles without repeating questions
[22m[39mStage completed: shake
Transitioning to stage: darken
Stage completed: darken
Transitioning to stage: tunnel
Stage completed: tunnel
Transitioning to stage: jumpscare
Stage completed: jumpscare
Transitioning to stage: question
Showing question: undefined

[90mstdout[2m | src/main/Application.e2e.test.js[2m > [22m[2mEnd-to-End Application Flow[2m > [22m[2mComplete Application Flow[2m > [22m[2mshould handle multiple scare cycles without repeating questions
[22m[39mAnswer submitted for question undefined: undefined
Answer correct

 [31m❯[39m src/main/DocumentProcessor.test.js [2m([22m[2m119 tests[22m[2m | [22m[31m21 failed[39m[2m)[22m[33m 5762[2mms[22m[39m
       [32m✓[39m should create instance with default max file size[32m 17[2mms[22m[39m
       [32m✓[39m should create instance with custom max file size[32m 12[2mms[22m[39m
       [32m✓[39m should have supported formats defined[32m 12[2mms[22m[39m
       [32m✓[39m should validate a valid PDF file[32m 15[2mms[22m[39m
       [32m✓[39m should validate a valid DOCX file[32m 14[2mms[22m[39m
       [32m✓[39m should validate a valid Markdown file[32m 21[2mms[22m[39m
       [32m✓[39m should validate a valid TXT file[32m 14[2mms[22m[39m
       [32m✓[39m should reject non-existent file[32m 20[2mms[22m[39m
       [32m✓[39m should reject unsupported format[32m 17[2mms[22m[39m
       [32m✓[39m should reject empty file path[32m 15[2mms[22m[39m
       [32m✓[39m should reject null file path[32m 15[2mms[22m[39m
       [32m✓[39m should reject directory path[32m 14[2mms[22m[39m
[31m       [31m×[31m should reject file exceeding size limit[39m[32m 40[2mms[22m[39m
       [32m✓[39m should accept file within size limit[32m 12[2mms[22m[39m
[31m       [31m×[31m should accept empty file[39m[32m 14[2mms[22m[39m
       [32m✓[39m should handle case-insensitive extensions[32m 12[2mms[22m[39m
       [32m✓[39m should resolve relative paths[32m 13[2mms[22m[39m
       [32m✓[39m should return true for existing file[32m 15[2mms[22m[39m
       [32m✓[39m should return false for non-existent file[32m 14[2mms[22m[39m
       [32m✓[39m should return true for directory[32m 11[2mms[22m[39m
       [32m✓[39m should detect PDF format[32m 12[2mms[22m[39m
       [32m✓[39m should detect DOCX format[32m 9[2mms[22m[39m
       [32m✓[39m should detect Markdown format[32m 11[2mms[22m[39m
       [32m✓[39m should detect TXT format[32m 10[2mms[22m[39m
       [32m✓[39m should return null for unsupported format[32m 13[2mms[22m[39m
       [32m✓[39m should handle case-insensitive extensions[32m 12[2mms[22m[39m
       [32m✓[39m should return null for empty string[32m 10[2mms[22m[39m
       [32m✓[39m should return null for null input[32m 10[2mms[22m[39m
       [32m✓[39m should handle files without extension[32m 10[2mms[22m[39m
       [32m✓[39m should handle paths with multiple dots[32m 10[2mms[22m[39m
       [32m✓[39m should return array of supported formats[32m 11[2mms[22m[39m
       [32m✓[39m should return a copy of the array[32m 10[2mms[22m[39m
       [32m✓[39m should validate multiple documents[32m 11[2mms[22m[39m
       [32m✓[39m should handle mix of valid and invalid documents[32m 15[2mms[22m[39m
       [32m✓[39m should return empty map for empty array[32m 15[2mms[22m[39m
       [32m✓[39m should return empty map for non-array input[32m 11[2mms[22m[39m
       [32m✓[39m should validate documents in parallel[32m 12[2mms[22m[39m
       [32m✓[39m should return true for file within size limit[32m 12[2mms[22m[39m
       [32m✓[39m should return false for file exceeding size limit[32m 15[2mms[22m[39m
       [32m✓[39m should return false for non-existent file[32m 16[2mms[22m[39m
       [32m✓[39m should return true for empty file[32m 14[2mms[22m[39m
       [32m✓[39m should handle special characters in file path[32m 23[2mms[22m[39m
       [32m✓[39m should handle very long file names[32m 17[2mms[22m[39m
       [32m✓[39m should handle concurrent validations[32m 14[2mms[22m[39m
         [32m✓[39m should throw error for corrupted PDF[32m 221[2mms[22m[39m
         [32m✓[39m should throw error for non-PDF file with .pdf extension[32m 28[2mms[22m[39m
[31m         [31m×[31m should throw error for non-existent file[39m[32m 34[2mms[22m[39m
         [32m✓[39m should throw error for non-PDF file[32m 34[2mms[22m[39m
         [32m✓[39m should throw error for unsupported format[32m 28[2mms[22m[39m
         [33m[2m✓[22m[39m should process MD and TXT formats [33m 949[2mms[22m[39m
         [32m✓[39m should return empty result for empty input[32m 18[2mms[22m[39m
         [32m✓[39m should return empty result for null input[32m 30[2mms[22m[39m
         [33m[2m✓[22m[39m should handle all documents failing gracefully [33m 534[2mms[22m[39m
         [32m✓[39m should provide descriptive error for encrypted PDF[32m 22[2mms[22m[39m
[31m         [31m×[31m should validate before processing[39m[32m 12[2mms[22m[39m
[31m         [31m×[31m should reject files exceeding size limit[39m[32m 13[2mms[22m[39m
         [32m✓[39m should throw error for corrupted DOCX[32m 16[2mms[22m[39m
         [32m✓[39m should throw error for non-DOCX file with .docx extension[32m 13[2mms[22m[39m
[31m         [31m×[31m should throw error for non-existent file[39m[32m 14[2mms[22m[39m
         [32m✓[39m should throw error for non-DOCX file[32m 26[2mms[22m[39m
[31m         [31m×[31m should throw error for empty DOCX file[39m[32m 15[2mms[22m[39m
         [32m✓[39m should route DOCX files to processDOCX[32m 275[2mms[22m[39m
         [32m✓[39m should handle DOCX processing errors gracefully[32m 292[2mms[22m[39m
         [32m✓[39m should provide descriptive error for corrupted DOCX[32m 11[2mms[22m[39m
         [32m✓[39m should handle DOCX with invalid zip structure[32m 13[2mms[22m[39m
[31m         [31m×[31m should validate before processing DOCX[39m[32m 11[2mms[22m[39m
[31m         [31m×[31m should reject DOCX files exceeding size limit[39m[32m 11[2mms[22m[39m
         [32m✓[39m should extract title from filename[32m 11[2mms[22m[39m
         [32m✓[39m should calculate word count from extracted text[32m 10[2mms[22m[39m
         [32m✓[39m should process sample DOCX and extract text[32m 19[2mms[22m[39m
         [32m✓[39m should extract correct metadata from sample DOCX[32m 11[2mms[22m[39m
         [32m✓[39m should calculate word count correctly[32m 11[2mms[22m[39m
[31m         [31m×[31m should process biology notes DOCX[39m[32m 8[2mms[22m[39m
[31m         [31m×[31m should extract full text content[39m[32m 8[2mms[22m[39m
[31m         [31m×[31m should handle DOCX with special characters[39m[32m 7[2mms[22m[39m
         [32m✓[39m should process DOCX through processDocument method[32m 219[2mms[22m[39m
[31m         [31m×[31m should process multiple DOCX files[39m[32m 211[2mms[22m[39m
[31m         [31m×[31m should handle DOCX with empty content gracefully[39m[32m 8[2mms[22m[39m
[31m         [31m×[31m should handle DOCX with only whitespace[39m[32m 6[2mms[22m[39m
[31m         [31m×[31m should handle DOCX with very long content[39m[32m 6[2mms[22m[39m
         [32m✓[39m should return similar structure for DOCX and PDF[32m 8[2mms[22m[39m
       [32m✓[39m should process markdown file and extract text[32m 10[2mms[22m[39m
       [32m✓[39m should extract metadata from markdown[32m 5[2mms[22m[39m
       [32m✓[39m should extract headings from markdown[32m 4[2mms[22m[39m
       [32m✓[39m should calculate word count correctly[32m 4[2mms[22m[39m
       [32m✓[39m should strip markdown formatting[32m 5[2mms[22m[39m
       [32m✓[39m should handle markdown without headings[32m 4[2mms[22m[39m
[31m       [31m×[31m should handle empty markdown file[39m[32m 4[2mms[22m[39m
       [32m✓[39m should handle special characters[32m 4[2mms[22m[39m
       [32m✓[39m should throw error for non-markdown file[32m 7[2mms[22m[39m
[31m       [31m×[31m should throw error for non-existent file[39m[32m 4[2mms[22m[39m
       [32m✓[39m should handle encoding issues gracefully[32m 5[2mms[22m[39m
       [32m✓[39m should handle markdown with lists[32m 6[2mms[22m[39m
       [32m✓[39m should handle markdown with code blocks[32m 5[2mms[22m[39m
       [32m✓[39m should handle markdown with links[32m 6[2mms[22m[39m
       [32m✓[39m should handle nested headings[32m 7[2mms[22m[39m
       [32m✓[39m should process markdown through processDocument method[32m 180[2mms[22m[39m
       [32m✓[39m should route .md files to processMarkdown[32m 169[2mms[22m[39m
       [32m✓[39m should process text file and extract content[32m 5[2mms[22m[39m
       [32m✓[39m should extract metadata from text file[32m 4[2mms[22m[39m
       [32m✓[39m should calculate word count correctly[32m 3[2mms[22m[39m
       [32m✓[39m should preserve line breaks[32m 4[2mms[22m[39m
[31m       [31m×[31m should handle empty text file[39m[32m 4[2mms[22m[39m
[31m       [31m×[31m should handle text file with only whitespace[39m[32m 4[2mms[22m[39m
       [32m✓[39m should handle special characters[32m 3[2mms[22m[39m
       [32m✓[39m should throw error for non-text file[32m 5[2mms[22m[39m
[31m       [31m×[31m should throw error for non-existent file[39m[32m 4[2mms[22m[39m
       [32m✓[39m should handle encoding issues gracefully[32m 4[2mms[22m[39m
       [32m✓[39m should handle very long text files[32m 4[2mms[22m[39m
       [32m✓[39m should handle text with tabs and special whitespace[32m 5[2mms[22m[39m
       [32m✓[39m should handle text with numbers and punctuation[32m 4[2mms[22m[39m
       [32m✓[39m should process text through processDocument method[32m 147[2mms[22m[39m
       [32m✓[39m should route .txt files to processText[32m 168[2mms[22m[39m
     [32m✓[39m should process multiple document types together[32m 150[2mms[22m[39m
     [32m✓[39m should handle mix of valid and invalid documents[32m 140[2mms[22m[39m
     [32m✓[39m should process all formats in parallel[32m 143[2mms[22m[39m
     [33m[2m✓[22m[39m should return consistent structure across all formats [33m 377[2mms[22m[39m
     [33m[2m✓[22m[39m should extract meaningful content from all formats [33m 365[2mms[22m[39m
     [32m✓[39m should handle validation consistently across formats[32m 5[2mms[22m[39m
[90mstdout[2m | src/renderer/scare/jumpscare.test.js[2m > [22m[2mJumpScare[2m > [22m[2mAnswer Handling[2m > [22m[2mshould auto-close after feedback
[22m[39mClosing jump scare with fade-out

[90mstdout[2m | src/renderer/scare/jumpscare.test.js[2m > [22m[2mJumpScare[2m > [22m[2mAnswer Handling[2m > [22m[2mshould auto-close after feedback
[22m[39mClosing jump scare with fade-out

[90mstdout[2m | src/renderer/scare/jumpscare.test.js[2m > [22m[2mJumpScare[2m > [22m[2mAnswer Handling[2m > [22m[2mshould auto-close after feedback
[22m[39mClosing jump scare with fade-out

[90mstdout[2m | src/renderer/scare/jumpscare.test.js[2m > [22m[2mJumpScare[2m > [22m[2mClose Jump Scare[2m > [22m[2mshould hide jumpscare layer
[22m[39mJump scare initialized
Triggering jump scare
Jump scare triggered with creature: vampire

[90mstdout[2m | src/renderer/scare/jumpscare.test.js[2m > [22m[2mJumpScare[2m > [22m[2mClose Jump Scare[2m > [22m[2mshould hide jumpscare layer
[22m[39mClosing jump scare (immediate)
Closing jump scare with fade-out

[90mstdout[2m | src/main/ResourceOptimization.integration.test.js[2m > [22m[2mResource Optimization Integration[2m > [22m[2mCPU Usage[2m > [22m[2mshould maintain low CPU usage during idle
[22m[39mAverage CPU usage during idle: 0.00%

[90mstdout[2m | src/main/ResourceOptimization.integration.test.js[2m > [22m[2mResource Optimization Integration[2m > [22m[2mCPU Usage[2m > [22m[2mshould maintain low CPU usage during idle
[22m[39mResource monitoring stopped

[90mstdout[2m | src/renderer/scare/jumpscare.test.js[2m > [22m[2mJumpScare[2m > [22m[2mClose Jump Scare[2m > [22m[2mshould hide question container and feedback
[22m[39mJump scare initialized
Triggering jump scare
Jump scare triggered with creature: spider
Showing question: Test?
Closing jump scare (immediate)
Closing jump scare with fade-out

[90mstdout[2m | src/renderer/scare/jumpscare.test.js[2m > [22m[2mJumpScare[2m > [22m[2mClose Jump Scare[2m > [22m[2mshould hide question container and feedback
[22m[39mJump scare closed - returned to background mode

[90mstdout[2m | src/renderer/scare/jumpscare.test.js[2m > [22m[2mJumpScare[2m > [22m[2mClose Jump Scare[2m > [22m[2mshould hide question container and feedback
[22m[39mJump scare closed - returned to background mode

[90mstdout[2m | src/renderer/scare/jumpscare.test.js[2m > [22m[2mJumpScare[2m > [22m[2mClose Jump Scare[2m > [22m[2mshould hide question container and feedback
[22m[39mJump scare closed - returned to background mode

[90mstdout[2m | src/main/ResourceOptimization.integration.test.js[2m > [22m[2mResource Optimization Integration[2m > [22m[2mLazy Loading[2m > [22m[2mshould not load cache until needed
[22m[39mMemory cache cleared

[90mstdout[2m | src/main/ResourceOptimization.integration.test.js[2m > [22m[2mResource Optimization Integration[2m > [22m[2mResource Summary[2m > [22m[2mshould provide comprehensive resource summary
[22m[39mResource monitoring started

[90mstdout[2m | src/renderer/scare/jumpscare.test.js[2m > [22m[2mJumpScare[2m > [22m[2mClose Jump Scare[2m > [22m[2mshould hide question container and feedback
[22m[39mJump scare closed - returned to background mode

[90mstdout[2m | src/renderer/scare/jumpscare.test.js[2m > [22m[2mJumpScare[2m > [22m[2mClose Jump Scare[2m > [22m[2mshould call onJumpScareComplete callback if defined
[22m[39mJump scare initialized
Closing jump scare (immediate)
Closing jump scare with fade-out

[90mstdout[2m | src/renderer/scare/jumpscare.test.js[2m > [22m[2mJumpScare[2m > [22m[2mClose Jump Scare[2m > [22m[2mshould call onJumpScareComplete callback if defined
[22m[39mClosing jump scare with fade-out

[90mstdout[2m | src/renderer/scare/jumpscare.test.js[2m > [22m[2mJumpScare[2m > [22m[2mClose Jump Scare[2m > [22m[2mshould call onJumpScareComplete callback if defined
[22m[39mClosing jump scare with fade-out

[90mstderr[2m | src/main/Application.e2e.test.js[2m > [22m[2mEnd-to-End Application Flow[2m > [22m[2mComplete 
Application Flow[2m > [22m[2mshould handle multiple scare cycles without repeating questions
[22m[39mScare sequence already active

[90mstdout[2m | src/main/Application.e2e.test.js[2m > [22m[2mEnd-to-End Application Flow[2m > [22m[2mComplete Application Flow[2m > [22m[2mshould handle multiple scare cycles without repeating questions
[22m[39mStage completed: shake
Transitioning to stage: darken
Stage completed: darken
Transitioning to stage: tunnel
Stage completed: tunnel
Transitioning to stage: jumpscare
Stage completed: jumpscare
Transitioning to stage: question
Showing question: undefined

[90mstdout[2m | src/main/Application.e2e.test.js[2m > [22m[2mEnd-to-End Application Flow[2m > [22m[2mComplete Application Flow[2m > [22m[2mshould handle multiple scare cycles without repeating questions
[22m[39mDestroying ScareController

[90mstdout[2m | src/main/Application.e2e.test.js[2m > [22m[2mEnd-to-End Application Flow[2m > [22m[2mDocument Management Flow[2m > [22m[2mshould validate and reject invalid documents
[22m[39mDestroying ScareController

[90mstdout[2m | src/main/Application.e2e.test.js[2m > [22m[2mEnd-to-End Application Flow[2m > [22m[2mDocument Management Flow[2m > [22m[2mshould remove documents and update configuration
[22m[39mDestroying ScareController

[90mstdout[2m | src/main/Application.e2e.test.js[2m > [22m[2mEnd-to-End Application Flow[2m > [22m[2mDocument Management Flow[2m > [22m[2mshould process multiple documents and generate questions from all
[22m[39mDestroying ScareController

[90mstdout[2m | src/main/Application.e2e.test.js[2m > [22m[2mEnd-to-End Application Flow[2m > [22m[2mConfiguration Persistence[2m > [22m[2mshould persist configuration changes across sessions
[22m[39mDestroying ScareController

[90mstdout[2m | src/main/Application.e2e.test.js[2m > [22m[2mEnd-to-End Application Flow[2m > [22m[2mConfiguration Persistence[2m > [22m[2mshould persist document list across sessions
[22m[39mDestroying ScareController

[90mstdout[2m | src/main/Application.e2e.test.js[2m > [22m[2mEnd-to-End Application Flow[2m > [22m[2mError Recovery[2m > [22m[2mshould handle document processing errors gracefully
[22m[39mWarning: Indexing all PDF objects

[90mstderr[2m | src/main/Application.e2e.test.js[2m > [22m[2mEnd-to-End Application Flow[2m > [22m[2mError 
Recovery[2m > [22m[2mshould handle document processing errors gracefully
[22m[39mDocument processing errors: [
  {
    filePath: [32m'test-data\\corrupted.pdf'[39m,
    error: [32m'PDF file is corrupted or invalid'[39m,
    userFriendlyError: [32m'This PDF file appears to be corrupted or invalid.'[39m,
    fileName: [32m'corrupted.pdf'[39m
  }
]

[90mstdout[2m | src/main/Application.e2e.test.js[2m > [22m[2mEnd-to-End Application Flow[2m > [22m[2mError Recovery[2m > [22m[2mshould handle document processing errors gracefully
[22m[39mDestroying ScareController

[90mstdout[2m | src/main/Application.e2e.test.js[2m > [22m[2mEnd-to-End Application Flow[2m > [22m[2mError Recovery[2m > [22m[2mshould handle running out of questions
[22m[39mStarting scare sequence
Transitioning to stage: shake

[90mstdout[2m | src/main/Application.e2e.test.js[2m > [22m[2mEnd-to-End Application Flow[2m > [22m[2mError Recovery[2m > [22m[2mshould handle running out of questions
[22m[39mStage completed: shake
Transitioning to stage: darken
Stage completed: darken
Transitioning to stage: tunnel
Stage completed: tunnel
Transitioning to stage: jumpscare
Stage completed: jumpscare
Transitioning to stage: question
Showing question: undefined

[90mstdout[2m | src/main/Application.e2e.test.js[2m > [22m[2mEnd-to-End Application Flow[2m > [22m[2mError Recovery[2m > [22m[2mshould handle running out of questions
[22m[39mDestroying ScareController

[90mstdout[2m | src/main/Application.e2e.test.js[2m > [22m[2mEnd-to-End Application Flow[2m > [22m[2mSession Statistics Tracking[2m > [22m[2mshould track correct answers and maintain streak
[22m[39mStarting scare sequence
Transitioning to stage: shake

[90mstdout[2m | src/main/Application.e2e.test.js[2m > [22m[2mEnd-to-End Application Flow[2m > [22m[2mSession Statistics Tracking[2m > [22m[2mshould track correct answers and maintain streak
[22m[39mStage completed: shake
Transitioning to stage: darken
Stage completed: darken
Transitioning to stage: tunnel
Stage completed: tunnel
Transitioning to stage: jumpscare
Stage completed: jumpscare
Transitioning to stage: question
Showing question: undefined

[90mstdout[2m | src/main/Application.e2e.test.js[2m > [22m[2mEnd-to-End Application Flow[2m > [22m[2mSession Statistics Tracking[2m > [22m[2mshould track correct answers and maintain streak
[22m[39mAnswer submitted for question undefined: undefined
Answer correct

[90mstdout[2m | src/renderer/scare/jumpscare.test.js[2m > [22m[2mJumpScare[2m > [22m[2mClose Jump Scare[2m > [22m[2mshould call onJumpScareComplete callback if defined
[22m[39mJump scare closed - returned to background mode

[90mstdout[2m | src/renderer/scare/jumpscare.test.js[2m > [22m[2mJumpScare[2m > [22m[2mState Management[2m > [22m[2mshould track current creature
[22m[39mJump scare initialized
Triggering jump scare
Jump scare triggered with creature: skull

[90mstdout[2m | src/renderer/scare/jumpscare.test.js[2m > [22m[2mJumpScare[2m > [22m[2mState Management[2m > [22m[2mshould track active state
[22m[39mJump scare initialized
Triggering jump scare
Jump scare triggered with creature: skull

[90mstdout[2m | src/renderer/scare/jumpscare.test.js[2m > [22m[2mJumpScare[2m > [22m[2mState Management[2m > [22m[2mshould track active state
[22m[39mClosing jump scare (immediate)
Closing jump scare with fade-out

[90mstdout[2m | src/renderer/scare/jumpscare.test.js[2m > [22m[2mJumpScare[2m > [22m[2mState Management[2m > [22m[2mshould track active state
[22m[39mJump scare closed - returned to background mode

[90mstdout[2m | src/renderer/scare/jumpscare.test.js[2m > [22m[2mJumpScare[2m > [22m[2mState Management[2m > [22m[2mshould track active state
[22m[39mJump scare closed - returned to background mode

[90mstdout[2m | src/renderer/scare/jumpscare.test.js[2m > [22m[2mJumpScare[2m > [22m[2mState Management[2m > [22m[2mshould track active state
[22m[39mJump scare closed - returned to background mode

 [31m❯[39m src/renderer/scare/jumpscare.test.js [2m([22m[2m22 tests[22m[2m | [22m[31m4 failed[39m[2m)[22m[33m 7956[2mms[22m[39m
       [32m✓[39m should initialize with DOM elements[32m 227[2mms[22m[39m
       [32m✓[39m should return false if elements are missing[32m 24[2mms[22m[39m
       [32m✓[39m should start with isActive as false[32m 18[2mms[22m[39m
       [32m✓[39m should trigger jump scare with random creature[32m 89[2mms[22m[39m
       [32m✓[39m should trigger jump scare with specific creature[32m 73[2mms[22m[39m
       [32m✓[39m should hide tunnel canvas when triggered[32m 70[2mms[22m[39m
       [32m✓[39m should apply creature color and shadow[32m 72[2mms[22m[39m
       [33m[2m✓[22m[39m should show question after delay if provided [33m 1629[2mms[22m[39m
       [32m✓[39m should display question text[32m 10[2mms[22m[39m
       [32m✓[39m should create answer option buttons[32m 13[2mms[22m[39m
       [32m✓[39m should handle missing question gracefully[32m 8[2mms[22m[39m
       [32m✓[39m should clear previous answer options[32m 8[2mms[22m[39m
       [32m✓[39m should disable buttons after answer selection[32m 8[2mms[22m[39m
       [32m✓[39m should show correct feedback for correct answer[32m 7[2mms[22m[39m
       [32m✓[39m should show incorrect feedback with explanation[32m 6[2mms[22m[39m
       [32m✓[39m should show default incorrect feedback without explanation[32m 6[2mms[22m[39m
[31m       [31m×[31m should auto-close after feedback[39m[33m 3120[2mms[22m[39m
[31m       [31m×[31m should hide jumpscare layer[39m[33m 668[2mms[22m[39m
[31m       [31m×[31m should hide question container and feedback[39m[33m 614[2mms[22m[39m
       [33m[2m✓[22m[39m should call onJumpScareComplete callback if defined [33m 615[2mms[22m[39m
       [32m✓[39m should track current creature[32m 5[2mms[22m[39m
[31m       [31m×[31m should track active state[39m[33m 664[2mms[22m[39m
[90mstdout[2m | src/main/ScareController.integration.test.js[2m > [22m[2mScareController Integration Tests[2m > [22m[2mMultiple Sequences[2m > [22m[2mshould handle multiple sequences in succession
[22m[39mDestroying ScareController

[90mstdout[2m | src/main/ScareController.integration.test.js[2m > [22m[2mScareController Integration Tests[2m > [22m[2mEvent Emission Order[2m > [22m[2mshould emit events in correct order
[22m[39mStarting scare sequence
Transitioning to stage: shake

[90mstdout[2m | src/main/ScareController.integration.test.js[2m > [22m[2mScareController Integration Tests[2m > [22m[2mEvent Emission Order[2m > [22m[2mshould emit events in correct order
[22m[39mStage completed: shake
Transitioning to stage: darken
Stage completed: darken
Transitioning to stage: tunnel
Stage completed: tunnel
Transitioning to stage: jumpscare
Stage completed: jumpscare
Transitioning to stage: question
Showing question: undefined
Answer submitted for question undefined: undefined
Answer correct

[90mstdout[2m | src/main/ScareController.integration.test.js[2m > [22m[2mScareController Integration Tests[2m > [22m[2mEvent Emission Order[2m > [22m[2mshould emit events in correct order
[22m[39mDestroying ScareController

 [31m❯[39m src/main/ScareController.integration.test.js [2m([22m[2m13 tests[22m[2m | [22m[31m8 failed[39m[2m)[22m[33m 10061[2mms[22m[39m
[31m       [31m×[31m should complete full scare sequence from start to question[39m[32m 12[2mms[22m[39m
[31m       [31m×[31m should send correct IPC messages for each stage[39m[32m 11[2mms[22m[39m
[31m       [31m×[31m should handle answer submission and provide feedback[39m[32m 4[2mms[22m[39m
[31m       [31m×[31m should handle incorrect answer submission[39m[32m 1[2mms[22m[39m
[31m       [31m×[31m should end sequence after answer is submitted[39m[32m 4[2mms[22m[39m
[31m       [31m×[31m should not repeat questions in the same session[39m[33m 5006[2mms[22m[39m
[31m       [31m×[31m should handle running out of questions[39m[32m 1[2mms[22m[39m
       [32m✓[39m should cancel sequence at any stage[32m 1[2mms[22m[39m
       [32m✓[39m should reset state after cancellation[32m 1[2mms[22m[39m
       [32m✓[39m should handle window destruction during sequence[32m 1[2mms[22m[39m
       [32m✓[39m should emit error event when question generation fails[32m 1[2mms[22m[39m
[31m       [31m×[31m should handle multiple sequences in succession[39m[33m 5014[2mms[22m[39m
       [32m✓[39m should emit events in correct order[32m 1[2mms[22m[39m
[90mstdout[2m | src/main/ResourceOptimization.integration.test.js[2m > [22m[2mResource Optimization Integration[2m > [22m[2mResource Summary[2m > [22m[2mshould provide comprehensive resource summary
[22m[39mResource Summary: {
  "memory": {
    "current": {
      "timestamp": 1763428749232,
      "rss": 87.65234375,
      "heapUsed": 13.560493469238281,
      "heapTotal": 15.671875,
      "external": 2.1151390075683594
    },
    "average": {
      "rss": 90.6435546875,
      "heapUsed": 14.101251602172852,
      "heapTotal": 19.734375,
      "external": 2.1257922649383545
    }
  },
  "cpu": {
    "current": 0,
    "average": 5.138339920948616
  },
  "samples": {
    "count": 4,
    "duration": 3.028
  }
}

[90mstdout[2m | src/main/ResourceOptimization.integration.test.js[2m > [22m[2mResource Optimization Integration[2m > [22m[2mResource Summary[2m > [22m[2mshould provide comprehensive resource summary
[22m[39mResource monitoring stopped

[90mstdout[2m | src/main/ResourceOptimization.integration.test.js[2m > [22m[2mResource Optimization Integration[2m > [22m[2mGarbage Collection[2m > [22m[2mshould clear memory cache when requested
[22m[39mMemory cache cleared

 [32m✓[39m src/main/ResourceOptimization.integration.test.js [2m([22m[2m10 tests[22m[2m)[22m[33m 10968[2mms[22m[39m
       [33m[2m✓[22m[39m should stay within memory limits during document processing [33m 4495[2mms[22m[39m
       [33m[2m✓[22m[39m should maintain low CPU usage during idle [33m 3014[2mms[22m[39m
       [33m[2m✓[22m[39m should provide comprehensive resource summary [33m 3131[2mms[22m[39m
[90mstderr[2m | src/main/Application.e2e.test.js[2m > [22m[2mEnd-to-End Application Flow[2m > [22m[2mSession 
Statistics Tracking[2m > [22m[2mshould track correct answers and maintain streak
[22m[39mScare sequence already active

[90mstdout[2m | src/main/Application.e2e.test.js[2m > [22m[2mEnd-to-End Application Flow[2m > [22m[2mSession Statistics Tracking[2m > [22m[2mshould track correct answers and maintain streak
[22m[39mStage completed: shake
Transitioning to stage: darken
Stage completed: darken
Transitioning to stage: tunnel
Stage completed: tunnel
Transitioning to stage: jumpscare
Stage completed: jumpscare
Transitioning to stage: question
Showing question: undefined

[90mstdout[2m | src/main/Application.e2e.test.js[2m > [22m[2mEnd-to-End Application Flow[2m > [22m[2mSession Statistics Tracking[2m > [22m[2mshould track correct answers and maintain streak
[22m[39mAnswer submitted for question undefined: undefined
Answer correct

[90mstdout[2m | src/main/Application.e2e.test.js[2m > [22m[2mEnd-to-End Application Flow[2m > [22m[2mSession Statistics Tracking[2m > [22m[2mshould track correct answers and maintain streak
[22m[39mDestroying ScareController

[90mstdout[2m | src/main/Application.e2e.test.js[2m > [22m[2mEnd-to-End Application Flow[2m > [22m[2mSession Statistics Tracking[2m > [22m[2mshould reset streak on incorrect answer
[22m[39mStarting scare sequence
Transitioning to stage: shake

[90mstdout[2m | src/main/Application.e2e.test.js[2m > [22m[2mEnd-to-End Application Flow[2m > [22m[2mSession Statistics Tracking[2m > [22m[2mshould reset streak on incorrect answer
[22m[39mStage completed: shake
Transitioning to stage: darken
Stage completed: darken
Transitioning to stage: tunnel
Stage completed: tunnel
Transitioning to stage: jumpscare
Stage completed: jumpscare
Transitioning to stage: question
Showing question: undefined

[90mstdout[2m | src/main/Application.e2e.test.js[2m > [22m[2mEnd-to-End Application Flow[2m > [22m[2mSession Statistics Tracking[2m > [22m[2mshould reset streak on incorrect answer
[22m[39mAnswer submitted for question undefined: undefined
Answer correct

[90mstderr[2m | src/main/Application.e2e.test.js[2m > [22m[2mEnd-to-End Application Flow[2m > [22m[2mSession 
Statistics Tracking[2m > [22m[2mshould reset streak on incorrect answer
[22m[39mScare sequence already active

[90mstdout[2m | src/main/Application.e2e.test.js[2m > [22m[2mEnd-to-End Application Flow[2m > [22m[2mSession Statistics Tracking[2m > [22m[2mshould reset streak on incorrect answer
[22m[39mStage completed: shake
Transitioning to stage: darken
Stage completed: darken
Transitioning to stage: tunnel
Stage completed: tunnel
Transitioning to stage: jumpscare
Stage completed: jumpscare
Transitioning to stage: question
Showing question: undefined

[90mstdout[2m | src/main/Application.e2e.test.js[2m > [22m[2mEnd-to-End Application Flow[2m > [22m[2mSession Statistics Tracking[2m > [22m[2mshould reset streak on incorrect answer
[22m[39mAnswer submitted for question undefined: undefined
Answer correct

[90mstderr[2m | src/main/Application.e2e.test.js[2m > [22m[2mEnd-to-End Application Flow[2m > [22m[2mSession 
Statistics Tracking[2m > [22m[2mshould reset streak on incorrect answer
[22m[39mScare sequence already active

[90mstdout[2m | src/main/Application.e2e.test.js[2m > [22m[2mEnd-to-End Application Flow[2m > [22m[2mSession Statistics Tracking[2m > [22m[2mshould reset streak on incorrect answer
[22m[39mStage completed: shake
Transitioning to stage: darken
Stage completed: darken
Transitioning to stage: tunnel
Stage completed: tunnel
Transitioning to stage: jumpscare
Stage completed: jumpscare
Transitioning to stage: question
Showing question: undefined

[90mstdout[2m | src/main/Application.e2e.test.js[2m > [22m[2mEnd-to-End Application Flow[2m > [22m[2mSession Statistics Tracking[2m > [22m[2mshould reset streak on incorrect answer
[22m[39mDestroying ScareController

 [31m❯[39m src/main/Application.e2e.test.js [2m([22m[2m13 tests[22m[2m | [22m[31m6 failed[39m[2m)[22m[33m 16751[2mms[22m[39m
[31m       [31m×[31m should complete full flow: launch -> config -> document -> timer -> scare -> question -> answer[39m[33m 5053[2mms[22m[39m
[31m       [31m×[31m should handle incorrect answer and continue flow[39m[32m 63[2mms[22m[39m
       [32m✓[39m should handle ESC key cancellation during scare sequence[32m 10[2mms[22m[39m
[31m       [31m×[31m should handle multiple scare cycles without repeating questions[39m[33m 3224[2mms[22m[39m
       [32m✓[39m should validate and reject invalid documents[32m 6[2mms[22m[39m
       [32m✓[39m should remove documents and update configuration[32m 5[2mms[22m[39m
       [32m✓[39m should process multiple documents and generate questions from all[32m 9[2mms[22m[39m
       [32m✓[39m should persist configuration changes across sessions[32m 6[2mms[22m[39m
       [32m✓[39m should persist document list across sessions[32m 6[2mms[22m[39m
       [32m✓[39m should handle document processing errors gracefully[32m 56[2mms[22m[39m
[31m       [31m×[31m should handle running out of questions[39m[32m 63[2mms[22m[39m
[31m       [31m×[31m should track correct answers and maintain streak[39m[33m 5014[2mms[22m[39m
[31m       [31m×[31m should reset streak on incorrect answer[39m[33m 3233[2mms[22m[39m

[31m⎯⎯⎯⎯⎯⎯[39m[1m[41m Failed Suites 1 [49m[22m[31m⎯⎯⎯⎯⎯⎯⎯[39m

[41m[1m FAIL [22m[49m src/renderer/scare/question-display.test.js[2m [ src/renderer/scare/question-display.test.js 
][22m
[31m[1mError[22m: Vitest cannot be imported in a CommonJS module using require(). Please use "import" instead.

If you are using "import" in your source code, then it's possible it was bundled into require() automatically by your 
bundler. In that case, do not bundle CommonJS output since it will never work with Vitest, or use dynamic import() which 
is available in all CommonJS modules.[39m
[90m [2m❯[22m Object.<anonymous> node_modules/vitest/index.cjs:[2m1:7[22m[39m
[36m [2m❯[22m src/renderer/scare/question-display.test.js:[2m6:61[22m[39m
    [90m  4| [39m */[39m
    [90m  5| [39m
    [90m  6| [39mconst { describe, it, expect, beforeEach, afterEach, vi } = require('v…
    [90m   | [39m                                                            [31m^[39m
    [90m  7| [39m[35mconst[39m { [33mJSDOM[39m } [33m=[39m [34mrequire[39m([32m'jsdom'[39m)[33m;[39m
    [90m  8| [39m[35mconst[39m fs [33m=[39m [34mrequire[39m([32m'fs'[39m)[33m;[39m

[31m[2m⎯⎯⎯⎯⎯⎯⎯⎯⎯⎯⎯⎯⎯⎯⎯⎯⎯⎯⎯⎯⎯⎯⎯[1/96]⎯[22m[39m


[31m⎯⎯⎯⎯⎯⎯[39m[1m[41m Failed Tests 95 [49m[22m[31m⎯⎯⎯⎯⎯⎯⎯[39m

[41m[1m FAIL [22m[49m src/main/Application.e2e.test.js[2m > [22mEnd-to-End Application Flow[2m > [22mComplete 
Application Flow[2m > [22mshould complete full flow: launch -> config -> document -> timer -> scare -> question -> 
answer
[31m[1mError[22m: Test timed out in 5000ms.
If this is a long-running test, pass a timeout value as the last argument or configure it globally with 
"testTimeout".[39m
[36m [2m❯[22m src/main/Application.e2e.test.js:[2m328:7[22m[39m
    [90m326| [39m
    [90m327| [39m  [34mdescribe[39m([32m'Complete Application Flow'[39m[33m,[39m () [33m=>[39m {
    [90m328| [39m    it('should complete full flow: launch -> config -> document -> tim…
    [90m   | [39m      [31m^[39m
    [90m329| [39m      [35mconst[39m events [33m=[39m [][33m;[39m
    [90m330| [39m

[31m[2m⎯⎯⎯⎯⎯⎯⎯⎯⎯⎯⎯⎯⎯⎯⎯⎯⎯⎯⎯⎯⎯⎯⎯[2/96]⎯[22m[39m

[41m[1m FAIL [22m[49m src/main/Application.e2e.test.js[2m > [22mEnd-to-End Application Flow[2m > [22mComplete 
Application Flow[2m > [22mshould handle incorrect answer and continue flow
[31m[1mTypeError[22m: Cannot read properties of undefined (reading 'length')[39m
[36m [2m❯[22m src/main/Application.e2e.test.js:[2m518:89[22m[39m
    [90m516| [39m
    [90m517| [39m      [35mconst[39m currentQuestion [33m=[39m 
scareController[33m.[39m[34mgetCurrentQuestion[39m()[33m;[39m
    [90m518| [39m      const wrongAnswer = (currentQuestion.correctAnswer + 1) % curren…
    [90m   | [39m                                                                                        [31m^[39m
    [90m519| [39m
    [90m520| [39m      [90m// Submit wrong answer[39m

[31m[2m⎯⎯⎯⎯⎯⎯⎯⎯⎯⎯⎯⎯⎯⎯⎯⎯⎯⎯⎯⎯⎯⎯⎯[3/96]⎯[22m[39m

[41m[1m FAIL [22m[49m src/main/Application.e2e.test.js[2m > [22mEnd-to-End Application Flow[2m > [22mComplete 
Application Flow[2m > [22mshould handle multiple scare cycles without repeating questions
[31m[1mAssertionError[22m: expected undefined not to be undefined // Object.is equality[39m
[36m [2m❯[22m src/main/Application.e2e.test.js:[2m605:32[22m[39m
    [90m603| [39m      
    [90m604| [39m      [90m// Verify different question[39m
    [90m605| [39m      
[34mexpect[39m(question2[33m.[39mid)[33m.[39mnot[33m.[39m[34mtoBe[39m(question1[33m.[39mid)[33m;[39m
    [90m   | [39m                               [31m^[39m
    [90m606| [39m      [34mexpect[39m(shownQuestions[33m.[39m[34mhas[39m(question2[33m.[39mid))[33m.[39m[34mt
oBe[39m([35mfalse[39m)[33m;[39m
    [90m607| [39m

[31m[2m⎯⎯⎯⎯⎯⎯⎯⎯⎯⎯⎯⎯⎯⎯⎯⎯⎯⎯⎯⎯⎯⎯⎯[4/96]⎯[22m[39m

[41m[1m FAIL [22m[49m src/main/Application.e2e.test.js[2m > [22mEnd-to-End Application Flow[2m > [22mError 
Recovery[2m > [22mshould handle running out of questions
[31m[1mAssertionError[22m: expected "vi.fn()" to be called with arguments: [ Array(2) ][90m

Received: 

[1m  1st vi.fn() call:

[22m[2m  [[22m
[32m-   "question:show",[90m
[32m-   ObjectContaining {[90m
[32m-     "error": StringContaining "No questions available",[90m
[32m-   },[90m
[31m+   "start-shake",[90m
[2m  ][22m

[1m  2nd vi.fn() call:

[22m[2m  [[22m
[32m-   "question:show",[90m
[32m-   ObjectContaining {[90m
[32m-     "error": StringContaining "No questions available",[90m
[32m-   },[90m
[31m+   "start-darken",[90m
[2m  ][22m

[1m  3rd vi.fn() call:

[22m[2m  [[22m
[32m-   "question:show",[90m
[32m-   ObjectContaining {[90m
[32m-     "error": StringContaining "No questions available",[90m
[32m-   },[90m
[31m+   "start-tunnel",[90m
[2m  ][22m

[1m  4th vi.fn() call:

[22m[2m  [[22m
[32m-   "question:show",[90m
[32m-   ObjectContaining {[90m
[32m-     "error": StringContaining "No questions available",[90m
[32m-   },[90m
[31m+   "start-jumpscare",[90m
[2m  ][22m

[1m  5th vi.fn() call:

[22m[2m  [[22m
[2m    "question:show",[22m
[32m-   ObjectContaining {[90m
[32m-     "error": StringContaining "No questions available",[90m
[32m-   },[90m
[31m+   Promise {},[90m
[2m  ][22m
[31m[90m

Number of calls: [1m5[22m
[31m[39m
[36m [2m❯[22m src/main/Application.e2e.test.js:[2m748:44[22m[39m
    [90m746| [39m
    [90m747| [39m      [90m// Should show error message[39m
    [90m748| [39m      
[34mexpect[39m(scareWindow[33m.[39mwebContents[33m.[39msend)[33m.[39m[34mtoHaveBeenCalledWith[39m(
    [90m   | [39m                                           [31m^[39m
    [90m749| [39m        [33mIPC_CHANNELS[39m[33m.[39m[33mQUESTION_SHOW[39m[33m,[39m
    [90m750| [39m        expect[33m.[39m[34mobjectContaining[39m({

[31m[2m⎯⎯⎯⎯⎯⎯⎯⎯⎯⎯⎯⎯⎯⎯⎯⎯⎯⎯⎯⎯⎯⎯⎯[5/96]⎯[22m[39m

[41m[1m FAIL [22m[49m src/main/Application.e2e.test.js[2m > [22mEnd-to-End Application Flow[2m > [22mSession 
Statistics Tracking[2m > [22mshould track correct answers and maintain streak
[31m[1mError[22m: Test timed out in 5000ms.
If this is a long-running test, pass a timeout value as the last argument or configure it globally with 
"testTimeout".[39m
[36m [2m❯[22m src/main/Application.e2e.test.js:[2m758:7[22m[39m
    [90m756| [39m
    [90m757| [39m  [34mdescribe[39m([32m'Session Statistics Tracking'[39m[33m,[39m () [33m=>[39m {
    [90m758| [39m    it('should track correct answers and maintain streak', async () =>…
    [90m   | [39m      [31m^[39m
    [90m759| [39m      [35mawait[39m 
[34msimulateIPCCall[39m([33mIPC_CHANNELS[39m[33m.[39m[33mDOCUMENT_ADD[39m[33m,[39m testDocPath)[33m;[39m
    [90m760| [39m      [35mconst[39m documents [33m=[39m 
configManager[33m.[39m[35mget[39m([32m'documents'[39m)[33m;[39m

[31m[2m⎯⎯⎯⎯⎯⎯⎯⎯⎯⎯⎯⎯⎯⎯⎯⎯⎯⎯⎯⎯⎯⎯⎯[6/96]⎯[22m[39m

[41m[1m FAIL [22m[49m src/main/Application.e2e.test.js[2m > [22mEnd-to-End Application Flow[2m > [22mSession 
Statistics Tracking[2m > [22mshould reset streak on incorrect answer
[31m[1mTypeError[22m: Cannot read properties of undefined (reading 'length')[39m
[36m [2m❯[22m src/main/Application.e2e.test.js:[2m811:75[22m[39m
    [90m809| [39m
    [90m810| [39m      question [33m=[39m scareController[33m.[39m[34mgetCurrentQuestion[39m()[33m;[39m
    [90m811| [39m      const wrongAnswer = (question.correctAnswer + 1) % question.opti…
    [90m   | [39m                                                                          [31m^[39m
    [90m812| [39m      scareController[33m.[39m[34m_handleAnswerSubmit[39m(wrongAnswer)[33m;[39m
    [90m813| [39m      [35mawait[39m [35mnew[39m [33mPromise[39m(resolve [33m=>[39m 
[34msetTimeout[39m(resolve[33m,[39m [34m3100[39m))[33m;[39m

[31m[2m⎯⎯⎯⎯⎯⎯⎯⎯⎯⎯⎯⎯⎯⎯⎯⎯⎯⎯⎯⎯⎯⎯⎯[7/96]⎯[22m[39m

[41m[1m FAIL [22m[49m src/main/ConfigManager.test.js[2m > [22mConfigManager[2m > [22mload[2m > [22mshould load 
existing config from disk
[31m[1mError[22m: Failed to load config: Unexpected end of JSON input[39m
[36m [2m❯[22m ConfigManager.load src/main/ConfigManager.js:[2m81:13[22m[39m
    [90m 79| [39m        [35mreturn[39m [35mthis[39m[33m.[39mconfig[33m;[39m
    [90m 80| [39m      }
    [90m 81| [39m      [35mthrow[39m [35mnew[39m [33mError[39m([32m`Failed to load config: 
[39m[36m${[39merror[33m.[39mmessage[36m}[39m[32m`[39m)[33m;[39m
    [90m   | [39m            [31m^[39m
    [90m 82| [39m    }
    [90m 83| [39m  }
[90m [2m❯[22m src/main/ConfigManager.test.js:[2m80:22[22m[39m

[31m[2m⎯⎯⎯⎯⎯⎯⎯⎯⎯⎯⎯⎯⎯⎯⎯⎯⎯⎯⎯⎯⎯⎯⎯[8/96]⎯[22m[39m

[41m[1m FAIL [22m[49m src/main/ConfigManager.test.js[2m > [22mConfigManager[2m > [22mload[2m > [22mshould merge 
loaded config with defaults for missing properties
[31m[1mAssertionError[22m: expected 60 to be 45 // Object.is equality[39m

[32m- Expected[39m
[31m+ Received[39m

[32m- 45[39m
[31m+ 60[39m

[36m [2m❯[22m src/main/ConfigManager.test.js:[2m100:31[22m[39m
    [90m 98| [39m      [35mconst[39m config [33m=[39m [35mawait[39m 
configManager[33m.[39m[34mload[39m()[33m;[39m
    [90m 99| [39m      
    [90m100| [39m      [34mexpect[39m(config[33m.[39minterval)[33m.[39m[34mtoBe[39m([34m45[39m)[33m;[39m
    [90m   | [39m                              [31m^[39m
    [90m101| [39m      [34mexpect[39m(config[33m.[39mdocuments)[33m.[39m[34mtoEqual[39m([])[33m;[39m
    [90m102| [39m      
[34mexpect[39m(config[33m.[39maudioEnabled)[33m.[39m[34mtoBe[39m([35mtrue[39m)[33m;[39m

[31m[2m⎯⎯⎯⎯⎯⎯⎯⎯⎯⎯⎯⎯⎯⎯⎯⎯⎯⎯⎯⎯⎯⎯⎯[9/96]⎯[22m[39m

[41m[1m FAIL [22m[49m src/main/ConfigManager.test.js[2m > [22mConfigManager[2m > [22msave[2m > [22mshould save 
config to disk
[31m[1mAssertionError[22m: expected 60 to be 45 // Object.is equality[39m

[32m- Expected[39m
[31m+ Received[39m

[32m- 45[39m
[31m+ 60[39m

[36m [2m❯[22m src/main/ConfigManager.test.js:[2m132:36[22m[39m
    [90m130| [39m      [35mconst[39m savedConfig [33m=[39m 
[33mJSON[39m[33m.[39m[34mparse[39m(fileContent)[33m;[39m
    [90m131| [39m      
    [90m132| [39m      
[34mexpect[39m(savedConfig[33m.[39minterval)[33m.[39m[34mtoBe[39m([34m45[39m)[33m;[39m
    [90m   | [39m                                   [31m^[39m
    [90m133| [39m      
[34mexpect[39m(savedConfig[33m.[39mdocuments)[33m.[39m[34mtoEqual[39m([[32m'/test/doc.pdf'[39m])[33m;[39m
    [90m134| [39m      
[34mexpect[39m(savedConfig[33m.[39mdifficulty)[33m.[39m[34mtoBe[39m([32m'easy'[39m)[33m;[39m

[31m[2m⎯⎯⎯⎯⎯⎯⎯⎯⎯⎯⎯⎯⎯⎯⎯⎯⎯⎯⎯⎯⎯⎯[10/96]⎯[22m[39m

[41m[1m FAIL [22m[49m src/main/ConfigManager.test.js[2m > [22mConfigManager[2m > [22msave[2m > [22mshould 
format JSON with indentation
[31m[1mAssertionError[22m: expected '' to contain '\n'[39m

[32m- Expected[39m
[31m+ Received[39m

[32m-[39m
[32m-[39m

[36m [2m❯[22m src/main/ConfigManager.test.js:[2m192:27[22m[39m
    [90m190| [39m      
    [90m191| [39m      [35mconst[39m fileContent [33m=[39m [35mawait[39m 
fs[33m.[39m[34mreadFile[39m(testConfigPath[33m,[39m [32m'utf8'[39m)[33m;[39m
    [90m192| [39m      [34mexpect[39m(fileContent)[33m.[39m[34mtoContain[39m([32m'\n'[39m)[33m;[39m
    [90m   | [39m                          [31m^[39m
    [90m193| [39m      [34mexpect[39m(fileContent)[33m.[39m[34mtoContain[39m([32m'  '[39m)[33m;[39m
    [90m194| [39m    })[33m;[39m

[31m[2m⎯⎯⎯⎯⎯⎯⎯⎯⎯⎯⎯⎯⎯⎯⎯⎯⎯⎯⎯⎯⎯⎯[11/96]⎯[22m[39m

[41m[1m FAIL [22m[49m src/main/ConfigManager.test.js[2m > [22mConfigManager[2m > [22mset[2m > [22mshould set 
specific config value and save
[31m[1mAssertionError[22m: expected 45 to be 60 // Object.is equality[39m

[32m- Expected[39m
[31m+ Received[39m

[32m- 60[39m
[31m+ 45[39m

[36m [2m❯[22m src/main/ConfigManager.test.js:[2m223:36[22m[39m
    [90m221| [39m      [35mconst[39m fileContent [33m=[39m [35mawait[39m 
fs[33m.[39m[34mreadFile[39m(testConfigPath[33m,[39m [32m'utf8'[39m)[33m;[39m
    [90m222| [39m      [35mconst[39m savedConfig [33m=[39m 
[33mJSON[39m[33m.[39m[34mparse[39m(fileContent)[33m;[39m
    [90m223| [39m      
[34mexpect[39m(savedConfig[33m.[39minterval)[33m.[39m[34mtoBe[39m([34m60[39m)[33m;[39m
    [90m   | [39m                                   [31m^[39m
    [90m224| [39m    })[33m;[39m
    [90m225| [39m

[31m[2m⎯⎯⎯⎯⎯⎯⎯⎯⎯⎯⎯⎯⎯⎯⎯⎯⎯⎯⎯⎯⎯⎯[12/96]⎯[22m[39m

[41m[1m FAIL [22m[49m src/main/DocumentErrorHandlingIntegration.test.js[2m > [22mDocument Error Handling 
Integration[2m > [22mError Reporting[2m > [22mshould provide detailed error information for each failed document
[31m[1mAssertionError[22m: expected 2 to be 3 // Object.is equality[39m

[32m- Expected[39m
[31m+ Received[39m

[32m- 3[39m
[31m+ 2[39m

[36m [2m❯[22m src/main/DocumentErrorHandlingIntegration.test.js:[2m120:36[22m[39m
    [90m118| [39m      [35mconst[39m result [33m=[39m [35mawait[39m 
documentProcessor[33m.[39m[34mprocessAllDocuments[39m(docs)[33m;[39m
    [90m119| [39m
    [90m120| [39m      
[34mexpect[39m(result[33m.[39merrors[33m.[39mlength)[33m.[39m[34mtoBe[39m([34m3[39m)[33m;[39m
    [90m   | [39m                                   [31m^[39m
    [90m121| [39m
    [90m122| [39m      [90m// Check that each error has required fields[39m

[31m[2m⎯⎯⎯⎯⎯⎯⎯⎯⎯⎯⎯⎯⎯⎯⎯⎯⎯⎯⎯⎯⎯⎯[13/96]⎯[22m[39m

[41m[1m FAIL [22m[49m src/main/DocumentProcessor.integration.test.js[2m > [22mDocumentProcessor - Integration 
Tests[2m > [22mprocessAllDocuments[2m > [22mshould aggregate errors for failed documents
[31m[1mAssertionError[22m: expected 'File not found: missing.txt' to contain 'does not exist'[39m

Expected: [32m"[7mdoes[27m not [7mexis[27mt"[39m
Received: [31m"[7mFile[27m not [7mfound: missing.tx[27mt"[39m

[36m [2m❯[22m src/main/DocumentProcessor.integration.test.js:[2m108:38[22m[39m
    [90m106| [39m      [90m// Check error details[39m
    [90m107| [39m      [34mexpect[39m(result[33m.[39merrors[[34m0[39m][33m.[39mfilePath)[33m.[39m[34mtoBe[39
m(testFiles[33m.[39mmissing)[33m;[39m
    [90m108| [39m      
[34mexpect[39m(result[33m.[39merrors[[34m0[39m][33m.[39merror)[33m.[39m[34mtoContain[39m([32m'does not 
exist'[39m)[33m;[39m
    [90m   | [39m                                     [31m^[39m
    [90m109| [39m    })[33m;[39m
    [90m110| [39m

[31m[2m⎯⎯⎯⎯⎯⎯⎯⎯⎯⎯⎯⎯⎯⎯⎯⎯⎯⎯⎯⎯⎯⎯[14/96]⎯[22m[39m

[41m[1m FAIL [22m[49m src/main/DocumentProcessor.test.js[2m > [22mDocumentProcessor[2m > [22mvalidateDocument[2m 
> [22mshould reject file exceeding size limit
[31m[1mAssertionError[22m: expected 'File does not exist: C:\dev\Kiloween\…' to contain 'exceeds maximum allowed 
size'[39m

Expected: [32m"exceeds maximum allowed size"[39m
Received: [31m"File does not exist: C:\dev\Kiloween\test-data\test.pdf"[39m

[36m [2m❯[22m src/main/DocumentProcessor.test.js:[2m133:28[22m[39m
    [90m131| [39m      const result = await smallProcessor.validateDocument(testFiles.v…
    [90m132| [39m      [34mexpect[39m(result[33m.[39mvalid)[33m.[39m[34mtoBe[39m([35mfalse[39m)[33m;[39m
    [90m133| [39m      [34mexpect[39m(result[33m.[39merror)[33m.[39m[34mtoContain[39m([32m'exceeds maximum 
allowed size'[39m)[33m;[39m
    [90m   | [39m                           [31m^[39m
    [90m134| [39m    })[33m;[39m
    [90m135| [39m

[31m[2m⎯⎯⎯⎯⎯⎯⎯⎯⎯⎯⎯⎯⎯⎯⎯⎯⎯⎯⎯⎯⎯⎯[15/96]⎯[22m[39m

[41m[1m FAIL [22m[49m src/main/DocumentProcessor.test.js[2m > [22mDocumentProcessor[2m > [22mvalidateDocument[2m 
> [22mshould accept empty file
[31m[1mAssertionError[22m: expected false to be true // Object.is equality[39m

[32m- Expected[39m
[31m+ Received[39m

[32m- true[39m
[31m+ false[39m

[36m [2m❯[22m src/main/DocumentProcessor.test.js:[2m143:28[22m[39m
    [90m141| [39m    [34mit[39m([32m'should accept empty file'[39m[33m,[39m [35masync[39m () [33m=>[39m {
    [90m142| [39m      const result = await processor.validateDocument(testFiles.emptyF…
    [90m143| [39m      [34mexpect[39m(result[33m.[39mvalid)[33m.[39m[34mtoBe[39m([35mtrue[39m)[33m;[39m
    [90m   | [39m                           [31m^[39m
    [90m144| [39m      
[34mexpect[39m(result[33m.[39mmetadata[33m.[39msize)[33m.[39m[34mtoBe[39m([34m0[39m)[33m;[39m
    [90m145| [39m    })[33m;[39m

[31m[2m⎯⎯⎯⎯⎯⎯⎯⎯⎯⎯⎯⎯⎯⎯⎯⎯⎯⎯⎯⎯⎯⎯[16/96]⎯[22m[39m

[41m[1m FAIL [22m[49m src/main/DocumentProcessor.test.js[2m > [22mDocumentProcessor[2m > [22mPDF Processing[2m > 
[22mprocessPDF[2m > [22mshould throw error for non-existent file
[31m[1mAssertionError[22m: expected [Function] to throw error matching /does not exist/i but got 'File not found: 
nonexistent.pdf'[39m

[32m- Expected:[39m 
/does not exist/i

[31m+ Received:[39m 
"File not found: nonexistent.pdf"

[36m [2m❯[22m src/main/DocumentProcessor.test.js:[2m415:9[22m[39m
    [90m413| [39m      [34mit[39m([32m'should throw error for non-existent file'[39m[33m,[39m [35masync[39m () 
[33m=>[39m {
    [90m414| [39m        [35mconst[39m nonExistent [33m=[39m path[33m.[39m[34mjoin[39m(testDir[33m,[39m 
[32m'nonexistent.pdf'[39m)[33m;[39m
    [90m415| [39m        [35mawait[39m [34mexpect[39m(processor[33m.[39m[34mprocessPDF[39m(nonExistent))
    [90m   | [39m        [31m^[39m
    [90m416| [39m          [33m.[39mrejects[33m.[39m[34mtoThrow[39m([36m/does not exist/i[39m)[33m;[39m
    [90m417| [39m      })[33m;[39m

[31m[2m⎯⎯⎯⎯⎯⎯⎯⎯⎯⎯⎯⎯⎯⎯⎯⎯⎯⎯⎯⎯⎯⎯[17/96]⎯[22m[39m

[41m[1m FAIL [22m[49m src/main/DocumentProcessor.test.js[2m > [22mDocumentProcessor[2m > [22mPDF Processing[2m > 
[22mintegration with validation[2m > [22mshould validate before processing
[31m[1mAssertionError[22m: expected [Function] to throw error matching /does not exist/i but got 'File not found: 
nonexistent.pdf'[39m

[32m- Expected:[39m 
/does not exist/i

[31m+ Received:[39m 
"File not found: nonexistent.pdf"

[36m [2m❯[22m src/main/DocumentProcessor.test.js:[2m500:9[22m[39m
    [90m498| [39m        [35mconst[39m nonExistent [33m=[39m path[33m.[39m[34mjoin[39m(testDir[33m,[39m 
[32m'nonexistent.pdf'[39m)[33m;[39m
    [90m499| [39m        
    [90m500| [39m        [35mawait[39m [34mexpect[39m(processor[33m.[39m[34mprocessPDF[39m(nonExistent))
    [90m   | [39m        [31m^[39m
    [90m501| [39m          [33m.[39mrejects[33m.[39m[34mtoThrow[39m([36m/does not exist/i[39m)[33m;[39m
    [90m502| [39m      })[33m;[39m

[31m[2m⎯⎯⎯⎯⎯⎯⎯⎯⎯⎯⎯⎯⎯⎯⎯⎯⎯⎯⎯⎯⎯⎯[18/96]⎯[22m[39m

[41m[1m FAIL [22m[49m src/main/DocumentProcessor.test.js[2m > [22mDocumentProcessor[2m > [22mPDF Processing[2m > 
[22mintegration with validation[2m > [22mshould reject files exceeding size limit
[31m[1mAssertionError[22m: expected [Function] to throw error matching /exceeds maximum allowed size/i but got 'File 
is too large (0.00MB). Maximum s…'[39m

[32m- Expected:[39m 
/exceeds maximum allowed size/i

[31m+ Received:[39m 
"File is too large (0.00MB). Maximum size is 0.00MB."

[36m [2m❯[22m src/main/DocumentProcessor.test.js:[2m508:9[22m[39m
    [90m506| [39m        
    [90m507| [39m        [90m// Use a valid PDF file that exceeds the size limit[39m
    [90m508| [39m        [35mawait[39m 
[34mexpect[39m(smallProcessor[33m.[39m[34mprocessPDF[39m(testFiles[33m.[39mvalidPdf))
    [90m   | [39m        [31m^[39m
    [90m509| [39m          [33m.[39mrejects[33m.[39m[34mtoThrow[39m([36m/exceeds maximum allowed 
size/i[39m)[33m;[39m
    [90m510| [39m      })[33m;[39m

[31m[2m⎯⎯⎯⎯⎯⎯⎯⎯⎯⎯⎯⎯⎯⎯⎯⎯⎯⎯⎯⎯⎯⎯[19/96]⎯[22m[39m

[41m[1m FAIL [22m[49m src/main/DocumentProcessor.test.js[2m > [22mDocumentProcessor[2m > [22mDOCX Processing[2m 
> [22mprocessDOCX[2m > [22mshould throw error for non-existent file
[31m[1mAssertionError[22m: expected [Function] to throw error matching /does not exist/i but got 'File not found: 
nonexistent.docx'[39m

[32m- Expected:[39m 
/does not exist/i

[31m+ Received:[39m 
"File not found: nonexistent.docx"

[36m [2m❯[22m src/main/DocumentProcessor.test.js:[2m558:9[22m[39m
    [90m556| [39m      [34mit[39m([32m'should throw error for non-existent file'[39m[33m,[39m [35masync[39m () 
[33m=>[39m {
    [90m557| [39m        [35mconst[39m nonExistent [33m=[39m path[33m.[39m[34mjoin[39m(testDir[33m,[39m 
[32m'nonexistent.docx'[39m)[33m;[39m
    [90m558| [39m        [35mawait[39m [34mexpect[39m(processor[33m.[39m[34mprocessDOCX[39m(nonExistent))
    [90m   | [39m        [31m^[39m
    [90m559| [39m          [33m.[39mrejects[33m.[39m[34mtoThrow[39m([36m/does not exist/i[39m)[33m;[39m
    [90m560| [39m      })[33m;[39m

[31m[2m⎯⎯⎯⎯⎯⎯⎯⎯⎯⎯⎯⎯⎯⎯⎯⎯⎯⎯⎯⎯⎯⎯[20/96]⎯[22m[39m

[41m[1m FAIL [22m[49m src/main/DocumentProcessor.test.js[2m > [22mDocumentProcessor[2m > [22mDOCX Processing[2m 
> [22mprocessDOCX[2m > [22mshould throw error for empty DOCX file
[31m[1mAssertionError[22m: expected [Function] to throw error matching /corrupted|invalid|Failed to parse DO…/i but 
got 'File is empty and cannot be processed'[39m

[32m- Expected:[39m 
/corrupted|invalid|Failed to parse DOCX/i

[31m+ Received:[39m 
"File is empty and cannot be processed"

[36m [2m❯[22m src/main/DocumentProcessor.test.js:[2m568:9[22m[39m
    [90m566| [39m
    [90m567| [39m      [34mit[39m([32m'should throw error for empty DOCX file'[39m[33m,[39m [35masync[39m () 
[33m=>[39m {
    [90m568| [39m        [35mawait[39m 
[34mexpect[39m(processor[33m.[39m[34mprocessDOCX[39m(docxFiles[33m.[39mempty))
    [90m   | [39m        [31m^[39m
    [90m569| [39m          [33m.[39mrejects[33m.[39m[34mtoThrow[39m([36m/corrupted|invalid|Failed to parse 
DOCX/i[39m)[33m;[39m
    [90m570| [39m      })[33m;[39m

[31m[2m⎯⎯⎯⎯⎯⎯⎯⎯⎯⎯⎯⎯⎯⎯⎯⎯⎯⎯⎯⎯⎯⎯[21/96]⎯[22m[39m

[41m[1m FAIL [22m[49m src/main/DocumentProcessor.test.js[2m > [22mDocumentProcessor[2m > [22mDOCX Processing[2m 
> [22mintegration with validation[2m > [22mshould validate before processing DOCX
[31m[1mAssertionError[22m: expected [Function] to throw error matching /does not exist/i but got 'File not found: 
nonexistent.docx'[39m

[32m- Expected:[39m 
/does not exist/i

[31m+ Received:[39m 
"File not found: nonexistent.docx"

[36m [2m❯[22m src/main/DocumentProcessor.test.js:[2m621:9[22m[39m
    [90m619| [39m        [35mconst[39m nonExistent [33m=[39m path[33m.[39m[34mjoin[39m(testDir[33m,[39m 
[32m'nonexistent.docx'[39m)[33m;[39m
    [90m620| [39m        
    [90m621| [39m        [35mawait[39m [34mexpect[39m(processor[33m.[39m[34mprocessDOCX[39m(nonExistent))
    [90m   | [39m        [31m^[39m
    [90m622| [39m          [33m.[39mrejects[33m.[39m[34mtoThrow[39m([36m/does not exist/i[39m)[33m;[39m
    [90m623| [39m      })[33m;[39m

[31m[2m⎯⎯⎯⎯⎯⎯⎯⎯⎯⎯⎯⎯⎯⎯⎯⎯⎯⎯⎯⎯⎯⎯[22/96]⎯[22m[39m

[41m[1m FAIL [22m[49m src/main/DocumentProcessor.test.js[2m > [22mDocumentProcessor[2m > [22mDOCX Processing[2m 
> [22mintegration with validation[2m > [22mshould reject DOCX files exceeding size limit
[31m[1mAssertionError[22m: expected [Function] to throw error matching /exceeds maximum allowed size/i but got 'File 
is too large (0.00MB). Maximum s…'[39m

[32m- Expected:[39m 
/exceeds maximum allowed size/i

[31m+ Received:[39m 
"File is too large (0.00MB). Maximum size is 0.00MB."

[36m [2m❯[22m src/main/DocumentProcessor.test.js:[2m628:9[22m[39m
    [90m626| [39m        const smallProcessor = new DocumentProcessor({ maxFileSize: 10…
    [90m627| [39m        
    [90m628| [39m        [35mawait[39m 
[34mexpect[39m(smallProcessor[33m.[39m[34mprocessDOCX[39m(testFiles[33m.[39mvalidDocx))
    [90m   | [39m        [31m^[39m
    [90m629| [39m          [33m.[39mrejects[33m.[39m[34mtoThrow[39m([36m/exceeds maximum allowed 
size/i[39m)[33m;[39m
    [90m630| [39m      })[33m;[39m

[31m[2m⎯⎯⎯⎯⎯⎯⎯⎯⎯⎯⎯⎯⎯⎯⎯⎯⎯⎯⎯⎯⎯⎯[23/96]⎯[22m[39m

[41m[1m FAIL [22m[49m src/main/DocumentProcessor.test.js[2m > [22mDocumentProcessor[2m > [22mDOCX Processing with 
Real Files[2m > [22mprocessDOCX with valid files[2m > [22mshould process biology notes DOCX
[31m[1mError[22m: File not found: biology-notes.docx[39m
[36m [2m❯[22m DocumentProcessor.processDOCX src/main/DocumentProcessor.js:[2m377:23[22m[39m
    [90m375| [39m      [35mconst[39m validation [33m=[39m [35mawait[39m 
[35mthis[39m[33m.[39m[34mvalidateDocument[39m(filePath)[33m;[39m
    [90m376| [39m      [35mif[39m ([33m![39mvalidation[33m.[39mvalid) {
    [90m377| [39m        const error = new Error(validation.userFriendlyError || valida…
    [90m   | [39m                      [31m^[39m
    [90m378| [39m        error[33m.[39muserFriendly [33m=[39m validation[33m.[39muserFriendlyError[33m;[39m
    [90m379| [39m        [35mthrow[39m error[33m;[39m
[90m [2m❯[22m src/main/DocumentProcessor.test.js:[2m698:24[22m[39m

[31m[2m⎯⎯⎯⎯⎯⎯⎯⎯⎯⎯⎯⎯⎯⎯⎯⎯⎯⎯⎯⎯⎯⎯[24/96]⎯[22m[39m

[41m[1m FAIL [22m[49m src/main/DocumentProcessor.test.js[2m > [22mDocumentProcessor[2m > [22mDOCX Processing with 
Real Files[2m > [22mprocessDOCX with valid files[2m > [22mshould extract full text content
[31m[1mError[22m: File not found: biology-notes.docx[39m
[36m [2m❯[22m DocumentProcessor.processDOCX src/main/DocumentProcessor.js:[2m377:23[22m[39m
    [90m375| [39m      [35mconst[39m validation [33m=[39m [35mawait[39m 
[35mthis[39m[33m.[39m[34mvalidateDocument[39m(filePath)[33m;[39m
    [90m376| [39m      [35mif[39m ([33m![39mvalidation[33m.[39mvalid) {
    [90m377| [39m        const error = new Error(validation.userFriendlyError || valida…
    [90m   | [39m                      [31m^[39m
    [90m378| [39m        error[33m.[39muserFriendly [33m=[39m validation[33m.[39muserFriendlyError[33m;[39m
    [90m379| [39m        [35mthrow[39m error[33m;[39m
[90m [2m❯[22m src/main/DocumentProcessor.test.js:[2m707:24[22m[39m

[31m[2m⎯⎯⎯⎯⎯⎯⎯⎯⎯⎯⎯⎯⎯⎯⎯⎯⎯⎯⎯⎯⎯⎯[25/96]⎯[22m[39m

[41m[1m FAIL [22m[49m src/main/DocumentProcessor.test.js[2m > [22mDocumentProcessor[2m > [22mDOCX Processing with 
Real Files[2m > [22mprocessDOCX with valid files[2m > [22mshould handle DOCX with special characters
[31m[1mError[22m: File not found: biology-notes.docx[39m
[36m [2m❯[22m DocumentProcessor.processDOCX src/main/DocumentProcessor.js:[2m377:23[22m[39m
    [90m375| [39m      [35mconst[39m validation [33m=[39m [35mawait[39m 
[35mthis[39m[33m.[39m[34mvalidateDocument[39m(filePath)[33m;[39m
    [90m376| [39m      [35mif[39m ([33m![39mvalidation[33m.[39mvalid) {
    [90m377| [39m        const error = new Error(validation.userFriendlyError || valida…
    [90m   | [39m                      [31m^[39m
    [90m378| [39m        error[33m.[39muserFriendly [33m=[39m validation[33m.[39muserFriendlyError[33m;[39m
    [90m379| [39m        [35mthrow[39m error[33m;[39m
[90m [2m❯[22m src/main/DocumentProcessor.test.js:[2m716:24[22m[39m

[31m[2m⎯⎯⎯⎯⎯⎯⎯⎯⎯⎯⎯⎯⎯⎯⎯⎯⎯⎯⎯⎯⎯⎯[26/96]⎯[22m[39m

[41m[1m FAIL [22m[49m src/main/DocumentProcessor.test.js[2m > [22mDocumentProcessor[2m > [22mDOCX Processing with 
Real Files[2m > [22mprocessDocument with real DOCX files[2m > [22mshould process multiple DOCX files
[31m[1mAssertionError[22m: expected [ { …(3) } ] to have a length of 2 but got 1[39m

[32m- Expected[39m
[31m+ Received[39m

[32m- 2[39m
[31m+ 1[39m

[36m [2m❯[22m src/main/DocumentProcessor.test.js:[2m735:34[22m[39m
    [90m733| [39m        const result = await processor.processAllDocuments([sampleDocx…
    [90m734| [39m        
    [90m735| [39m        
[34mexpect[39m(result[33m.[39mdocuments)[33m.[39m[34mtoHaveLength[39m([34m2[39m)[33m;[39m
    [90m   | [39m                                 [31m^[39m
    [90m736| [39m        [34mexpect[39m(result[33m.[39mdocuments[[34m0[39m][33m.[39mcontent)[33m.[39m[34mtoCo
ntain[39m([32m'sample'[39m)[33m;[39m
    [90m737| [39m        [34mexpect[39m(result[33m.[39mdocuments[[34m1[39m][33m.[39mcontent)[33m.[39m[34mtoCo
ntain[39m([32m'Mitochondria'[39m)[33m;[39m

[31m[2m⎯⎯⎯⎯⎯⎯⎯⎯⎯⎯⎯⎯⎯⎯⎯⎯⎯⎯⎯⎯⎯⎯[27/96]⎯[22m[39m

[41m[1m FAIL [22m[49m src/main/DocumentProcessor.test.js[2m > [22mDocumentProcessor[2m > [22mDOCX Processing with 
Real Files[2m > [22medge cases with real files[2m > [22mshould handle DOCX with empty content gracefully
[31m[1mError[22m: Cannot find module '../../test-data/create-test-docx'
Require stack:
- C:\dev\Kiloween\src\main\DocumentProcessor.test.js[39m
[36m [2m❯[22m src/main/DocumentProcessor.test.js:[2m744:36[22m[39m
    [90m742| [39m      it('should handle DOCX with empty content gracefully', async () …
    [90m743| [39m        [90m// Create a minimal DOCX with no text[39m
    [90m744| [39m        const { createTestDocx } = require('../../test-data/create-tes…
    [90m   | [39m                                   [31m^[39m
    [90m745| [39m        const emptyContentDocx = path.join(testDir, 'empty-content.doc…
    [90m746| [39m        

[31m[2m⎯⎯⎯⎯⎯⎯⎯⎯⎯⎯⎯⎯⎯⎯⎯⎯⎯⎯⎯⎯⎯⎯[28/96]⎯[22m[39m

[41m[1m FAIL [22m[49m src/main/DocumentProcessor.test.js[2m > [22mDocumentProcessor[2m > [22mDOCX Processing with 
Real Files[2m > [22medge cases with real files[2m > [22mshould handle DOCX with only whitespace
[31m[1mError[22m: Cannot find module '../../test-data/create-test-docx'
Require stack:
- C:\dev\Kiloween\src\main\DocumentProcessor.test.js[39m
[36m [2m❯[22m src/main/DocumentProcessor.test.js:[2m759:36[22m[39m
    [90m757| [39m
    [90m758| [39m      [34mit[39m([32m'should handle DOCX with only whitespace'[39m[33m,[39m [35masync[39m () 
[33m=>[39m {
    [90m759| [39m        const { createTestDocx } = require('../../test-data/create-tes…
    [90m   | [39m                                   [31m^[39m
    [90m760| [39m        [35mconst[39m whitespaceDocx [33m=[39m path[33m.[39m[34mjoin[39m(testDir[33m,[39m 
[32m'whitespace.docx'[39m)[33m;[39m
    [90m761| [39m        

[31m[2m⎯⎯⎯⎯⎯⎯⎯⎯⎯⎯⎯⎯⎯⎯⎯⎯⎯⎯⎯⎯⎯⎯[29/96]⎯[22m[39m

[41m[1m FAIL [22m[49m src/main/DocumentProcessor.test.js[2m > [22mDocumentProcessor[2m > [22mDOCX Processing with 
Real Files[2m > [22medge cases with real files[2m > [22mshould handle DOCX with very long content
[31m[1mError[22m: Cannot find module '../../test-data/create-test-docx'
Require stack:
- C:\dev\Kiloween\src\main\DocumentProcessor.test.js[39m
[36m [2m❯[22m src/main/DocumentProcessor.test.js:[2m772:36[22m[39m
    [90m770| [39m
    [90m771| [39m      [34mit[39m([32m'should handle DOCX with very long content'[39m[33m,[39m [35masync[39m () 
[33m=>[39m {
    [90m772| [39m        const { createTestDocx } = require('../../test-data/create-tes…
    [90m   | [39m                                   [31m^[39m
    [90m773| [39m        [35mconst[39m longDocx [33m=[39m path[33m.[39m[34mjoin[39m(testDir[33m,[39m 
[32m'long-content.docx'[39m)[33m;[39m
    [90m774| [39m        

[31m[2m⎯⎯⎯⎯⎯⎯⎯⎯⎯⎯⎯⎯⎯⎯⎯⎯⎯⎯⎯⎯⎯⎯[30/96]⎯[22m[39m

[41m[1m FAIL [22m[49m src/main/DocumentProcessor.test.js[2m > [22mMarkdown Processing[2m > 
[22mprocessMarkdown[2m > [22mshould handle empty markdown file
[31m[1mError[22m: File is empty and cannot be processed[39m
[36m [2m❯[22m DocumentProcessor.processMarkdown src/main/DocumentProcessor.js:[2m474:23[22m[39m
    [90m472| [39m      [35mconst[39m validation [33m=[39m [35mawait[39m 
[35mthis[39m[33m.[39m[34mvalidateDocument[39m(filePath)[33m;[39m
    [90m473| [39m      [35mif[39m ([33m![39mvalidation[33m.[39mvalid) {
    [90m474| [39m        const error = new Error(validation.userFriendlyError || valida…
    [90m   | [39m                      [31m^[39m
    [90m475| [39m        error[33m.[39muserFriendly [33m=[39m validation[33m.[39muserFriendlyError[33m;[39m
    [90m476| [39m        [35mthrow[39m error[33m;[39m
[90m [2m❯[22m src/main/DocumentProcessor.test.js:[2m911:24[22m[39m

[31m[2m⎯⎯⎯⎯⎯⎯⎯⎯⎯⎯⎯⎯⎯⎯⎯⎯⎯⎯⎯⎯⎯⎯[31/96]⎯[22m[39m

[41m[1m FAIL [22m[49m src/main/DocumentProcessor.test.js[2m > [22mMarkdown Processing[2m > 
[22mprocessMarkdown[2m > [22mshould throw error for non-existent file
[31m[1mAssertionError[22m: expected [Function] to throw error matching /does not exist/i but got 'File not found: 
nonexistent.md'[39m

[32m- Expected:[39m 
/does not exist/i

[31m+ Received:[39m 
"File not found: nonexistent.md"

[36m [2m❯[22m src/main/DocumentProcessor.test.js:[2m937:9[22m[39m
    [90m935| [39m      [34mit[39m([32m'should throw error for non-existent file'[39m[33m,[39m [35masync[39m () 
[33m=>[39m {
    [90m936| [39m        [35mconst[39m nonExistent [33m=[39m path[33m.[39m[34mjoin[39m(mdTestDir[33m,[39m 
[32m'nonexistent.md'[39m)[33m;[39m
    [90m937| [39m        [35mawait[39m [34mexpect[39m(mdProcessor[33m.[39m[34mprocessMarkdown[39m(nonExistent))
    [90m   | [39m        [31m^[39m
    [90m938| [39m          [33m.[39mrejects[33m.[39m[34mtoThrow[39m([36m/does not exist/i[39m)[33m;[39m
    [90m939| [39m      })[33m;[39m

[31m[2m⎯⎯⎯⎯⎯⎯⎯⎯⎯⎯⎯⎯⎯⎯⎯⎯⎯⎯⎯⎯⎯⎯[32/96]⎯[22m[39m

[41m[1m FAIL [22m[49m src/main/DocumentProcessor.test.js[2m > [22mText File Processing[2m > [22mprocessText[2m > 
[22mshould handle empty text file
[31m[1mError[22m: File is empty and cannot be processed[39m
[36m [2m❯[22m DocumentProcessor.processText src/main/DocumentProcessor.js:[2m577:23[22m[39m
    [90m575| [39m      [35mconst[39m validation [33m=[39m [35mawait[39m 
[35mthis[39m[33m.[39m[34mvalidateDocument[39m(filePath)[33m;[39m
    [90m576| [39m      [35mif[39m ([33m![39mvalidation[33m.[39mvalid) {
    [90m577| [39m        const error = new Error(validation.userFriendlyError || valida…
    [90m   | [39m                      [31m^[39m
    [90m578| [39m        error[33m.[39muserFriendly [33m=[39m validation[33m.[39muserFriendlyError[33m;[39m
    [90m579| [39m        [35mthrow[39m error[33m;[39m
[90m [2m❯[22m src/main/DocumentProcessor.test.js:[2m1105:24[22m[39m

[31m[2m⎯⎯⎯⎯⎯⎯⎯⎯⎯⎯⎯⎯⎯⎯⎯⎯⎯⎯⎯⎯⎯⎯[33/96]⎯[22m[39m

[41m[1m FAIL [22m[49m src/main/DocumentProcessor.test.js[2m > [22mText File Processing[2m > [22mprocessText[2m > 
[22mshould handle text file with only whitespace
[31m[1mError[22m: Text file is empty[39m
[36m [2m❯[22m DocumentProcessor.processText src/main/DocumentProcessor.js:[2m611:23[22m[39m
    [90m609| [39m        [35mconst[39m warning [33m=[39m [32m'Text file is empty'[39m[33m;[39m
    [90m610| [39m        await this.errorLogger.logWarning('TextProcessing', warning, {…
    [90m611| [39m        [35mconst[39m error [33m=[39m [35mnew[39m [33mError[39m(warning)[33m;[39m
    [90m   | [39m                      [31m^[39m
    [90m612| [39m        error[33m.[39muserFriendly [33m=[39m [32m'This text file is empty.'[39m[33m;[39m
    [90m613| [39m        [35mthrow[39m error[33m;[39m
[90m [2m❯[22m src/main/DocumentProcessor.test.js:[2m1113:24[22m[39m

[31m[2m⎯⎯⎯⎯⎯⎯⎯⎯⎯⎯⎯⎯⎯⎯⎯⎯⎯⎯⎯⎯⎯⎯[34/96]⎯[22m[39m

[41m[1m FAIL [22m[49m src/main/DocumentProcessor.test.js[2m > [22mText File Processing[2m > [22mprocessText[2m > 
[22mshould throw error for non-existent file
[31m[1mAssertionError[22m: expected [Function] to throw error matching /does not exist/i but got 'File not found: 
nonexistent.txt'[39m

[32m- Expected:[39m 
/does not exist/i

[31m+ Received:[39m 
"File not found: nonexistent.txt"

[36m [2m❯[22m src/main/DocumentProcessor.test.js:[2m1137:9[22m[39m
    [90m1135| [39m      [34mit[39m([32m'should throw error for non-existent file'[39m[33m,[39m [35masync[39m () 
[33m=>[39m {
    [90m1136| [39m        [35mconst[39m nonExistent [33m=[39m path[33m.[39m[34mjoin[39m(txtTestDir[33m,[39m 
[32m'nonexistent.txt'[39m)[33m;[39m
    [90m1137| [39m        [35mawait[39m [34mexpect[39m(txtProcessor[33m.[39m[34mprocessText[39m(nonExistent))
    [90m   | [39m        [31m^[39m
    [90m1138| [39m          [33m.[39mrejects[33m.[39m[34mtoThrow[39m([36m/does not exist/i[39m)[33m;[39m
    [90m1139| [39m      })[33m;[39m

[31m[2m⎯⎯⎯⎯⎯⎯⎯⎯⎯⎯⎯⎯⎯⎯⎯⎯⎯⎯⎯⎯⎯⎯[35/96]⎯[22m[39m

[41m[1m FAIL [22m[49m src/main/DocumentProcessorErrorHandling.test.js[2m > [22mDocumentProcessor Error Handling[2m 
> [22mBatch Processing Error Handling[2m > [22mshould provide user-friendly error messages in batch results
[31m[1mAssertionError[22m: expected 1 to be 2 // Object.is equality[39m

[32m- Expected[39m
[31m+ Received[39m

[32m- 2[39m
[31m+ 1[39m

[36m [2m❯[22m src/main/DocumentProcessorErrorHandling.test.js:[2m236:36[22m[39m
    [90m234| [39m      const result = await documentProcessor.processAllDocuments(files…
    [90m235| [39m
    [90m236| [39m      
[34mexpect[39m(result[33m.[39merrors[33m.[39mlength)[33m.[39m[34mtoBe[39m([34m2[39m)[33m;[39m
    [90m   | [39m                                   [31m^[39m
    [90m237| [39m      result[33m.[39merrors[33m.[39m[34mforEach[39m(error [33m=>[39m {
    [90m238| [39m        
[34mexpect[39m(error[33m.[39muserFriendlyError)[33m.[39m[34mtoBeDefined[39m()[33m;[39m

[31m[2m⎯⎯⎯⎯⎯⎯⎯⎯⎯⎯⎯⎯⎯⎯⎯⎯⎯⎯⎯⎯⎯⎯[36/96]⎯[22m[39m

[41m[1m FAIL [22m[49m src/main/QuestionDisplay.integration.test.js[2m > [22mQuestion Display Integration[2m > 
[22mQuestion Request and Display[2m > [22mshould request and send question to renderer after jump scare
[31m[1mAssertionError[22m: expected undefined to be defined[39m
[36m [2m❯[22m src/main/QuestionDisplay.integration.test.js:[2m113:43[22m[39m
    [90m111| [39m      
[34mexpect[39m(questionMessages[33m.[39mlength)[33m.[39m[34mtoBe[39m([34m1[39m)[33m;[39m
    [90m112| [39m      
[34mexpect[39m(questionMessages[[34m0[39m][33m.[39mdata)[33m.[39m[34mtoBeDefined[39m()[33m;[39m
    [90m113| [39m      
[34mexpect[39m(questionMessages[[34m0[39m][33m.[39mdata[33m.[39mid)[33m.[39m[34mtoBeDefined[39m()[33m;[39m
    [90m   | [39m                                          [31m^[39m
    [90m114| [39m      
[34mexpect[39m(questionMessages[[34m0[39m][33m.[39mdata[33m.[39mtext)[33m.[39m[34mtoBeDefined[39m()[33m;[39m
    [90m115| [39m      [34mexpect[39m(questionMessages[[34m0[39m][33m.[39mdata[33m.[39moptions)[33m.[39m[34mt
oBeDefined[39m()[33m;[39m

[31m[2m⎯⎯⎯⎯⎯⎯⎯⎯⎯⎯⎯⎯⎯⎯⎯⎯⎯⎯⎯⎯⎯⎯[37/96]⎯[22m[39m

[41m[1m FAIL [22m[49m src/main/QuestionDisplay.integration.test.js[2m > [22mQuestion Display Integration[2m > 
[22mQuestion Request and Display[2m > [22mshould send question with all required fields
[31m[1mAssertionError[22m: expected Promise{…} to have property "id"[39m
[36m [2m❯[22m src/main/QuestionDisplay.integration.test.js:[2m136:24[22m[39m
    [90m134| [39m
    [90m135| [39m      [90m// Verify all required fields[39m
    [90m136| [39m      [34mexpect[39m(question)[33m.[39m[34mtoHaveProperty[39m([32m'id'[39m)[33m;[39m
    [90m   | [39m                       [31m^[39m
    [90m137| [39m      [34mexpect[39m(question)[33m.[39m[34mtoHaveProperty[39m([32m'text'[39m)[33m;[39m
    [90m138| [39m      [34mexpect[39m(question)[33m.[39m[34mtoHaveProperty[39m([32m'type'[39m)[33m;[39m

[31m[2m⎯⎯⎯⎯⎯⎯⎯⎯⎯⎯⎯⎯⎯⎯⎯⎯⎯⎯⎯⎯⎯⎯[38/96]⎯[22m[39m

[41m[1m FAIL [22m[49m src/main/QuestionDisplay.integration.test.js[2m > [22mQuestion Display Integration[2m > 
[22mQuestion Request and Display[2m > [22mshould track current question in controller
[31m[1mAssertionError[22m: expected undefined to be defined[39m
[36m [2m❯[22m src/main/QuestionDisplay.integration.test.js:[2m163:34[22m[39m
    [90m161| [39m      [35mconst[39m currentQuestion [33m=[39m 
scareController[33m.[39m[34mgetCurrentQuestion[39m()[33m;[39m
    [90m162| [39m      [34mexpect[39m(currentQuestion)[33m.[39m[34mtoBeDefined[39m()[33m;[39m
    [90m163| [39m      [34mexpect[39m(currentQuestion[33m.[39mid)[33m.[39m[34mtoBeDefined[39m()[33m;[39m
    [90m   | [39m                                 [31m^[39m
    [90m164| [39m    })[33m;[39m
    [90m165| [39m  })[33m;[39m

[31m[2m⎯⎯⎯⎯⎯⎯⎯⎯⎯⎯⎯⎯⎯⎯⎯⎯⎯⎯⎯⎯⎯⎯[39/96]⎯[22m[39m

[41m[1m FAIL [22m[49m src/main/QuestionDisplay.integration.test.js[2m > [22mQuestion Display Integration[2m > 
[22mNo Questions Available[2m > [22mshould handle case when no questions are available
[31m[1mAssertionError[22m: expected undefined to be defined[39m
[36m [2m❯[22m src/main/QuestionDisplay.integration.test.js:[2m193:46[22m[39m
    [90m191| [39m
    [90m192| [39m      
[34mexpect[39m(questionMessages[33m.[39mlength)[33m.[39m[34mtoBe[39m([34m1[39m)[33m;[39m
    [90m193| [39m      [34mexpect[39m(questionMessages[[34m0[39m][33m.[39mdata[33m.[39merror)[33m.[39m[34mtoB
eDefined[39m()[33m;[39m
    [90m   | [39m                                             [31m^[39m
    [90m194| [39m      expect(questionMessages[0].data.error).toContain('No questions a…
    [90m195| [39m    })[33m;[39m

[31m[2m⎯⎯⎯⎯⎯⎯⎯⎯⎯⎯⎯⎯⎯⎯⎯⎯⎯⎯⎯⎯⎯⎯[40/96]⎯[22m[39m

[41m[1m FAIL [22m[49m src/main/QuestionDisplay.integration.test.js[2m > [22mQuestion Display Integration[2m > 
[22mNo Questions Available[2m > [22mshould emit error event when no questions available
[31m[1mAssertionError[22m: expected "vi.fn()" to be called at least once[39m
[36m [2m❯[22m src/main/QuestionDisplay.integration.test.js:[2m214:24[22m[39m
    [90m212| [39m      [35mawait[39m [35mnew[39m [33mPromise[39m(resolve [33m=>[39m 
[34msetTimeout[39m(resolve[33m,[39m [34m100[39m))[33m;[39m
    [90m213| [39m
    [90m214| [39m      [34mexpect[39m(errorSpy)[33m.[39m[34mtoHaveBeenCalled[39m()[33m;[39m
    [90m   | [39m                       [31m^[39m
    [90m215| [39m      expect(errorSpy.mock.calls[0][0].message).toContain('No question…
    [90m216| [39m    })[33m;[39m

[31m[2m⎯⎯⎯⎯⎯⎯⎯⎯⎯⎯⎯⎯⎯⎯⎯⎯⎯⎯⎯⎯⎯⎯[41/96]⎯[22m[39m

[41m[1m FAIL [22m[49m src/main/QuestionDisplay.integration.test.js[2m > [22mQuestion Display Integration[2m > 
[22mNo Questions Available[2m > [22mshould end sequence after showing no questions error
[31m[1mAssertionError[22m: expected true to be false // Object.is equality[39m

[32m- Expected[39m
[31m+ Received[39m

[32m- false[39m
[31m+ true[39m

[36m [2m❯[22m src/main/QuestionDisplay.integration.test.js:[2m236:42[22m[39m
    [90m234| [39m      [35mawait[39m [35mnew[39m [33mPromise[39m(resolve [33m=>[39m 
[34msetTimeout[39m(resolve[33m,[39m [34m3100[39m))[33m;[39m
    [90m235| [39m
    [90m236| [39m      
[34mexpect[39m(scareController[33m.[39m[34misActive[39m())[33m.[39m[34mtoBe[39m([35mfalse[39m)[33m;[39m
    [90m   | [39m                                         [31m^[39m
    [90m237| [39m    })[33m;[39m
    [90m238| [39m  })[33m;[39m

[31m[2m⎯⎯⎯⎯⎯⎯⎯⎯⎯⎯⎯⎯⎯⎯⎯⎯⎯⎯⎯⎯⎯⎯[42/96]⎯[22m[39m

[41m[1m FAIL [22m[49m src/main/QuestionDisplay.integration.test.js[2m > [22mQuestion Display Integration[2m > 
[22mAnswer Submission and Validation[2m > [22mshould validate correct answer and send feedback
[31m[1mAssertionError[22m: expected undefined to be defined[39m
[36m [2m❯[22m src/main/QuestionDisplay.integration.test.js:[2m271:54[22m[39m
    [90m269| [39m      [34mexpect[39m(feedbackMessages[[34m0[39m][33m.[39mdata[33m.[39mcorrect)[33m.[39m[34mt
oBe[39m([35mtrue[39m)[33m;[39m
    [90m270| [39m      [34mexpect[39m(feedbackMessages[[34m0[39m][33m.[39mdata[33m.[39mmessage)[33m.[39m[34mt
oBeDefined[39m()[33m;[39m
    [90m271| [39m      [34mexpect[39m(feedbackMessages[[34m0[39m][33m.[39mdata[33m.[39mcorrectAnswer)[33m.[39m
[34mtoBeDefined[39m()[33m;[39m
    [90m   | [39m                                                     [31m^[39m
    [90m272| [39m    })[33m;[39m
    [90m273| [39m

[31m[2m⎯⎯⎯⎯⎯⎯⎯⎯⎯⎯⎯⎯⎯⎯⎯⎯⎯⎯⎯⎯⎯⎯[43/96]⎯[22m[39m

[41m[1m FAIL [22m[49m src/main/QuestionDisplay.integration.test.js[2m > [22mQuestion Display Integration[2m > 
[22mAnswer Submission and Validation[2m > [22mshould validate incorrect answer and send feedback
[31m[1mTypeError[22m: Cannot read properties of undefined (reading 'length')[39m
[36m [2m❯[22m src/main/QuestionDisplay.integration.test.js:[2m284:93[22m[39m
    [90m282| [39m
    [90m283| [39m      [35mconst[39m currentQuestion [33m=[39m 
scareController[33m.[39m[34mgetCurrentQuestion[39m()[33m;[39m
    [90m284| [39m      const incorrectAnswer = (currentQuestion.correctAnswer + 1) % cu…
    [90m   | [39m                                                                                            [31m^[39m
    [90m285| [39m
    [90m286| [39m      [90m// Clear previous messages[39m

[31m[2m⎯⎯⎯⎯⎯⎯⎯⎯⎯⎯⎯⎯⎯⎯⎯⎯⎯⎯⎯⎯⎯⎯[44/96]⎯[22m[39m

[41m[1m FAIL [22m[49m src/main/QuestionDisplay.integration.test.js[2m > [22mQuestion Display Integration[2m > 
[22mAnswer Submission and Validation[2m > [22mshould mark question as used after answer submission
[31m[1mAssertionError[22m: expected false to be true // Object.is equality[39m

[32m- Expected[39m
[31m+ Received[39m

[32m- true[39m
[31m+ false[39m

[36m [2m❯[22m src/main/QuestionDisplay.integration.test.js:[2m328:65[22m[39m
    [90m326| [39m
    [90m327| [39m      [90m// Check question is marked as used[39m
    [90m328| [39m      expect(questionGenerator.usedQuestionIds.has(questionId)).toBe(t…
    [90m   | [39m                                                                [31m^[39m
    [90m329| [39m    })[33m;[39m
    [90m330| [39m

[31m[2m⎯⎯⎯⎯⎯⎯⎯⎯⎯⎯⎯⎯⎯⎯⎯⎯⎯⎯⎯⎯⎯⎯[45/96]⎯[22m[39m

[41m[1m FAIL [22m[49m src/main/QuestionDisplay.integration.test.js[2m > [22mQuestion Display Integration[2m > 
[22mAnswer Submission and Validation[2m > [22mshould emit answer-submitted event with details
[31m[1mAssertionError[22m: expected undefined to be defined[39m
[36m [2m❯[22m src/main/QuestionDisplay.integration.test.js:[2m354:32[22m[39m
    [90m352| [39m      [35mconst[39m eventData [33m=[39m 
answerSpy[33m.[39mmock[33m.[39mcalls[[34m0[39m][[34m0[39m][33m;[39m
    [90m353| [39m      [34mexpect[39m(eventData[33m.[39mquestion)[33m.[39m[34mtoBeDefined[39m()[33m;[39m
    [90m354| [39m      [34mexpect[39m(eventData[33m.[39manswer)[33m.[39m[34mtoBeDefined[39m()[33m;[39m
    [90m   | [39m                               [31m^[39m
    [90m355| [39m      [34mexpect[39m(eventData[33m.[39mcorrect)[33m.[39m[34mtoBeDefined[39m()[33m;[39m
    [90m356| [39m      [34mexpect[39m(eventData[33m.[39mfeedback)[33m.[39m[34mtoBeDefined[39m()[33m;[39m

[31m[2m⎯⎯⎯⎯⎯⎯⎯⎯⎯⎯⎯⎯⎯⎯⎯⎯⎯⎯⎯⎯⎯⎯[46/96]⎯[22m[39m

[41m[1m FAIL [22m[49m src/main/QuestionDisplay.integration.test.js[2m > [22mQuestion Display Integration[2m > 
[22mQuestion Uniqueness[2m > [22mshould not repeat questions in same session
[31m[1mAssertionError[22m: expected +0 to be 3 // Object.is equality[39m

[32m- Expected[39m
[31m+ Received[39m

[32m- 3[39m
[31m+ 0[39m

[36m [2m❯[22m src/main/QuestionDisplay.integration.test.js:[2m393:35[22m[39m
    [90m391| [39m
    [90m392| [39m      [90m// All questions should be unique[39m
    [90m393| [39m      [34mexpect[39m(shownQuestions[33m.[39msize)[33m.[39m[34mtoBe[39m([34m3[39m)[33m;[39m
    [90m   | [39m                                  [31m^[39m
    [90m394| [39m    })[33m;[39m
    [90m395| [39m  })[33m;[39m

[31m[2m⎯⎯⎯⎯⎯⎯⎯⎯⎯⎯⎯⎯⎯⎯⎯⎯⎯⎯⎯⎯⎯⎯[47/96]⎯[22m[39m

[41m[1m FAIL [22m[49m src/main/QuestionGenerator.cache.test.js[2m > [22mQuestionGenerator - Cache and Session 
Management[2m > [22mgetNextQuestion[2m > [22mshould return a random unused question
[31m[1mAssertionError[22m: expected [ 'q1', 'q2', 'q3' ] to include undefined[39m
[36m [2m❯[22m src/main/QuestionGenerator.cache.test.js:[2m197:34[22m[39m
    [90m195| [39m
    [90m196| [39m      [34mexpect[39m(question)[33m.[39m[34mtoBeTruthy[39m()[33m;[39m
    [90m197| [39m      [34mexpect[39m([[32m'q1'[39m[33m,[39m [32m'q2'[39m[33m,[39m 
[32m'q3'[39m])[33m.[39m[34mtoContain[39m(question[33m.[39mid)[33m;[39m
    [90m   | [39m                                 [31m^[39m
    [90m198| [39m    })[33m;[39m
    [90m199| [39m

[31m[2m⎯⎯⎯⎯⎯⎯⎯⎯⎯⎯⎯⎯⎯⎯⎯⎯⎯⎯⎯⎯⎯⎯[48/96]⎯[22m[39m

[41m[1m FAIL [22m[49m src/main/QuestionGenerator.cache.test.js[2m > [22mQuestionGenerator - Cache and Session 
Management[2m > [22mgetNextQuestion[2m > [22mshould not return used questions
[31m[1mAssertionError[22m: expected undefined to be 'q3' // Object.is equality[39m

[32m- Expected:[39m 
"q3"

[31m+ Received:[39m 
undefined

[36m [2m❯[22m src/main/QuestionGenerator.cache.test.js:[2m207:27[22m[39m
    [90m205| [39m
    [90m206| [39m      [34mexpect[39m(question)[33m.[39m[34mtoBeTruthy[39m()[33m;[39m
    [90m207| [39m      [34mexpect[39m(question[33m.[39mid)[33m.[39m[34mtoBe[39m([32m'q3'[39m)[33m;[39m
    [90m   | [39m                          [31m^[39m
    [90m208| [39m    })[33m;[39m
    [90m209| [39m

[31m[2m⎯⎯⎯⎯⎯⎯⎯⎯⎯⎯⎯⎯⎯⎯⎯⎯⎯⎯⎯⎯⎯⎯[49/96]⎯[22m[39m

[41m[1m FAIL [22m[49m src/main/QuestionGenerator.cache.test.js[2m > [22mQuestionGenerator - Cache and Session 
Management[2m > [22mgetNextQuestion[2m > [22mshould return null when all questions are used
[31m[1mAssertionError[22m: expected Promise{…} to be null[39m

[32m- Expected:[39m 
null

[31m+ Received:[39m 
Promise {}

[36m [2m❯[22m src/main/QuestionGenerator.cache.test.js:[2m217:24[22m[39m
    [90m215| [39m      [35mconst[39m question [33m=[39m generator[33m.[39m[34mgetNextQuestion[39m()[33m;[39m
    [90m216| [39m
    [90m217| [39m      [34mexpect[39m(question)[33m.[39m[34mtoBeNull[39m()[33m;[39m
    [90m   | [39m                       [31m^[39m
    [90m218| [39m    })[33m;[39m
    [90m219| [39m

[31m[2m⎯⎯⎯⎯⎯⎯⎯⎯⎯⎯⎯⎯⎯⎯⎯⎯⎯⎯⎯⎯⎯⎯[50/96]⎯[22m[39m

[41m[1m FAIL [22m[49m src/main/QuestionGenerator.cache.test.js[2m > [22mQuestionGenerator - Cache and Session 
Management[2m > [22mgetNextQuestion[2m > [22mshould return null when cache is empty
[31m[1mAssertionError[22m: expected Promise{…} to be null[39m

[32m- Expected:[39m 
null

[31m+ Received:[39m 
Promise {}

[36m [2m❯[22m src/main/QuestionGenerator.cache.test.js:[2m225:24[22m[39m
    [90m223| [39m      [35mconst[39m question [33m=[39m generator[33m.[39m[34mgetNextQuestion[39m()[33m;[39m
    [90m224| [39m
    [90m225| [39m      [34mexpect[39m(question)[33m.[39m[34mtoBeNull[39m()[33m;[39m
    [90m   | [39m                       [31m^[39m
    [90m226| [39m    })[33m;[39m
    [90m227| [39m

[31m[2m⎯⎯⎯⎯⎯⎯⎯⎯⎯⎯⎯⎯⎯⎯⎯⎯⎯⎯⎯⎯⎯⎯[51/96]⎯[22m[39m

[41m[1m FAIL [22m[49m src/main/QuestionGenerator.cache.test.js[2m > [22mQuestionGenerator - Cache and Session 
Management[2m > [22mgetNextQuestion[2m > [22mshould guarantee uniqueness across multiple calls
[31m[1mAssertionError[22m: expected true to be false // Object.is equality[39m

[32m- Expected[39m
[31m+ Received[39m

[32m- false[39m
[31m+ true[39m

[36m [2m❯[22m src/main/QuestionGenerator.cache.test.js:[2m235:42[22m[39m
    [90m233| [39m        [35mconst[39m question [33m=[39m generator[33m.[39m[34mgetNextQuestion[39m()[33m;[39m
    [90m234| [39m        [34mexpect[39m(question)[33m.[39m[34mtoBeTruthy[39m()[33m;[39m
    [90m235| [39m        [34mexpect[39m(usedIds[33m.[39m[34mhas[39m(question[33m.[39mid))[33m.[39m[34mtoBe[3
9m([35mfalse[39m)[33m;[39m
    [90m   | [39m                                         [31m^[39m
    [90m236| [39m        
    [90m237| [39m        usedIds[33m.[39m[34madd[39m(question[33m.[39mid)[33m;[39m

[31m[2m⎯⎯⎯⎯⎯⎯⎯⎯⎯⎯⎯⎯⎯⎯⎯⎯⎯⎯⎯⎯⎯⎯[52/96]⎯[22m[39m

[41m[1m FAIL [22m[49m src/main/QuestionGenerator.cache.test.js[2m > [22mQuestionGenerator - Cache and Session 
Management[2m > [22mIntegration: Full cache workflow[2m > [22mshould support complete cache lifecycle
[31m[1mAssertionError[22m: expected undefined not to be undefined // Object.is equality[39m
[36m [2m❯[22m src/main/QuestionGenerator.cache.test.js:[2m435:25[22m[39m
    [90m433| [39m      [35mconst[39m q2 [33m=[39m generator2[33m.[39m[34mgetNextQuestion[39m()[33m;[39m
    [90m434| [39m      [34mexpect[39m(q2)[33m.[39m[34mtoBeTruthy[39m()[33m;[39m
    [90m435| [39m      
[34mexpect[39m(q2[33m.[39mid)[33m.[39mnot[33m.[39m[34mtoBe[39m(q1[33m.[39mid)[33m;[39m
    [90m   | [39m                        [31m^[39m
    [90m436| [39m      generator2[33m.[39m[34mmarkQuestionUsed[39m(q2[33m.[39mid)[33m;[39m
    [90m437| [39m

[31m[2m⎯⎯⎯⎯⎯⎯⎯⎯⎯⎯⎯⎯⎯⎯⎯⎯⎯⎯⎯⎯⎯⎯[53/96]⎯[22m[39m

[41m[1m FAIL [22m[49m src/main/QuestionGenerator.cache.test.js[2m > [22mQuestionGenerator - Cache and Session 
Management[2m > [22mIntegration: Full cache workflow[2m > [22mshould detect when cache needs regeneration
[31m[1mError[22m: Could not generate any valid questions from the provided documents[39m
[90m [2m❯[22m QuestionGenerator.generateQuestions src/main/QuestionGenerator.js:[2m509:15[22m[39m
[36m [2m❯[22m src/main/QuestionGenerator.cache.test.js:[2m467:36[22m[39m
    [90m465| [39m      ][33m;[39m
    [90m466| [39m
    [90m467| [39m      [35mconst[39m questions1 [33m=[39m 
generator[33m.[39m[34mgenerateQuestions[39m(documents1[33m,[39m [34m5[39m)[33m;[39m
    [90m   | [39m                                   [31m^[39m
    [90m468| [39m      [35mawait[39m generator[33m.[39m[34msaveCache[39m(questions1[33m,[39m 
[[32m'/test/doc1.pdf'[39m])[33m;[39m
    [90m469| [39m

[31m[2m⎯⎯⎯⎯⎯⎯⎯⎯⎯⎯⎯⎯⎯⎯⎯⎯⎯⎯⎯⎯⎯⎯[54/96]⎯[22m[39m

[41m[1m FAIL [22m[49m src/main/QuestionGenerator.test.js[2m > [22mQuestionGenerator[2m > 
[22mgenerateQuestions[2m > [22mshould return empty array for empty documents
[31m[1mError[22m: No documents provided for question generation[39m
[90m [2m❯[22m QuestionGenerator.generateQuestions src/main/QuestionGenerator.js:[2m469:13[22m[39m
[36m [2m❯[22m src/main/QuestionGenerator.test.js:[2m765:35[22m[39m
    [90m763| [39m
    [90m764| [39m    [34mit[39m([32m'should return empty array for empty documents'[39m[33m,[39m () [33m=>[39m {
    [90m765| [39m      [35mconst[39m questions [33m=[39m 
generator[33m.[39m[34mgenerateQuestions[39m([][33m,[39m [34m10[39m)[33m;[39m
    [90m   | [39m                                  [31m^[39m
    [90m766| [39m      [34mexpect[39m(questions)[33m.[39m[34mtoEqual[39m([])[33m;[39m
    [90m767| [39m    })[33m;[39m

[31m[2m⎯⎯⎯⎯⎯⎯⎯⎯⎯⎯⎯⎯⎯⎯⎯⎯⎯⎯⎯⎯⎯⎯[55/96]⎯[22m[39m

[41m[1m FAIL [22m[49m src/main/QuestionGenerator.test.js[2m > [22mQuestionGenerator[2m > 
[22mgenerateQuestions[2m > [22mshould return empty array for null input
[31m[1mError[22m: No documents provided for question generation[39m
[90m [2m❯[22m QuestionGenerator.generateQuestions src/main/QuestionGenerator.js:[2m469:13[22m[39m
[36m [2m❯[22m src/main/QuestionGenerator.test.js:[2m770:35[22m[39m
    [90m768| [39m
    [90m769| [39m    [34mit[39m([32m'should return empty array for null input'[39m[33m,[39m () [33m=>[39m {
    [90m770| [39m      [35mconst[39m questions [33m=[39m 
generator[33m.[39m[34mgenerateQuestions[39m([35mnull[39m[33m,[39m [34m10[39m)[33m;[39m
    [90m   | [39m                                  [31m^[39m
    [90m771| [39m      [34mexpect[39m(questions)[33m.[39m[34mtoEqual[39m([])[33m;[39m
    [90m772| [39m    })[33m;[39m

[31m[2m⎯⎯⎯⎯⎯⎯⎯⎯⎯⎯⎯⎯⎯⎯⎯⎯⎯⎯⎯⎯⎯⎯[56/96]⎯[22m[39m

[41m[1m FAIL [22m[49m src/main/QuestionGenerator.test.js[2m > [22mQuestionGenerator[2m > 
[22mgenerateQuestions[2m > [22mshould skip questions that cannot be generated
[31m[1mError[22m: Could not generate any valid questions from the provided documents[39m
[90m [2m❯[22m QuestionGenerator.generateQuestions src/main/QuestionGenerator.js:[2m509:15[22m[39m
[36m [2m❯[22m src/main/QuestionGenerator.test.js:[2m845:35[22m[39m
    [90m843| [39m      ][33m;[39m
    [90m844| [39m
    [90m845| [39m      [35mconst[39m questions [33m=[39m 
generator[33m.[39m[34mgenerateQuestions[39m(documents[33m,[39m [34m10[39m)[33m;[39m
    [90m   | [39m                                  [31m^[39m
    [90m846| [39m
    [90m847| [39m      [90m// Should handle gracefully and return empty or fewer questions[39m

[31m[2m⎯⎯⎯⎯⎯⎯⎯⎯⎯⎯⎯⎯⎯⎯⎯⎯⎯⎯⎯⎯⎯⎯[57/96]⎯[22m[39m

[41m[1m FAIL [22m[49m src/main/ScareController.integration.test.js[2m > [22mScareController Integration Tests[2m > 
[22mFull Sequence Flow[2m > [22mshould complete full scare sequence from start to question
[31m[1mTypeError[22m: .toMatch() expects to receive a string, but got undefined[39m
[36m [2m❯[22m src/main/ScareController.integration.test.js:[2m123:55[22m[39m
    [90m121| [39m      [90m// Verify question was shown[39m
    [90m122| [39m      
[34mexpect[39m(scareController[33m.[39m[34mgetCurrentQuestion[39m())[33m.[39m[34mtoBeDefined[39m()[33m;[39m
    [90m123| [39m      expect(scareController.getCurrentQuestion().id).toMatch(/^q[12]$…
    [90m   | [39m                                                      [31m^[39m
    [90m124| [39m    })[33m;[39m
    [90m125| [39m

[31m[2m⎯⎯⎯⎯⎯⎯⎯⎯⎯⎯⎯⎯⎯⎯⎯⎯⎯⎯⎯⎯⎯⎯[58/96]⎯[22m[39m

[41m[1m FAIL [22m[49m src/main/ScareController.integration.test.js[2m > [22mScareController Integration Tests[2m > 
[22mFull Sequence Flow[2m > [22mshould send correct IPC messages for each stage
[31m[1mAssertionError[22m: expected "vi.fn()" to be called with arguments: [ Array(2) ][90m

Received: 

[1m  1st vi.fn() call:

[22m[2m  [[22m
[32m-   "question:show",[90m
[32m-   ObjectContaining {[90m
[32m-     "id": Any<String>,[90m
[32m-     "options": Any<Array>,[90m
[32m-     "text": Any<String>,[90m
[32m-     "type": "multiple-choice",[90m
[32m-   },[90m
[31m+   "start-shake",[90m
[2m  ][22m

[1m  2nd vi.fn() call:

[22m[2m  [[22m
[32m-   "question:show",[90m
[32m-   ObjectContaining {[90m
[32m-     "id": Any<String>,[90m
[32m-     "options": Any<Array>,[90m
[32m-     "text": Any<String>,[90m
[32m-     "type": "multiple-choice",[90m
[32m-   },[90m
[31m+   "start-darken",[90m
[2m  ][22m

[1m  3rd vi.fn() call:

[22m[2m  [[22m
[32m-   "question:show",[90m
[32m-   ObjectContaining {[90m
[32m-     "id": Any<String>,[90m
[32m-     "options": Any<Array>,[90m
[32m-     "text": Any<String>,[90m
[32m-     "type": "multiple-choice",[90m
[32m-   },[90m
[31m+   "start-tunnel",[90m
[2m  ][22m

[1m  4th vi.fn() call:

[22m[2m  [[22m
[32m-   "question:show",[90m
[32m-   ObjectContaining {[90m
[32m-     "id": Any<String>,[90m
[32m-     "options": Any<Array>,[90m
[32m-     "text": Any<String>,[90m
[32m-     "type": "multiple-choice",[90m
[32m-   },[90m
[31m+   "start-jumpscare",[90m
[2m  ][22m

[1m  5th vi.fn() call:

[22m[2m  [[22m
[2m    "question:show",[22m
[32m-   ObjectContaining {[90m
[32m-     "id": Any<String>,[90m
[32m-     "options": Any<Array>,[90m
[32m-     "text": Any<String>,[90m
[32m-     "type": "multiple-choice",[90m
[32m-   },[90m
[31m+   Promise {},[90m
[2m  ][22m
[31m[90m

Number of calls: [1m5[22m
[31m[39m
[36m [2m❯[22m src/main/ScareController.integration.test.js:[2m140:48[22m[39m
    [90m138| [39m
    [90m139| [39m      
scareController[33m.[39m[34m_handleStageComplete[39m([33mSCARE_STAGES[39m[33m.[39m[33mJUMPSCARE[39m)[33m;[39m
    [90m140| [39m      
[34mexpect[39m(mockScareWindow[33m.[39mwebContents[33m.[39msend)[33m.[39m[34mtoHaveBeenCalledWith[39m(
    [90m   | [39m                                               [31m^[39m
    [90m141| [39m        [33mIPC_CHANNELS[39m[33m.[39m[33mQUESTION_SHOW[39m[33m,[39m
    [90m142| [39m        expect[33m.[39m[34mobjectContaining[39m({

[31m[2m⎯⎯⎯⎯⎯⎯⎯⎯⎯⎯⎯⎯⎯⎯⎯⎯⎯⎯⎯⎯⎯⎯[59/96]⎯[22m[39m

[41m[1m FAIL [22m[49m src/main/ScareController.integration.test.js[2m > [22mScareController Integration Tests[2m > 
[22mFull Sequence Flow[2m > [22mshould handle answer submission and provide feedback
[31m[1mAssertionError[22m: expected "vi.fn()" to be called with arguments: [ 'answer:feedback', …(1) ][90m

Received: 

[1m  1st vi.fn() call:

[22m[2m  [[22m
[32m-   "answer:feedback",[90m
[32m-   ObjectContaining {[90m
[32m-     "correct": true,[90m
[32m-     "explanation": Any<String>,[90m
[32m-     "message": Any<String>,[90m
[32m-   },[90m
[31m+   "start-shake",[90m
[2m  ][22m

[1m  2nd vi.fn() call:

[22m[2m  [[22m
[32m-   "answer:feedback",[90m
[32m-   ObjectContaining {[90m
[32m-     "correct": true,[90m
[32m-     "explanation": Any<String>,[90m
[32m-     "message": Any<String>,[90m
[32m-   },[90m
[31m+   "start-darken",[90m
[2m  ][22m

[1m  3rd vi.fn() call:

[22m[2m  [[22m
[32m-   "answer:feedback",[90m
[32m-   ObjectContaining {[90m
[32m-     "correct": true,[90m
[32m-     "explanation": Any<String>,[90m
[32m-     "message": Any<String>,[90m
[32m-   },[90m
[31m+   "start-tunnel",[90m
[2m  ][22m

[1m  4th vi.fn() call:

[22m[2m  [[22m
[32m-   "answer:feedback",[90m
[32m-   ObjectContaining {[90m
[32m-     "correct": true,[90m
[32m-     "explanation": Any<String>,[90m
[32m-     "message": Any<String>,[90m
[32m-   },[90m
[31m+   "start-jumpscare",[90m
[2m  ][22m

[1m  5th vi.fn() call:

[22m[2m  [[22m
[32m-   "answer:feedback",[90m
[32m-   ObjectContaining {[90m
[32m-     "correct": true,[90m
[32m-     "explanation": Any<String>,[90m
[32m-     "message": Any<String>,[90m
[32m-   },[90m
[31m+   "question:show",[90m
[31m+   Promise {},[90m
[2m  ][22m

[1m  6th vi.fn() call:

[22m[2m  [[22m
[2m    "answer:feedback",[22m
[32m-   ObjectContaining {[90m
[31m+   {[90m
[2m      "correct": true,[22m
[32m-     "explanation": Any<String>,[90m
[32m-     "message": Any<String>,[90m
[31m+     "correctAnswer": undefined,[90m
[31m+     "explanation": undefined,[90m
[31m+     "message": "Correct! Well done!",[90m
[2m    },[22m
[2m  ][22m
[31m[90m

Number of calls: [1m6[22m
[31m[39m
[36m [2m❯[22m src/main/ScareController.integration.test.js:[2m166:48[22m[39m
    [90m164| [39m
    [90m165| [39m      [90m// Verify feedback was sent[39m
    [90m166| [39m      
[34mexpect[39m(mockScareWindow[33m.[39mwebContents[33m.[39msend)[33m.[39m[34mtoHaveBeenCalledWith[39m(
    [90m   | [39m                                               [31m^[39m
    [90m167| [39m        [33mIPC_CHANNELS[39m[33m.[39m[33mANSWER_FEEDBACK[39m[33m,[39m
    [90m168| [39m        expect[33m.[39m[34mobjectContaining[39m({

[31m[2m⎯⎯⎯⎯⎯⎯⎯⎯⎯⎯⎯⎯⎯⎯⎯⎯⎯⎯⎯⎯⎯⎯[60/96]⎯[22m[39m

[41m[1m FAIL [22m[49m src/main/ScareController.integration.test.js[2m > [22mScareController Integration Tests[2m > 
[22mFull Sequence Flow[2m > [22mshould handle incorrect answer submission
[31m[1mTypeError[22m: Cannot read properties of undefined (reading 'length')[39m
[36m [2m❯[22m src/main/ScareController.integration.test.js:[2m188:75[22m[39m
    [90m186| [39m
    [90m187| [39m      [35mconst[39m question [33m=[39m 
scareController[33m.[39m[34mgetCurrentQuestion[39m()[33m;[39m
    [90m188| [39m      const wrongAnswer = (question.correctAnswer + 1) % question.opti…
    [90m   | [39m                                                                          [31m^[39m
    [90m189| [39m
    [90m190| [39m      [90m// Submit incorrect answer[39m

[31m[2m⎯⎯⎯⎯⎯⎯⎯⎯⎯⎯⎯⎯⎯⎯⎯⎯⎯⎯⎯⎯⎯⎯[61/96]⎯[22m[39m

[41m[1m FAIL [22m[49m src/main/ScareController.integration.test.js[2m > [22mScareController Integration Tests[2m > 
[22mFull Sequence Flow[2m > [22mshould end sequence after answer is submitted
[31m[1mAssertionError[22m: expected "vi.fn()" to be called at least once[39m
[36m [2m❯[22m src/main/ScareController.integration.test.js:[2m222:22[22m[39m
    [90m220| [39m      vi[33m.[39m[34madvanceTimersByTime[39m([34m3000[39m)[33m;[39m
    [90m221| [39m
    [90m222| [39m      [34mexpect[39m(endSpy)[33m.[39m[34mtoHaveBeenCalled[39m()[33m;[39m
    [90m   | [39m                     [31m^[39m
    [90m223| [39m      
[34mexpect[39m(scareController[33m.[39m[34misActive[39m())[33m.[39m[34mtoBe[39m([35mfalse[39m)[33m;[39m
    [90m224| [39m

[31m[2m⎯⎯⎯⎯⎯⎯⎯⎯⎯⎯⎯⎯⎯⎯⎯⎯⎯⎯⎯⎯⎯⎯[62/96]⎯[22m[39m

[41m[1m FAIL [22m[49m src/main/ScareController.integration.test.js[2m > [22mScareController Integration Tests[2m > 
[22mQuestion Management[2m > [22mshould not repeat questions in the same session
[31m[1mError[22m: Test timed out in 5000ms.
If this is a long-running test, pass a timeout value as the last argument or configure it globally with 
"testTimeout".[39m
[36m [2m❯[22m src/main/ScareController.integration.test.js:[2m230:5[22m[39m
    [90m228| [39m
    [90m229| [39m  [34mdescribe[39m([32m'Question Management'[39m[33m,[39m () [33m=>[39m {
    [90m230| [39m    [34mit[39m([32m'should not repeat questions in the same session'[39m[33m,[39m 
[35masync[39m () [33m=>[39m {
    [90m   | [39m    [31m^[39m
    [90m231| [39m      [35mconst[39m shownQuestions [33m=[39m [35mnew[39m [33mSet[39m()[33m;[39m
    [90m232| [39m

[31m[2m⎯⎯⎯⎯⎯⎯⎯⎯⎯⎯⎯⎯⎯⎯⎯⎯⎯⎯⎯⎯⎯⎯[63/96]⎯[22m[39m

[41m[1m FAIL [22m[49m src/main/ScareController.integration.test.js[2m > [22mScareController Integration Tests[2m > 
[22mQuestion Management[2m > [22mshould handle running out of questions
[31m[1mAssertionError[22m: expected "vi.fn()" to be called with arguments: [ Array(2) ][90m

Received: 

[1m  1st vi.fn() call:

[22m[2m  [[22m
[32m-   "question:show",[90m
[32m-   ObjectContaining {[90m
[32m-     "error": StringContaining "No questions available",[90m
[32m-   },[90m
[31m+   "start-shake",[90m
[2m  ][22m

[1m  2nd vi.fn() call:

[22m[2m  [[22m
[32m-   "question:show",[90m
[32m-   ObjectContaining {[90m
[32m-     "error": StringContaining "No questions available",[90m
[32m-   },[90m
[31m+   "start-darken",[90m
[2m  ][22m

[1m  3rd vi.fn() call:

[22m[2m  [[22m
[32m-   "question:show",[90m
[32m-   ObjectContaining {[90m
[32m-     "error": StringContaining "No questions available",[90m
[32m-   },[90m
[31m+   "start-tunnel",[90m
[2m  ][22m

[1m  4th vi.fn() call:

[22m[2m  [[22m
[32m-   "question:show",[90m
[32m-   ObjectContaining {[90m
[32m-     "error": StringContaining "No questions available",[90m
[32m-   },[90m
[31m+   "start-jumpscare",[90m
[2m  ][22m

[1m  5th vi.fn() call:

[22m[2m  [[22m
[2m    "question:show",[22m
[32m-   ObjectContaining {[90m
[32m-     "error": StringContaining "No questions available",[90m
[32m-   },[90m
[31m+   Promise {},[90m
[2m  ][22m
[31m[90m

Number of calls: [1m5[22m
[31m[39m
[36m [2m❯[22m src/main/ScareController.integration.test.js:[2m278:48[22m[39m
    [90m276| [39m
    [90m277| [39m      [90m// Should show error message[39m
    [90m278| [39m      
[34mexpect[39m(mockScareWindow[33m.[39mwebContents[33m.[39msend)[33m.[39m[34mtoHaveBeenCalledWith[39m(
    [90m   | [39m                                               [31m^[39m
    [90m279| [39m        [33mIPC_CHANNELS[39m[33m.[39m[33mQUESTION_SHOW[39m[33m,[39m
    [90m280| [39m        expect[33m.[39m[34mobjectContaining[39m({

[31m[2m⎯⎯⎯⎯⎯⎯⎯⎯⎯⎯⎯⎯⎯⎯⎯⎯⎯⎯⎯⎯⎯⎯[64/96]⎯[22m[39m

[41m[1m FAIL [22m[49m src/main/ScareController.integration.test.js[2m > [22mScareController Integration Tests[2m > 
[22mMultiple Sequences[2m > [22mshould handle multiple sequences in succession
[31m[1mError[22m: Test timed out in 5000ms.
If this is a long-running test, pass a timeout value as the last argument or configure it globally with 
"testTimeout".[39m
[36m [2m❯[22m src/main/ScareController.integration.test.js:[2m355:5[22m[39m
    [90m353| [39m
    [90m354| [39m  [34mdescribe[39m([32m'Multiple Sequences'[39m[33m,[39m () [33m=>[39m {
    [90m355| [39m    [34mit[39m([32m'should handle multiple sequences in succession'[39m[33m,[39m [35masync[39m 
() [33m=>[39m {
    [90m   | [39m    [31m^[39m
    [90m356| [39m      [90m// First sequence[39m
    [90m357| [39m      [35mawait[39m scareController[33m.[39m[34mstartSequence[39m()[33m;[39m

[31m[2m⎯⎯⎯⎯⎯⎯⎯⎯⎯⎯⎯⎯⎯⎯⎯⎯⎯⎯⎯⎯⎯⎯[65/96]⎯[22m[39m

[41m[1m FAIL [22m[49m src/main/TimerManager.test.js[2m > [22mTimerManager[2m > [22monConfigChange[2m > 
[22mshould restart timer if it was running
[31m[1mError[22m: Failed to load config: Unexpected end of JSON input[39m
[36m [2m❯[22m ConfigManager.load src/main/ConfigManager.js:[2m81:13[22m[39m
    [90m 79| [39m        [35mreturn[39m [35mthis[39m[33m.[39mconfig[33m;[39m
    [90m 80| [39m      }
    [90m 81| [39m      [35mthrow[39m [35mnew[39m [33mError[39m([32m`Failed to load config: 
[39m[36m${[39merror[33m.[39mmessage[36m}[39m[32m`[39m)[33m;[39m
    [90m   | [39m            [31m^[39m
    [90m 82| [39m    }
    [90m 83| [39m  }
[90m [2m❯[22m src/main/TimerManager.test.js:[2m34:5[22m[39m

[31m[2m⎯⎯⎯⎯⎯⎯⎯⎯⎯⎯⎯⎯⎯⎯⎯⎯⎯⎯⎯⎯⎯⎯[66/96]⎯[22m[39m

[41m[1m FAIL [22m[49m src/main/TimerScareController.integration.test.js[2m > [22mTimerManager and ScareController 
Integration[2m > [22mFull Timer-to-Scare Flow[2m > [22mshould complete full cycle: timer expire -> scare -> answer -> 
reset
[31m[1mAssertionError[22m: expected [ 'timer-expired', …(7) ] to include 'answer-submitted'[39m
[36m [2m❯[22m src/main/TimerScareController.integration.test.js:[2m290:22[22m[39m
    [90m288| [39m      [34mexpect[39m(events)[33m.[39m[34mtoContain[39m([32m'stage-shake'[39m)[33m;[39m
    [90m289| [39m      [34mexpect[39m(events)[33m.[39m[34mtoContain[39m([32m'question-shown'[39m)[33m;[39m
    [90m290| [39m      [34mexpect[39m(events)[33m.[39m[34mtoContain[39m([32m'answer-submitted'[39m)[33m;[39m
    [90m   | [39m                     [31m^[39m
    [90m291| [39m      [34mexpect[39m(events)[33m.[39m[34mtoContain[39m([32m'sequence-end'[39m)[33m;[39m
    [90m292| [39m      [34mexpect[39m(events)[33m.[39m[34mtoContain[39m([32m'timer-reset'[39m)[33m;[39m

[31m[2m⎯⎯⎯⎯⎯⎯⎯⎯⎯⎯⎯⎯⎯⎯⎯⎯⎯⎯⎯⎯⎯⎯[67/96]⎯[22m[39m

[41m[1m FAIL [22m[49m src/renderer/scare/darkening.test.js[2m > [22mScreen Darkening Transition[2m > [22mClick 
Detection[2m > [22mshould hide dark overlay when clicked
[31m[1mTypeError[22m: Cannot set properties of null (setting 'fillStyle')[39m
[36m [2m❯[22m TunnelAnimation.drawTunnel src/renderer/scare/darkening.test.js:[2m60:30[22m[39m
    [90m 58| [39m        [32m'utf-8'[39m
    [90m 59| [39m      )[33m;[39m
    [90m 60| [39m      [35mconst[39m scriptFunction [33m=[39m [35mnew[39m 
window[33m.[39m[33mFunction[39m(scriptContent)[33m;[39m
    [90m   | [39m                             [31m^[39m
    [90m 61| [39m      scriptFunction[33m.[39m[34mcall[39m(window)[33m;[39m
    [90m 62| [39m    })[33m;[39m
[90m [2m❯[22m TunnelAnimation.start src/renderer/scare/darkening.test.js:[2m60:30[22m[39m
[90m [2m❯[22m transitionToTunnel src/renderer/scare/darkening.test.js:[2m60:30[22m[39m
[90m [2m❯[22m handleDarkOverlayClick src/renderer/scare/darkening.test.js:[2m60:30[22m[39m
[90m [2m❯[22m src/renderer/scare/darkening.test.js:[2m151:14[22m[39m

[31m[2m⎯⎯⎯⎯⎯⎯⎯⎯⎯⎯⎯⎯⎯⎯⎯⎯⎯⎯⎯⎯⎯⎯[68/96]⎯[22m[39m

[41m[1m FAIL [22m[49m src/renderer/scare/darkening.test.js[2m > [22mScreen Darkening Transition[2m > [22mClick 
Detection[2m > [22mshould transition to tunnel stage when clicked
[31m[1mTypeError[22m: Cannot set properties of null (setting 'fillStyle')[39m
[36m [2m❯[22m TunnelAnimation.drawTunnel src/renderer/scare/darkening.test.js:[2m60:30[22m[39m
    [90m 58| [39m        [32m'utf-8'[39m
    [90m 59| [39m      )[33m;[39m
    [90m 60| [39m      [35mconst[39m scriptFunction [33m=[39m [35mnew[39m 
window[33m.[39m[33mFunction[39m(scriptContent)[33m;[39m
    [90m   | [39m                             [31m^[39m
    [90m 61| [39m      scriptFunction[33m.[39m[34mcall[39m(window)[33m;[39m
    [90m 62| [39m    })[33m;[39m
[90m [2m❯[22m TunnelAnimation.start src/renderer/scare/darkening.test.js:[2m60:30[22m[39m
[90m [2m❯[22m transitionToTunnel src/renderer/scare/darkening.test.js:[2m60:30[22m[39m
[90m [2m❯[22m handleDarkOverlayClick src/renderer/scare/darkening.test.js:[2m60:30[22m[39m
[90m [2m❯[22m src/renderer/scare/darkening.test.js:[2m161:14[22m[39m

[31m[2m⎯⎯⎯⎯⎯⎯⎯⎯⎯⎯⎯⎯⎯⎯⎯⎯⎯⎯⎯⎯⎯⎯[69/96]⎯[22m[39m

[41m[1m FAIL [22m[49m src/renderer/scare/escape-key.test.js[2m > [22mESC Key Handling[2m > [22mESC Key Listener 
Setup[2m > [22mshould call cancelSequence when ESC key is pressed
[31m[1mAssertionError[22m: expected "cancelSequence" to be called at least once[39m
[36m [2m❯[22m src/renderer/scare/escape-key.test.js:[2m119:25[22m[39m
    [90m117| [39m
    [90m118| [39m      [90m// Verify cancelSequence was called[39m
    [90m119| [39m      [34mexpect[39m(cancelSpy)[33m.[39m[34mtoHaveBeenCalled[39m()[33m;[39m
    [90m   | [39m                        [31m^[39m
    [90m120| [39m    })[33m;[39m
    [90m121| [39m

[31m[2m⎯⎯⎯⎯⎯⎯⎯⎯⎯⎯⎯⎯⎯⎯⎯⎯⎯⎯⎯⎯⎯⎯[70/96]⎯[22m[39m

[41m[1m FAIL [22m[49m src/renderer/scare/escape-key.test.js[2m > [22mESC Key Handling[2m > [22mESC Key Listener 
Setup[2m > [22mshould call cancelSequence when ESC keyCode 27 is pressed
[31m[1mAssertionError[22m: expected "cancelSequence" to be called at least once[39m
[36m [2m❯[22m src/renderer/scare/escape-key.test.js:[2m135:25[22m[39m
    [90m133| [39m
    [90m134| [39m      [90m// Verify cancelSequence was called[39m
    [90m135| [39m      [34mexpect[39m(cancelSpy)[33m.[39m[34mtoHaveBeenCalled[39m()[33m;[39m
    [90m   | [39m                        [31m^[39m
    [90m136| [39m    })[33m;[39m
    [90m137| [39m

[31m[2m⎯⎯⎯⎯⎯⎯⎯⎯⎯⎯⎯⎯⎯⎯⎯⎯⎯⎯⎯⎯⎯⎯[71/96]⎯[22m[39m

[41m[1m FAIL [22m[49m src/renderer/scare/escape-key.test.js[2m > [22mESC Key Handling[2m > [22mCancellation 
During Shake Stage[2m > [22mshould cancel shake stage and notify main process
[31m[1mTypeError[22m: Cannot read properties of undefined (reading 'style')[39m
[90m [2m❯[22m startShake ../../../:[2m69:14[22m[39m
[36m [2m❯[22m src/renderer/scare/escape-key.test.js:[2m159:14[22m[39m
    [90m157| [39m    [34mit[39m([32m'should cancel shake stage and notify main process'[39m[33m,[39m () 
[33m=>[39m {
    [90m158| [39m      [90m// Start shake sequence[39m
    [90m159| [39m      window[33m.[39m[34mstartShake[39m()[33m;[39m
    [90m   | [39m             [31m^[39m
    [90m160| [39m
    [90m161| [39m      [90m// Verify shake is active[39m

[31m[2m⎯⎯⎯⎯⎯⎯⎯⎯⎯⎯⎯⎯⎯⎯⎯⎯⎯⎯⎯⎯⎯⎯[72/96]⎯[22m[39m

[41m[1m FAIL [22m[49m src/renderer/scare/escape-key.test.js[2m > [22mESC Key Handling[2m > [22mCancellation 
During Shake Stage[2m > [22mshould stop shake animation classes
[31m[1mTypeError[22m: Cannot read properties of undefined (reading 'style')[39m
[90m [2m❯[22m startShake ../../../:[2m69:14[22m[39m
[36m [2m❯[22m src/renderer/scare/escape-key.test.js:[2m181:14[22m[39m
    [90m179| [39m    [34mit[39m([32m'should stop shake animation classes'[39m[33m,[39m () [33m=>[39m {
    [90m180| [39m      [90m// Start shake sequence[39m
    [90m181| [39m      window[33m.[39m[34mstartShake[39m()[33m;[39m
    [90m   | [39m             [31m^[39m
    [90m182| [39m
    [90m183| [39m      [35mconst[39m shakeLayer [33m=[39m 
document[33m.[39m[34mgetElementById[39m([32m'shake-layer'[39m)[33m;[39m

[31m[2m⎯⎯⎯⎯⎯⎯⎯⎯⎯⎯⎯⎯⎯⎯⎯⎯⎯⎯⎯⎯⎯⎯[73/96]⎯[22m[39m

[41m[1m FAIL [22m[49m src/renderer/scare/escape-key.test.js[2m > [22mESC Key Handling[2m > [22mCancellation 
During Dark Stage[2m > [22mshould cancel dark stage and notify main process
[31m[1mTypeError[22m: Cannot read properties of undefined (reading 'style')[39m
[90m [2m❯[22m transitionToDarkening ../../../:[2m140:14[22m[39m
[36m [2m❯[22m src/renderer/scare/escape-key.test.js:[2m208:14[22m[39m
    [90m206| [39m    [34mit[39m([32m'should cancel dark stage and notify main process'[39m[33m,[39m () 
[33m=>[39m {
    [90m207| [39m      [90m// Transition to darkening stage[39m
    [90m208| [39m      window[33m.[39m[34mtransitionToDarkening[39m()[33m;[39m
    [90m   | [39m             [31m^[39m
    [90m209| [39m
    [90m210| [39m      [90m// Verify dark overlay is visible[39m

[31m[2m⎯⎯⎯⎯⎯⎯⎯⎯⎯⎯⎯⎯⎯⎯⎯⎯⎯⎯⎯⎯⎯⎯[74/96]⎯[22m[39m

[41m[1m FAIL [22m[49m src/renderer/scare/escape-key.test.js[2m > [22mESC Key Handling[2m > [22mCancellation 
During Dark Stage[2m > [22mshould remove click listener from dark overlay
[31m[1mTypeError[22m: Cannot read properties of undefined (reading 'style')[39m
[90m [2m❯[22m transitionToDarkening ../../../:[2m140:14[22m[39m
[36m [2m❯[22m src/renderer/scare/escape-key.test.js:[2m230:14[22m[39m
    [90m228| [39m    [34mit[39m([32m'should remove click listener from dark overlay'[39m[33m,[39m () [33m=>[39m 
{
    [90m229| [39m      [90m// Transition to darkening stage[39m
    [90m230| [39m      window[33m.[39m[34mtransitionToDarkening[39m()[33m;[39m
    [90m   | [39m             [31m^[39m
    [90m231| [39m
    [90m232| [39m      [35mconst[39m darkOverlay [33m=[39m 
document[33m.[39m[34mgetElementById[39m([32m'dark-overlay'[39m)[33m;[39m

[31m[2m⎯⎯⎯⎯⎯⎯⎯⎯⎯⎯⎯⎯⎯⎯⎯⎯⎯⎯⎯⎯⎯⎯[75/96]⎯[22m[39m

[41m[1m FAIL [22m[49m src/renderer/scare/escape-key.test.js[2m > [22mESC Key Handling[2m > [22mCancellation 
During Tunnel Stage[2m > [22mshould cancel tunnel animation and notify main process
[31m[1mTypeError[22m: Cannot read properties of undefined (reading 'style')[39m
[90m [2m❯[22m transitionToTunnel ../../../:[2m180:16[22m[39m
[36m [2m❯[22m src/renderer/scare/escape-key.test.js:[2m253:14[22m[39m
    [90m251| [39m    it('should cancel tunnel animation and notify main process', () =>…
    [90m252| [39m      [90m// Transition to tunnel stage[39m
    [90m253| [39m      window[33m.[39m[34mtransitionToTunnel[39m()[33m;[39m
    [90m   | [39m             [31m^[39m
    [90m254| [39m
    [90m255| [39m      [35mconst[39m tunnelCanvas [33m=[39m 
document[33m.[39m[34mgetElementById[39m([32m'tunnel-canvas'[39m)[33m;[39m

[31m[2m⎯⎯⎯⎯⎯⎯⎯⎯⎯⎯⎯⎯⎯⎯⎯⎯⎯⎯⎯⎯⎯⎯[76/96]⎯[22m[39m

[41m[1m FAIL [22m[49m src/renderer/scare/escape-key.test.js[2m > [22mESC Key Handling[2m > [22mCancellation 
During Tunnel Stage[2m > [22mshould stop tunnel animation
[31m[1mTypeError[22m: Cannot read properties of undefined (reading 'style')[39m
[90m [2m❯[22m transitionToTunnel ../../../:[2m180:16[22m[39m
[36m [2m❯[22m src/renderer/scare/escape-key.test.js:[2m274:14[22m[39m
    [90m272| [39m    [34mit[39m([32m'should stop tunnel animation'[39m[33m,[39m () [33m=>[39m {
    [90m273| [39m      [90m// Transition to tunnel stage[39m
    [90m274| [39m      window[33m.[39m[34mtransitionToTunnel[39m()[33m;[39m
    [90m   | [39m             [31m^[39m
    [90m275| [39m
    [90m276| [39m      [90m// Verify tunnel animation is running[39m

[31m[2m⎯⎯⎯⎯⎯⎯⎯⎯⎯⎯⎯⎯⎯⎯⎯⎯⎯⎯⎯⎯⎯⎯[77/96]⎯[22m[39m

[41m[1m FAIL [22m[49m src/renderer/scare/escape-key.test.js[2m > [22mESC Key Handling[2m > [22mCancellation 
During Jump Scare Stage[2m > [22mshould cancel jump scare and notify main process
[31m[1mTypeError[22m: Cannot read properties of undefined (reading 'isJumpScareActive')[39m
[36m [2m❯[22m src/renderer/scare/escape-key.test.js:[2m298:31[22m[39m
    [90m296| [39m
    [90m297| [39m      [90m// Verify jump scare is active[39m
    [90m298| [39m      [34mexpect[39m(window[33m.[39mjumpScare[33m.[39m[34misJumpScareActive[39m())[33m.[39m[
34mtoBe[39m([35mtrue[39m)[33m;[39m
    [90m   | [39m                              [31m^[39m
    [90m299| [39m
    [90m300| [39m      [90m// Press ESC[39m

[31m[2m⎯⎯⎯⎯⎯⎯⎯⎯⎯⎯⎯⎯⎯⎯⎯⎯⎯⎯⎯⎯⎯⎯[78/96]⎯[22m[39m

[41m[1m FAIL [22m[49m src/renderer/scare/escape-key.test.js[2m > [22mESC Key Handling[2m > [22mCancellation 
During Jump Scare Stage[2m > [22mshould hide jump scare layer
[31m[1mAssertionError[22m: expected '' to be 'flex' // Object.is equality[39m

[32m- Expected[39m
[31m+ Received[39m

[32m- flex[39m

[36m [2m❯[22m src/renderer/scare/escape-key.test.js:[2m319:44[22m[39m
    [90m317| [39m
    [90m318| [39m      const jumpscareLayer = document.getElementById('jumpscare-layer'…
    [90m319| [39m      
[34mexpect[39m(jumpscareLayer[33m.[39mstyle[33m.[39mdisplay)[33m.[39m[34mtoBe[39m([32m'flex'[39m)[33m;[39m
    [90m   | [39m                                           [31m^[39m
    [90m320| [39m
    [90m321| [39m      [90m// Press ESC[39m

[31m[2m⎯⎯⎯⎯⎯⎯⎯⎯⎯⎯⎯⎯⎯⎯⎯⎯⎯⎯⎯⎯⎯⎯[79/96]⎯[22m[39m

[41m[1m FAIL [22m[49m src/renderer/scare/escape-key.test.js[2m > [22mESC Key Handling[2m > [22mCancellation 
During Question Stage[2m > [22mshould cancel question display and notify main process
[31m[1mTypeError[22m: Cannot read properties of undefined (reading 'isJumpScareActive')[39m
[36m [2m❯[22m src/renderer/scare/escape-key.test.js:[2m347:31[22m[39m
    [90m345| [39m
    [90m346| [39m      [90m// Verify question is displayed[39m
    [90m347| [39m      [34mexpect[39m(window[33m.[39mjumpScare[33m.[39m[34misJumpScareActive[39m())[33m.[39m[
34mtoBe[39m([35mtrue[39m)[33m;[39m
    [90m   | [39m                              [31m^[39m
    [90m348| [39m
    [90m349| [39m      [90m// Press ESC[39m

[31m[2m⎯⎯⎯⎯⎯⎯⎯⎯⎯⎯⎯⎯⎯⎯⎯⎯⎯⎯⎯⎯⎯⎯[80/96]⎯[22m[39m

[41m[1m FAIL [22m[49m src/renderer/scare/escape-key.test.js[2m > [22mESC Key Handling[2m > [22mCancel Sequence 
Function[2m > [22mshould reset current stage to null
[31m[1mTypeError[22m: Cannot read properties of undefined (reading 'style')[39m
[90m [2m❯[22m startShake ../../../:[2m69:14[22m[39m
[36m [2m❯[22m src/renderer/scare/escape-key.test.js:[2m367:14[22m[39m
    [90m365| [39m    [34mit[39m([32m'should reset current stage to null'[39m[33m,[39m () [33m=>[39m {
    [90m366| [39m      [90m// Start shake[39m
    [90m367| [39m      window[33m.[39m[34mstartShake[39m()[33m;[39m
    [90m   | [39m             [31m^[39m
    [90m368| [39m
    [90m369| [39m      [90m// Cancel[39m

[31m[2m⎯⎯⎯⎯⎯⎯⎯⎯⎯⎯⎯⎯⎯⎯⎯⎯⎯⎯⎯⎯⎯⎯[81/96]⎯[22m[39m

[41m[1m FAIL [22m[49m src/renderer/scare/escape-key.test.js[2m > [22mESC Key Handling[2m > [22mIntegration with 
Main Process[2m > [22mshould trigger timer reset after cancellation
[31m[1mTypeError[22m: Cannot read properties of undefined (reading 'style')[39m
[90m [2m❯[22m startShake ../../../:[2m69:14[22m[39m
[36m [2m❯[22m src/renderer/scare/escape-key.test.js:[2m408:14[22m[39m
    [90m406| [39m
    [90m407| [39m      [90m// Start a sequence[39m
    [90m408| [39m      window[33m.[39m[34mstartShake[39m()[33m;[39m
    [90m   | [39m             [31m^[39m
    [90m409| [39m
    [90m410| [39m      [90m// Cancel[39m

[31m[2m⎯⎯⎯⎯⎯⎯⎯⎯⎯⎯⎯⎯⎯⎯⎯⎯⎯⎯⎯⎯⎯⎯[82/96]⎯[22m[39m

[41m[1m FAIL [22m[49m src/renderer/scare/jumpscare.test.js[2m > [22mJumpScare[2m > [22mAnswer Handling[2m > 
[22mshould auto-close after feedback
[31m[1mAssertionError[22m: expected "close" to be called at least once[39m
[36m [2m❯[22m src/renderer/scare/jumpscare.test.js:[2m294:24[22m[39m
    [90m292| [39m      [35mawait[39m [35mnew[39m [33mPromise[39m(resolve [33m=>[39m 
[34msetTimeout[39m(resolve[33m,[39m [34m3100[39m))[33m;[39m
    [90m293| [39m
    [90m294| [39m      [34mexpect[39m(closeSpy)[33m.[39m[34mtoHaveBeenCalled[39m()[33m;[39m
    [90m   | [39m                       [31m^[39m
    [90m295| [39m    })[33m;[39m
    [90m296| [39m  })[33m;[39m

[31m[2m⎯⎯⎯⎯⎯⎯⎯⎯⎯⎯⎯⎯⎯⎯⎯⎯⎯⎯⎯⎯⎯⎯[83/96]⎯[22m[39m

[41m[1m FAIL [22m[49m src/renderer/scare/jumpscare.test.js[2m > [22mJumpScare[2m > [22mClose Jump Scare[2m > 
[22mshould hide jumpscare layer
[31m[1mAssertionError[22m: expected 'flex' to be 'none' // Object.is equality[39m

Expected: [32m"none"[39m
Received: [31m"flex"[39m

[36m [2m❯[22m src/renderer/scare/jumpscare.test.js:[2m311:54[22m[39m
    [90m309| [39m      [35mawait[39m [35mnew[39m [33mPromise[39m(resolve [33m=>[39m 
[34msetTimeout[39m(resolve[33m,[39m [34m600[39m))[33m;[39m
    [90m310| [39m
    [90m311| [39m      [34mexpect[39m(jumpScare[33m.[39mjumpscareLayer[33m.[39mstyle[33m.[39mdisplay)[33m.[39m
[34mtoBe[39m([32m'none'[39m)[33m;[39m
    [90m   | [39m                                                     [31m^[39m
    [90m312| [39m      
[34mexpect[39m(jumpScare[33m.[39m[34misJumpScareActive[39m())[33m.[39m[34mtoBe[39m([35mfalse[39m)[33m;[39m
    [90m313| [39m    })[33m;[39m

[31m[2m⎯⎯⎯⎯⎯⎯⎯⎯⎯⎯⎯⎯⎯⎯⎯⎯⎯⎯⎯⎯⎯⎯[84/96]⎯[22m[39m

[41m[1m FAIL [22m[49m src/renderer/scare/jumpscare.test.js[2m > [22mJumpScare[2m > [22mClose Jump Scare[2m > 
[22mshould hide question container and feedback
[31m[1mAssertionError[22m: expected 'block' to be 'none' // Object.is equality[39m

Expected: [32m"none"[39m
Received: [31m"block"[39m

[36m [2m❯[22m src/renderer/scare/jumpscare.test.js:[2m330:57[22m[39m
    [90m328| [39m      [35mawait[39m [35mnew[39m [33mPromise[39m(resolve [33m=>[39m 
[34msetTimeout[39m(resolve[33m,[39m [34m600[39m))[33m;[39m
    [90m329| [39m
    [90m330| [39m      [34mexpect[39m(jumpScare[33m.[39mquestionContainer[33m.[39mstyle[33m.[39mdisplay)[33m.[
39m[34mtoBe[39m([32m'none'[39m)[33m;[39m
    [90m   | [39m                                                        [31m^[39m
    [90m331| [39m      [34mexpect[39m(jumpScare[33m.[39mfeedback[33m.[39mstyle[33m.[39mdisplay)[33m.[39m[34mt
oBe[39m([32m'none'[39m)[33m;[39m
    [90m332| [39m    })[33m;[39m

[31m[2m⎯⎯⎯⎯⎯⎯⎯⎯⎯⎯⎯⎯⎯⎯⎯⎯⎯⎯⎯⎯⎯⎯[85/96]⎯[22m[39m

[41m[1m FAIL [22m[49m src/renderer/scare/jumpscare.test.js[2m > [22mJumpScare[2m > [22mState Management[2m > 
[22mshould track active state
[31m[1mAssertionError[22m: expected true to be false // Object.is equality[39m

[32m- Expected[39m
[31m+ Received[39m

[32m- false[39m
[31m+ true[39m

[36m [2m❯[22m src/renderer/scare/jumpscare.test.js:[2m374:45[22m[39m
    [90m372| [39m      [35mawait[39m [35mnew[39m [33mPromise[39m(resolve [33m=>[39m 
[34msetTimeout[39m(resolve[33m,[39m [34m600[39m))[33m;[39m
    [90m373| [39m
    [90m374| [39m      
[34mexpect[39m(jumpScare[33m.[39m[34misJumpScareActive[39m())[33m.[39m[34mtoBe[39m([35mfalse[39m)[33m;[39m
    [90m   | [39m                                            [31m^[39m
    [90m375| [39m    })[33m;[39m
    [90m376| [39m  })[33m;[39m

[31m[2m⎯⎯⎯⎯⎯⎯⎯⎯⎯⎯⎯⎯⎯⎯⎯⎯⎯⎯⎯⎯⎯⎯[86/96]⎯[22m[39m

[41m[1m FAIL [22m[49m src/renderer/scare/tunnel.test.js[2m > [22mTunnel Animation[2m > [22mFirst Click - Forward 
Movement[2m > [22mshould animate forward movement for 2-3 seconds
[31m[1mAssertionError[22m: expected false to be true // Object.is equality[39m

[32m- Expected[39m
[31m+ Received[39m

[32m- true[39m
[31m+ false[39m

[36m [2m❯[22m src/renderer/scare/tunnel.test.js:[2m165:31[22m[39m
    [90m163| [39m      
    [90m164| [39m      
[34mexpect[39m(tunnel[33m.[39mdepth)[33m.[39m[34mtoBeGreaterThan[39m([34m0[39m)[33m;[39m
    [90m165| [39m      [34mexpect[39m(tunnel[33m.[39misPaused)[33m.[39m[34mtoBe[39m([35mtrue[39m)[33m;[39m
    [90m   | [39m                              [31m^[39m
    [90m166| [39m      
    [90m167| [39m      vi[33m.[39m[34museRealTimers[39m()[33m;[39m

[31m[2m⎯⎯⎯⎯⎯⎯⎯⎯⎯⎯⎯⎯⎯⎯⎯⎯⎯⎯⎯⎯⎯⎯[87/96]⎯[22m[39m

[41m[1m FAIL [22m[49m src/renderer/scare/tunnel.test.js[2m > [22mTunnel Animation[2m > [22mPause and Second 
Click[2m > [22mshould pause after first animation completes
[31m[1mAssertionError[22m: expected false to be true // Object.is equality[39m

[32m- Expected[39m
[31m+ Received[39m

[32m- true[39m
[31m+ false[39m

[36m [2m❯[22m src/renderer/scare/tunnel.test.js:[2m195:31[22m[39m
    [90m193| [39m      [35mawait[39m vi[33m.[39m[34madvanceTimersByTimeAsync[39m([34m2500[39m)[33m;[39m
    [90m194| [39m      
    [90m195| [39m      [34mexpect[39m(tunnel[33m.[39misPaused)[33m.[39m[34mtoBe[39m([35mtrue[39m)[33m;[39m
    [90m   | [39m                              [31m^[39m
    [90m196| [39m      
    [90m197| [39m      vi[33m.[39m[34museRealTimers[39m()[33m;[39m

[31m[2m⎯⎯⎯⎯⎯⎯⎯⎯⎯⎯⎯⎯⎯⎯⎯⎯⎯⎯⎯⎯⎯⎯[88/96]⎯[22m[39m

[41m[1m FAIL [22m[49m src/renderer/scare/tunnel.test.js[2m > [22mTunnel Animation[2m > [22mPause and Second 
Click[2m > [22mshould show click prompt when paused
[31m[1mAssertionError[22m: expected "vi.fn()" to be called at least once[39m
[36m [2m❯[22m src/renderer/scare/tunnel.test.js:[2m209:28[22m[39m
    [90m207| [39m      [35mawait[39m vi[33m.[39m[34madvanceTimersByTimeAsync[39m([34m2500[39m)[33m;[39m
    [90m208| [39m      
    [90m209| [39m      [34mexpect[39m(ctx[33m.[39mfillText)[33m.[39m[34mtoHaveBeenCalled[39m()[33m;[39m
    [90m   | [39m                           [31m^[39m
    [90m210| [39m      
    [90m211| [39m      vi[33m.[39m[34museRealTimers[39m()[33m;[39m

[31m[2m⎯⎯⎯⎯⎯⎯⎯⎯⎯⎯⎯⎯⎯⎯⎯⎯⎯⎯⎯⎯⎯⎯[89/96]⎯[22m[39m

[41m[1m FAIL [22m[49m src/renderer/scare/tunnel.test.js[2m > [22mTunnel Animation[2m > [22mPause and Second 
Click[2m > [22mshould continue animation on second click
[31m[1mAssertionError[22m: expected false to be true // Object.is equality[39m

[32m- Expected[39m
[31m+ Received[39m

[32m- true[39m
[31m+ false[39m

[36m [2m❯[22m src/renderer/scare/tunnel.test.js:[2m223:31[22m[39m
    [90m221| [39m      [35mawait[39m vi[33m.[39m[34madvanceTimersByTimeAsync[39m([34m2500[39m)[33m;[39m
    [90m222| [39m      
    [90m223| [39m      [34mexpect[39m(tunnel[33m.[39misPaused)[33m.[39m[34mtoBe[39m([35mtrue[39m)[33m;[39m
    [90m   | [39m                              [31m^[39m
    [90m224| [39m      
    [90m225| [39m      [90m// Second click[39m

[31m[2m⎯⎯⎯⎯⎯⎯⎯⎯⎯⎯⎯⎯⎯⎯⎯⎯⎯⎯⎯⎯⎯⎯[90/96]⎯[22m[39m

[41m[1m FAIL [22m[49m src/renderer/scare/tunnel.test.js[2m > [22mTunnel Animation[2m > [22mAnimation 
Completion[2m > [22mshould trigger jump scare after second animation completes
[31m[1mAssertionError[22m: expected "vi.fn()" to be called at least once[39m
[36m [2m❯[22m src/renderer/scare/tunnel.test.js:[2m296:29[22m[39m
    [90m294| [39m      [35mawait[39m vi[33m.[39m[34madvanceTimersByTimeAsync[39m([34m1500[39m)[33m;[39m
    [90m295| [39m      
    [90m296| [39m      [34mexpect[39m(onCompleteSpy)[33m.[39m[34mtoHaveBeenCalled[39m()[33m;[39m
    [90m   | [39m                            [31m^[39m
    [90m297| [39m      
[34mexpect[39m(tunnel[33m.[39misAnimating)[33m.[39m[34mtoBe[39m([35mfalse[39m)[33m;[39m
    [90m298| [39m      

[31m[2m⎯⎯⎯⎯⎯⎯⎯⎯⎯⎯⎯⎯⎯⎯⎯⎯⎯⎯⎯⎯⎯⎯[91/96]⎯[22m[39m

[41m[1m FAIL [22m[49m src/renderer/scare/tunnel.test.js[2m > [22mTunnel Animation[2m > [22mAnimation 
Completion[2m > [22mshould hide canvas when complete
[31m[1mAssertionError[22m: expected '' to be 'none' // Object.is equality[39m

[32m- Expected[39m
[31m+ Received[39m

[32m- none[39m

[36m [2m❯[22m src/renderer/scare/tunnel.test.js:[2m313:36[22m[39m
    [90m311| [39m      [35mawait[39m vi[33m.[39m[34madvanceTimersByTimeAsync[39m([34m1500[39m)[33m;[39m
    [90m312| [39m      
    [90m313| [39m      
[34mexpect[39m(canvas[33m.[39mstyle[33m.[39mdisplay)[33m.[39m[34mtoBe[39m([32m'none'[39m)[33m;[39m
    [90m   | [39m                                   [31m^[39m
    [90m314| [39m      
    [90m315| [39m      vi[33m.[39m[34museRealTimers[39m()[33m;[39m

[31m[2m⎯⎯⎯⎯⎯⎯⎯⎯⎯⎯⎯⎯⎯⎯⎯⎯⎯⎯⎯⎯⎯⎯[92/96]⎯[22m[39m

[41m[1m FAIL [22m[49m src/renderer/config/config-persistence.test.js[2m > [22mConfiguration Persistence 
Integration[2m > [22mshould persist document additions and removals
[31m[1mAssertionError[22m: expected [] to deeply equal [ '/path/to/doc1.pdf', …(1) ][39m

[32m- Expected[39m
[31m+ Received[39m

[32m- [[39m
[32m-   "/path/to/doc1.pdf",[39m
[32m-   "/path/to/doc2.docx",[39m
[32m- ][39m
[31m+ [][39m

[36m [2m❯[22m src/renderer/config/config-persistence.test.js:[2m102:47[22m[39m
    [90m100| [39m    [35mconst[39m newConfigManager [33m=[39m [35mnew[39m 
[33mConfigManager[39m(testConfigPath)[33m;[39m
    [90m101| [39m    [35mawait[39m newConfigManager[33m.[39m[34mload[39m()[33m;[39m
    [90m102| [39m    expect(newConfigManager.get('documents')).toEqual(['/path/to/doc1.…
    [90m   | [39m                                              [31m^[39m
    [90m103| [39m    
    [90m104| [39m    [90m// Remove a document[39m

[31m[2m⎯⎯⎯⎯⎯⎯⎯⎯⎯⎯⎯⎯⎯⎯⎯⎯⎯⎯⎯⎯⎯⎯[93/96]⎯[22m[39m

[41m[1m FAIL [22m[49m src/renderer/config/config-persistence.test.js[2m > [22mConfiguration Persistence 
Integration[2m > [22mshould maintain config integrity after multiple restarts
[31m[1mAssertionError[22m: expected 30 to be 45 // Object.is equality[39m

[32m- Expected[39m
[31m+ Received[39m

[32m- 45[39m
[31m+ 30[39m

[36m [2m❯[22m src/renderer/config/config-persistence.test.js:[2m123:38[22m[39m
    [90m121| [39m    [35mconst[39m session2 [33m=[39m [35mnew[39m 
[33mConfigManager[39m(testConfigPath)[33m;[39m
    [90m122| [39m    [35mawait[39m session2[33m.[39m[34mload[39m()[33m;[39m
    [90m123| [39m    
[34mexpect[39m(session2[33m.[39m[35mget[39m([32m'interval'[39m))[33m.[39m[34mtoBe[39m([34m45[39m)[33m;[39m
    [90m   | [39m                                     [31m^[39m
    [90m124| [39m    [35mawait[39m session2[33m.[39m[35mset[39m([32m'difficulty'[39m[33m,[39m 
[32m'easy'[39m)[33m;[39m
    [90m125| [39m    

[31m[2m⎯⎯⎯⎯⎯⎯⎯⎯⎯⎯⎯⎯⎯⎯⎯⎯⎯⎯⎯⎯⎯⎯[94/96]⎯[22m[39m

[41m[1m FAIL [22m[49m src/renderer/config/config-persistence.test.js[2m > [22mConfiguration Persistence 
Integration[2m > [22mshould preserve all config fields on partial updates
[31m[1mError[22m: Failed to load config: EPERM: operation not permitted, open 
'C:\dev\Kiloween\test-data\test-config.json'[39m
[36m [2m❯[22m ConfigManager.load src/main/ConfigManager.js:[2m81:13[22m[39m
    [90m 79| [39m        [35mreturn[39m [35mthis[39m[33m.[39mconfig[33m;[39m
    [90m 80| [39m      }
    [90m 81| [39m      [35mthrow[39m [35mnew[39m [33mError[39m([32m`Failed to load config: 
[39m[36m${[39merror[33m.[39mmessage[36m}[39m[32m`[39m)[33m;[39m
    [90m   | [39m            [31m^[39m
    [90m 82| [39m    }
    [90m 83| [39m  }
[90m [2m❯[22m src/renderer/config/config-persistence.test.js:[2m147:5[22m[39m

[31m[2m⎯⎯⎯⎯⎯⎯⎯⎯⎯⎯⎯⎯⎯⎯⎯⎯⎯⎯⎯⎯⎯⎯[95/96]⎯[22m[39m

[41m[1m FAIL [22m[49m src/renderer/config/config-persistence.test.js[2m > [22mConfiguration Persistence 
Integration[2m > [22mshould handle config file corruption gracefully
[31m[1mAssertionError[22m: promise resolved "{ version: '1.0.0', interval: 30, …(5) }" instead of rejecting[39m

[32m- Expected[39m
[31m+ Received[39m

[32m- Error {[39m
[32m-   "message": "rejected promise",[39m
[31m+ {[39m
[31m+   "audioEnabled": true,[39m
[31m+   "difficulty": "medium",[39m
[31m+   "documents": [],[39m
[31m+   "interval": 30,[39m
[31m+   "lastRun": "2025-11-18T01:18:58.123Z",[39m
[31m+   "theme": "halloween",[39m
[31m+   "version": "1.0.0",[39m
[2m  }[22m

[36m [2m❯[22m src/renderer/config/config-persistence.test.js:[2m210:42[22m[39m
    [90m208| [39m    
    [90m209| [39m    [90m// Expect load to throw[39m
    [90m210| [39m    [35mawait[39m 
[34mexpect[39m(newConfigManager[33m.[39m[34mload[39m())[33m.[39mrejects[33m.[39m[34mtoThrow[39m()[33m;[39m
    [90m   | [39m                                         [31m^[39m
    [90m211| [39m  })[33m;[39m
    [90m212| [39m

[31m[2m⎯⎯⎯⎯⎯⎯⎯⎯⎯⎯⎯⎯⎯⎯⎯⎯⎯⎯⎯⎯⎯⎯[96/96]⎯[22m[39m

[31m⎯⎯⎯⎯⎯⎯[39m[1m[41m Unhandled Errors [49m[22m[31m⎯⎯⎯⎯⎯⎯[39m
[31m[1m
Vitest caught 1 unhandled error during the test run.
This might cause false positive tests. Resolve unhandled errors to make sure your tests are not affected.[22m[39m

[31m⎯⎯⎯⎯[39m[1m[41m Unhandled Rejection [49m[22m[31m⎯⎯⎯⎯⎯[39m
[31m[1mError[22m: Scare window not available[39m
[36m [2m❯[22m ScareController.startSequence src/main/ScareController.js:[2m108:13[22m[39m
    [90m106| [39m
    [90m107| [39m    [35mif[39m ([33m![39m[35mthis[39m[33m.[39mscareWindow [33m||[39m 
[35mthis[39m[33m.[39mscareWindow[33m.[39m[34misDestroyed[39m()) {
    [90m108| [39m      [35mthrow[39m [35mnew[39m [33mError[39m([32m'Scare window not available'[39m)[33m;[39m
    [90m   | [39m            [31m^[39m
    [90m109| [39m    }
    [90m110| [39m
[90m [2m❯[22m src/main/EscapeKeyCancellation.integration.test.js:[2m310:23[22m[39m
[90m [2m❯[22m node_modules/@vitest/runner/dist/index.js:[2m157:11[22m[39m
[90m [2m❯[22m node_modules/@vitest/runner/dist/index.js:[2m753:26[22m[39m
[90m [2m❯[22m node_modules/@vitest/runner/dist/index.js:[2m1636:20[22m[39m
[90m [2m❯[22m runWithTimeout node_modules/@vitest/runner/dist/index.js:[2m1602:10[22m[39m
[90m [2m❯[22m runTest node_modules/@vitest/runner/dist/index.js:[2m1309:12[22m[39m
[90m [2m❯[22m runSuite node_modules/@vitest/runner/dist/index.js:[2m1468:8[22m[39m
[90m [2m❯[22m runSuite node_modules/@vitest/runner/dist/index.js:[2m1468:8[22m[39m
[90m [2m❯[22m runSuite node_modules/@vitest/runner/dist/index.js:[2m1468:8[22m[39m
[90m [2m❯[22m runFiles node_modules/@vitest/runner/dist/index.js:[2m1526:3[22m[39m
[90m [2m❯[22m startTests node_modules/@vitest/runner/dist/index.js:[2m1559:3[22m[39m
[90m [2m❯[22m run node_modules/vitest/dist/chunks/base.CiIV2DDC.js:[2m85:25[22m[39m
[90m [2m❯[22m runBaseTests node_modules/vitest/dist/chunks/base.CiIV2DDC.js:[2m153:2[22m[39m
[90m [2m❯[22m executeTests node_modules/vitest/dist/chunks/init-forks.aqTzCSR2.js:[2m29:4[22m[39m

[31mThis error originated in "[1msrc/main/EscapeKeyCancellation.integration.test.js[22m" test file. It doesn't mean 
the error was thrown inside the file itself, but while it was running.[39m
[31mThe latest test that might've caused the error is "[1mshould handle cancellation when no sequence is active[22m". 
It might mean one of the following:
- The error was thrown, while Vitest was running this test.
- If the error occurred after the test had been completed, this was the last documented test before it was thrown.[39m
[31m⎯⎯⎯⎯⎯⎯⎯⎯⎯⎯⎯⎯⎯⎯⎯⎯⎯⎯⎯⎯⎯⎯⎯⎯⎯⎯⎯⎯⎯⎯[39m


[2m Test Files [22m [1m[31m18 failed[39m[22m[2m | [22m[1m[32m23 passed[39m[22m[90m (41)[39m
[2m      Tests [22m [1m[31m95 failed[39m[22m[2m | [22m[1m[32m813 passed[39m[22m[90m (908)[39m
[2m     Errors [22m [1m[31m1 error[39m[22m
[2m   Start at [22m 02:18:57
[2m   Duration [22m 17.86s[2m (transform 3.20s, setup 0ms, collect 21.94s, tests 85.27s, environment 3.25s, prepare 1.31s)[22m

